[0.000000] (-) TimerEvent: {}
[0.000176] (msee22_description) JobQueued: {'identifier': 'msee22_description', 'dependencies': OrderedDict()}
[0.000209] (py_joint_pub) JobQueued: {'identifier': 'py_joint_pub', 'dependencies': OrderedDict()}
[0.000229] (table_description) JobQueued: {'identifier': 'table_description', 'dependencies': OrderedDict()}
[0.000246] (wall_description) JobQueued: {'identifier': 'wall_description', 'dependencies': OrderedDict()}
[0.000264] (msee22_description) JobStarted: {'identifier': 'msee22_description'}
[0.008372] (py_joint_pub) JobStarted: {'identifier': 'py_joint_pub'}
[0.017999] (table_description) JobStarted: {'identifier': 'table_description'}
[0.026432] (wall_description) JobStarted: {'identifier': 'wall_description'}
[0.097018] (-) TimerEvent: {}
[0.197259] (-) TimerEvent: {}
[0.297525] (-) TimerEvent: {}
[0.397792] (-) TimerEvent: {}
[0.498069] (-) TimerEvent: {}
[0.598305] (-) TimerEvent: {}
[0.698549] (-) TimerEvent: {}
[0.798814] (-) TimerEvent: {}
[0.899051] (-) TimerEvent: {}
[0.999280] (-) TimerEvent: {}
[1.099483] (-) TimerEvent: {}
[1.199659] (-) TimerEvent: {}
[1.299877] (-) TimerEvent: {}
[1.400127] (-) TimerEvent: {}
[1.500347] (-) TimerEvent: {}
[1.600594] (-) TimerEvent: {}
[1.657134] (msee22_description) Command: {'cmd': ['/usr/bin/python3', '-W', 'ignore:setup.py install is deprecated', '-W', 'ignore:easy_install command is deprecated', 'setup.py', 'develop', '--editable', '--build-directory', '/home/min/a/ecorream/ece569-fall2025/Lab4/build/msee22_description/build', '--no-deps', 'symlink_data'], 'cwd': '/home/min/a/ecorream/ece569-fall2025/Lab4/build/msee22_description', 'env': {'MODULEPATH_PACKAGE': '/package/modulefiles/ecn', 'PROFILEHOME': '', 'LMOD_DIR': '/usr/share/lmod/lmod/libexec', 'MAIL': '/var/spool/mail/ecorream', 'LANGUAGE': '', 'USER': 'ecorream', 'LMOD_PACKAGE_PATH': '/etc/lmod', 'LMOD_COLORIZE': 'yes', 'SSH_AGENT_PID': '3104171', 'XDG_SESSION_TYPE': 'x11', 'LMOD_PKG': '/usr/share/lmod/lmod', 'TLPROFILE': 'xfce', 'KONSOLE_VERSION': '211203', 'SHLVL': '1', 'LD_LIBRARY_PATH': '/opt/ros/humble/opt/rviz_ogre_vendor/lib:/opt/ros/humble/lib/x86_64-linux-gnu:/opt/ros/humble/lib:/opt/thinlinc/lib64:/opt/thinlinc/lib', 'HOME': '/home/min/a/ecorream', 'D_DISABLE_RT_SCREEN_SCALE': '1', 'DESKTOP_SESSION': 'xfce', 'ROS_PYTHON_VERSION': '3', 'SHELL_SESSION_ID': '5498f213d5384ae38bad38a73f0bc3b2', 'KONSOLE_DBUS_SESSION': '/Sessions/1', 'LC_CTYPE': 'C.UTF-8', 'PCSCTUN_SERVER': '127.0.0.1:5736', 'DBUS_SESSION_BUS_ADDRESS': 'unix:path=/run/user/933642/bus', 'COLORTERM': 'truecolor', 'LMOD_sys': 'Linux', 'KONSOLE_DBUS_WINDOW': '/Windows/1', 'ROS_DISTRO': 'humble', 'LOGNAME': 'ecorream', 'LMOD_AVAIL_STYLE': 'system:<grouped>', 'WINDOWID': '71303175', 'LMOD_VERSION': '6.6', 'SUMO_HOME': '/usr/share/sumo', 'PULSE_SERVER': '127.0.0.1:5735', 'TLPREFIX': '/opt/thinlinc', '_': '/bin/colcon', 'ROS_VERSION': '2', 'XDG_SESSION_CLASS': 'user', 'COLORFGBG': '15;0', 'USERNAME': 'ecorream', 'TERM': 'xterm-256color', 'XDG_SESSION_ID': '29456', 'ROS_LOCALHOST_ONLY': '0', 'PATH': '/opt/ros/humble/bin:/usr/NX/bin:/usr/local/bin:/bin:/usr/bin:/usr/local/sbin:/usr/sbin:/sbin:/usr/opt/bin:/usr/site/ece/bin:/opt/thinlinc/bin:/snap/bin:/home/min/a/ecorream/.dotnet/tools:.:/opt/thinlinc/sbin', 'SESSION_MANAGER': 'local/eceprog2.ecn.purdue.edu:@/tmp/.ICE-unix/3104034,unix/eceprog2.ecn.purdue.edu:/tmp/.ICE-unix/3104034', 'PCSCTUN_COOKIE': '/var/opt/thinlinc/sessions/ecorream/83/pcsctun-cookie', 'LMOD_PREPEND_BLOCK': 'normal', 'LMOD_FULL_SETTARG_SUPPORT': 'no', 'QT_SCALE_FACTOR_ROUNDING_POLICY': 'PassThrough', 'XDG_MENU_PREFIX': 'xfce-', 'XDG_RUNTIME_DIR': '/run/user/933642', 'DISPLAY': ':83.0', 'XDG_CURRENT_DESKTOP': 'XFCE', 'DOTNET_BUNDLE_EXTRACT_BASE_DIR': '/home/min/a/ecorream/.cache/dotnet_bundle_extract', 'XDG_SESSION_DESKTOP': 'xfce', 'XAUTHORITY': '/var/opt/thinlinc/sessions/ecorream/83/Xauthority', 'SSH_AUTH_SOCK': '/tmp/ssh-XXXXXXqyuYJi/agent.3104170', 'ROS_DOMAIN_ID': '40', 'PULSE_COOKIE': '/var/opt/thinlinc/sessions/ecorream/83/pulse-cookie', 'AMENT_PREFIX_PATH': '/opt/ros/humble', 'SHELL': '/bin/bash', 'KRB5CCNAME': '/var/opt/thinlinc/sessions/ecorream/83/krb5cc', 'MODULEPATH_ROOT': '/usr/modulefiles', 'MODULEPATH_LOCAL': '/etc/modulefiles', 'ROS_WS': '/home/min/a/ecorream/ece569-fall2025/Lab3/ws3', 'LMOD_CMD': '/usr/share/lmod/lmod/libexec/lmod', 'KONSOLE_DBUS_SERVICE': ':1.147', 'BASH_ENV': '/usr/share/lmod/lmod/init/bash', 'PWD': '/home/min/a/ecorream/ece569-fall2025/Lab4/build/msee22_description', 'TLSESSIONDATA': '/var/opt/thinlinc/sessions/ecorream/83', 'XDG_CONFIG_DIRS': '/etc/xdg', 'TOWN': 'Springfield', 'XDG_DATA_DIRS': '/usr/share/gnome:/usr/local/share:/usr/share:/var/lib/snapd/desktop:/usr/share', 'PYTHONPATH': '/home/min/a/ecorream/ece569-fall2025/Lab4/build/msee22_description/prefix_override:/usr/lib/python3/dist-packages/colcon_core/task/python/colcon_distutils_commands:/home/min/a/ecorream/ece569-fall2025/Lab4/install/msee22_description/lib/python3.10/site-packages:/opt/ros/humble/lib/python3.10/site-packages:/opt/ros/humble/local/lib/python3.10/dist-packages', 'LMOD_arch': 'x86_64', 'COLCON': '1', 'MANPATH': '/usr/share/lmod/lmod/share/man:::/opt/thinlinc/share/man', 'MODULEPATH': '/etc/lmod/modules:/usr/share/lmod/lmod/modulefiles/:/etc/modulefiles/pkg:/package/modulefiles/ecn/common:/package/modulefiles/ecn/ubuntu', 'MODULESHOME': '/usr/share/lmod/lmod', 'LMOD_SETTARG_CMD': ':'}, 'shell': False}
[1.669241] (table_description) Command: {'cmd': ['/usr/bin/python3', '-W', 'ignore:setup.py install is deprecated', '-W', 'ignore:easy_install command is deprecated', 'setup.py', 'develop', '--editable', '--build-directory', '/home/min/a/ecorream/ece569-fall2025/Lab4/build/table_description/build', '--no-deps', 'symlink_data'], 'cwd': '/home/min/a/ecorream/ece569-fall2025/Lab4/build/table_description', 'env': {'MODULEPATH_PACKAGE': '/package/modulefiles/ecn', 'PROFILEHOME': '', 'LMOD_DIR': '/usr/share/lmod/lmod/libexec', 'MAIL': '/var/spool/mail/ecorream', 'LANGUAGE': '', 'USER': 'ecorream', 'LMOD_PACKAGE_PATH': '/etc/lmod', 'LMOD_COLORIZE': 'yes', 'SSH_AGENT_PID': '3104171', 'XDG_SESSION_TYPE': 'x11', 'LMOD_PKG': '/usr/share/lmod/lmod', 'TLPROFILE': 'xfce', 'KONSOLE_VERSION': '211203', 'SHLVL': '1', 'LD_LIBRARY_PATH': '/opt/ros/humble/opt/rviz_ogre_vendor/lib:/opt/ros/humble/lib/x86_64-linux-gnu:/opt/ros/humble/lib:/opt/thinlinc/lib64:/opt/thinlinc/lib', 'HOME': '/home/min/a/ecorream', 'D_DISABLE_RT_SCREEN_SCALE': '1', 'DESKTOP_SESSION': 'xfce', 'ROS_PYTHON_VERSION': '3', 'SHELL_SESSION_ID': '5498f213d5384ae38bad38a73f0bc3b2', 'KONSOLE_DBUS_SESSION': '/Sessions/1', 'LC_CTYPE': 'C.UTF-8', 'PCSCTUN_SERVER': '127.0.0.1:5736', 'DBUS_SESSION_BUS_ADDRESS': 'unix:path=/run/user/933642/bus', 'COLORTERM': 'truecolor', 'LMOD_sys': 'Linux', 'KONSOLE_DBUS_WINDOW': '/Windows/1', 'ROS_DISTRO': 'humble', 'LOGNAME': 'ecorream', 'LMOD_AVAIL_STYLE': 'system:<grouped>', 'WINDOWID': '71303175', 'LMOD_VERSION': '6.6', 'SUMO_HOME': '/usr/share/sumo', 'PULSE_SERVER': '127.0.0.1:5735', 'TLPREFIX': '/opt/thinlinc', '_': '/bin/colcon', 'ROS_VERSION': '2', 'XDG_SESSION_CLASS': 'user', 'COLORFGBG': '15;0', 'USERNAME': 'ecorream', 'TERM': 'xterm-256color', 'XDG_SESSION_ID': '29456', 'ROS_LOCALHOST_ONLY': '0', 'PATH': '/opt/ros/humble/bin:/usr/NX/bin:/usr/local/bin:/bin:/usr/bin:/usr/local/sbin:/usr/sbin:/sbin:/usr/opt/bin:/usr/site/ece/bin:/opt/thinlinc/bin:/snap/bin:/home/min/a/ecorream/.dotnet/tools:.:/opt/thinlinc/sbin', 'SESSION_MANAGER': 'local/eceprog2.ecn.purdue.edu:@/tmp/.ICE-unix/3104034,unix/eceprog2.ecn.purdue.edu:/tmp/.ICE-unix/3104034', 'PCSCTUN_COOKIE': '/var/opt/thinlinc/sessions/ecorream/83/pcsctun-cookie', 'LMOD_PREPEND_BLOCK': 'normal', 'LMOD_FULL_SETTARG_SUPPORT': 'no', 'QT_SCALE_FACTOR_ROUNDING_POLICY': 'PassThrough', 'XDG_MENU_PREFIX': 'xfce-', 'XDG_RUNTIME_DIR': '/run/user/933642', 'DISPLAY': ':83.0', 'XDG_CURRENT_DESKTOP': 'XFCE', 'DOTNET_BUNDLE_EXTRACT_BASE_DIR': '/home/min/a/ecorream/.cache/dotnet_bundle_extract', 'XDG_SESSION_DESKTOP': 'xfce', 'XAUTHORITY': '/var/opt/thinlinc/sessions/ecorream/83/Xauthority', 'SSH_AUTH_SOCK': '/tmp/ssh-XXXXXXqyuYJi/agent.3104170', 'ROS_DOMAIN_ID': '40', 'PULSE_COOKIE': '/var/opt/thinlinc/sessions/ecorream/83/pulse-cookie', 'AMENT_PREFIX_PATH': '/opt/ros/humble', 'SHELL': '/bin/bash', 'KRB5CCNAME': '/var/opt/thinlinc/sessions/ecorream/83/krb5cc', 'MODULEPATH_ROOT': '/usr/modulefiles', 'MODULEPATH_LOCAL': '/etc/modulefiles', 'ROS_WS': '/home/min/a/ecorream/ece569-fall2025/Lab3/ws3', 'LMOD_CMD': '/usr/share/lmod/lmod/libexec/lmod', 'KONSOLE_DBUS_SERVICE': ':1.147', 'BASH_ENV': '/usr/share/lmod/lmod/init/bash', 'PWD': '/home/min/a/ecorream/ece569-fall2025/Lab4/build/table_description', 'TLSESSIONDATA': '/var/opt/thinlinc/sessions/ecorream/83', 'XDG_CONFIG_DIRS': '/etc/xdg', 'TOWN': 'Springfield', 'XDG_DATA_DIRS': '/usr/share/gnome:/usr/local/share:/usr/share:/var/lib/snapd/desktop:/usr/share', 'PYTHONPATH': '/home/min/a/ecorream/ece569-fall2025/Lab4/build/table_description/prefix_override:/usr/lib/python3/dist-packages/colcon_core/task/python/colcon_distutils_commands:/home/min/a/ecorream/ece569-fall2025/Lab4/install/table_description/lib/python3.10/site-packages:/opt/ros/humble/lib/python3.10/site-packages:/opt/ros/humble/local/lib/python3.10/dist-packages', 'LMOD_arch': 'x86_64', 'COLCON': '1', 'MANPATH': '/usr/share/lmod/lmod/share/man:::/opt/thinlinc/share/man', 'MODULEPATH': '/etc/lmod/modules:/usr/share/lmod/lmod/modulefiles/:/etc/modulefiles/pkg:/package/modulefiles/ecn/common:/package/modulefiles/ecn/ubuntu', 'MODULESHOME': '/usr/share/lmod/lmod', 'LMOD_SETTARG_CMD': ':'}, 'shell': False}
[1.685815] (wall_description) Command: {'cmd': ['/usr/bin/python3', '-W', 'ignore:setup.py install is deprecated', '-W', 'ignore:easy_install command is deprecated', 'setup.py', 'develop', '--editable', '--build-directory', '/home/min/a/ecorream/ece569-fall2025/Lab4/build/wall_description/build', '--no-deps', 'symlink_data'], 'cwd': '/home/min/a/ecorream/ece569-fall2025/Lab4/build/wall_description', 'env': {'MODULEPATH_PACKAGE': '/package/modulefiles/ecn', 'PROFILEHOME': '', 'LMOD_DIR': '/usr/share/lmod/lmod/libexec', 'MAIL': '/var/spool/mail/ecorream', 'LANGUAGE': '', 'USER': 'ecorream', 'LMOD_PACKAGE_PATH': '/etc/lmod', 'LMOD_COLORIZE': 'yes', 'SSH_AGENT_PID': '3104171', 'XDG_SESSION_TYPE': 'x11', 'LMOD_PKG': '/usr/share/lmod/lmod', 'TLPROFILE': 'xfce', 'KONSOLE_VERSION': '211203', 'SHLVL': '1', 'LD_LIBRARY_PATH': '/opt/ros/humble/opt/rviz_ogre_vendor/lib:/opt/ros/humble/lib/x86_64-linux-gnu:/opt/ros/humble/lib:/opt/thinlinc/lib64:/opt/thinlinc/lib', 'HOME': '/home/min/a/ecorream', 'D_DISABLE_RT_SCREEN_SCALE': '1', 'DESKTOP_SESSION': 'xfce', 'ROS_PYTHON_VERSION': '3', 'SHELL_SESSION_ID': '5498f213d5384ae38bad38a73f0bc3b2', 'KONSOLE_DBUS_SESSION': '/Sessions/1', 'LC_CTYPE': 'C.UTF-8', 'PCSCTUN_SERVER': '127.0.0.1:5736', 'DBUS_SESSION_BUS_ADDRESS': 'unix:path=/run/user/933642/bus', 'COLORTERM': 'truecolor', 'LMOD_sys': 'Linux', 'KONSOLE_DBUS_WINDOW': '/Windows/1', 'ROS_DISTRO': 'humble', 'LOGNAME': 'ecorream', 'LMOD_AVAIL_STYLE': 'system:<grouped>', 'WINDOWID': '71303175', 'LMOD_VERSION': '6.6', 'SUMO_HOME': '/usr/share/sumo', 'PULSE_SERVER': '127.0.0.1:5735', 'TLPREFIX': '/opt/thinlinc', '_': '/bin/colcon', 'ROS_VERSION': '2', 'XDG_SESSION_CLASS': 'user', 'COLORFGBG': '15;0', 'USERNAME': 'ecorream', 'TERM': 'xterm-256color', 'XDG_SESSION_ID': '29456', 'ROS_LOCALHOST_ONLY': '0', 'PATH': '/opt/ros/humble/bin:/usr/NX/bin:/usr/local/bin:/bin:/usr/bin:/usr/local/sbin:/usr/sbin:/sbin:/usr/opt/bin:/usr/site/ece/bin:/opt/thinlinc/bin:/snap/bin:/home/min/a/ecorream/.dotnet/tools:.:/opt/thinlinc/sbin', 'SESSION_MANAGER': 'local/eceprog2.ecn.purdue.edu:@/tmp/.ICE-unix/3104034,unix/eceprog2.ecn.purdue.edu:/tmp/.ICE-unix/3104034', 'PCSCTUN_COOKIE': '/var/opt/thinlinc/sessions/ecorream/83/pcsctun-cookie', 'LMOD_PREPEND_BLOCK': 'normal', 'LMOD_FULL_SETTARG_SUPPORT': 'no', 'QT_SCALE_FACTOR_ROUNDING_POLICY': 'PassThrough', 'XDG_MENU_PREFIX': 'xfce-', 'XDG_RUNTIME_DIR': '/run/user/933642', 'DISPLAY': ':83.0', 'XDG_CURRENT_DESKTOP': 'XFCE', 'DOTNET_BUNDLE_EXTRACT_BASE_DIR': '/home/min/a/ecorream/.cache/dotnet_bundle_extract', 'XDG_SESSION_DESKTOP': 'xfce', 'XAUTHORITY': '/var/opt/thinlinc/sessions/ecorream/83/Xauthority', 'SSH_AUTH_SOCK': '/tmp/ssh-XXXXXXqyuYJi/agent.3104170', 'ROS_DOMAIN_ID': '40', 'PULSE_COOKIE': '/var/opt/thinlinc/sessions/ecorream/83/pulse-cookie', 'AMENT_PREFIX_PATH': '/opt/ros/humble', 'SHELL': '/bin/bash', 'KRB5CCNAME': '/var/opt/thinlinc/sessions/ecorream/83/krb5cc', 'MODULEPATH_ROOT': '/usr/modulefiles', 'MODULEPATH_LOCAL': '/etc/modulefiles', 'ROS_WS': '/home/min/a/ecorream/ece569-fall2025/Lab3/ws3', 'LMOD_CMD': '/usr/share/lmod/lmod/libexec/lmod', 'KONSOLE_DBUS_SERVICE': ':1.147', 'BASH_ENV': '/usr/share/lmod/lmod/init/bash', 'PWD': '/home/min/a/ecorream/ece569-fall2025/Lab4/build/wall_description', 'TLSESSIONDATA': '/var/opt/thinlinc/sessions/ecorream/83', 'XDG_CONFIG_DIRS': '/etc/xdg', 'TOWN': 'Springfield', 'XDG_DATA_DIRS': '/usr/share/gnome:/usr/local/share:/usr/share:/var/lib/snapd/desktop:/usr/share', 'PYTHONPATH': '/home/min/a/ecorream/ece569-fall2025/Lab4/build/wall_description/prefix_override:/usr/lib/python3/dist-packages/colcon_core/task/python/colcon_distutils_commands:/home/min/a/ecorream/ece569-fall2025/Lab4/install/wall_description/lib/python3.10/site-packages:/opt/ros/humble/lib/python3.10/site-packages:/opt/ros/humble/local/lib/python3.10/dist-packages', 'LMOD_arch': 'x86_64', 'COLCON': '1', 'MANPATH': '/usr/share/lmod/lmod/share/man:::/opt/thinlinc/share/man', 'MODULEPATH': '/etc/lmod/modules:/usr/share/lmod/lmod/modulefiles/:/etc/modulefiles/pkg:/package/modulefiles/ecn/common:/package/modulefiles/ecn/ubuntu', 'MODULESHOME': '/usr/share/lmod/lmod', 'LMOD_SETTARG_CMD': ':'}, 'shell': False}
[1.691466] (py_joint_pub) Command: {'cmd': ['/usr/bin/python3', '-W', 'ignore:setup.py install is deprecated', '-W', 'ignore:easy_install command is deprecated', 'setup.py', 'develop', '--editable', '--build-directory', '/home/min/a/ecorream/ece569-fall2025/Lab4/build/py_joint_pub/build', '--no-deps', 'symlink_data'], 'cwd': '/home/min/a/ecorream/ece569-fall2025/Lab4/build/py_joint_pub', 'env': {'MODULEPATH_PACKAGE': '/package/modulefiles/ecn', 'PROFILEHOME': '', 'LMOD_DIR': '/usr/share/lmod/lmod/libexec', 'MAIL': '/var/spool/mail/ecorream', 'LANGUAGE': '', 'USER': 'ecorream', 'LMOD_PACKAGE_PATH': '/etc/lmod', 'LMOD_COLORIZE': 'yes', 'SSH_AGENT_PID': '3104171', 'XDG_SESSION_TYPE': 'x11', 'LMOD_PKG': '/usr/share/lmod/lmod', 'TLPROFILE': 'xfce', 'KONSOLE_VERSION': '211203', 'SHLVL': '1', 'LD_LIBRARY_PATH': '/opt/ros/humble/opt/rviz_ogre_vendor/lib:/opt/ros/humble/lib/x86_64-linux-gnu:/opt/ros/humble/lib:/opt/thinlinc/lib64:/opt/thinlinc/lib', 'HOME': '/home/min/a/ecorream', 'D_DISABLE_RT_SCREEN_SCALE': '1', 'DESKTOP_SESSION': 'xfce', 'ROS_PYTHON_VERSION': '3', 'SHELL_SESSION_ID': '5498f213d5384ae38bad38a73f0bc3b2', 'KONSOLE_DBUS_SESSION': '/Sessions/1', 'LC_CTYPE': 'C.UTF-8', 'PCSCTUN_SERVER': '127.0.0.1:5736', 'DBUS_SESSION_BUS_ADDRESS': 'unix:path=/run/user/933642/bus', 'COLORTERM': 'truecolor', 'LMOD_sys': 'Linux', 'KONSOLE_DBUS_WINDOW': '/Windows/1', 'ROS_DISTRO': 'humble', 'LOGNAME': 'ecorream', 'LMOD_AVAIL_STYLE': 'system:<grouped>', 'WINDOWID': '71303175', 'LMOD_VERSION': '6.6', 'SUMO_HOME': '/usr/share/sumo', 'PULSE_SERVER': '127.0.0.1:5735', 'TLPREFIX': '/opt/thinlinc', '_': '/bin/colcon', 'ROS_VERSION': '2', 'XDG_SESSION_CLASS': 'user', 'COLORFGBG': '15;0', 'USERNAME': 'ecorream', 'TERM': 'xterm-256color', 'XDG_SESSION_ID': '29456', 'ROS_LOCALHOST_ONLY': '0', 'PATH': '/opt/ros/humble/bin:/usr/NX/bin:/usr/local/bin:/bin:/usr/bin:/usr/local/sbin:/usr/sbin:/sbin:/usr/opt/bin:/usr/site/ece/bin:/opt/thinlinc/bin:/snap/bin:/home/min/a/ecorream/.dotnet/tools:.:/opt/thinlinc/sbin', 'SESSION_MANAGER': 'local/eceprog2.ecn.purdue.edu:@/tmp/.ICE-unix/3104034,unix/eceprog2.ecn.purdue.edu:/tmp/.ICE-unix/3104034', 'PCSCTUN_COOKIE': '/var/opt/thinlinc/sessions/ecorream/83/pcsctun-cookie', 'LMOD_PREPEND_BLOCK': 'normal', 'LMOD_FULL_SETTARG_SUPPORT': 'no', 'QT_SCALE_FACTOR_ROUNDING_POLICY': 'PassThrough', 'XDG_MENU_PREFIX': 'xfce-', 'XDG_RUNTIME_DIR': '/run/user/933642', 'DISPLAY': ':83.0', 'XDG_CURRENT_DESKTOP': 'XFCE', 'DOTNET_BUNDLE_EXTRACT_BASE_DIR': '/home/min/a/ecorream/.cache/dotnet_bundle_extract', 'XDG_SESSION_DESKTOP': 'xfce', 'XAUTHORITY': '/var/opt/thinlinc/sessions/ecorream/83/Xauthority', 'SSH_AUTH_SOCK': '/tmp/ssh-XXXXXXqyuYJi/agent.3104170', 'ROS_DOMAIN_ID': '40', 'PULSE_COOKIE': '/var/opt/thinlinc/sessions/ecorream/83/pulse-cookie', 'AMENT_PREFIX_PATH': '/opt/ros/humble', 'SHELL': '/bin/bash', 'KRB5CCNAME': '/var/opt/thinlinc/sessions/ecorream/83/krb5cc', 'MODULEPATH_ROOT': '/usr/modulefiles', 'MODULEPATH_LOCAL': '/etc/modulefiles', 'ROS_WS': '/home/min/a/ecorream/ece569-fall2025/Lab3/ws3', 'LMOD_CMD': '/usr/share/lmod/lmod/libexec/lmod', 'KONSOLE_DBUS_SERVICE': ':1.147', 'BASH_ENV': '/usr/share/lmod/lmod/init/bash', 'PWD': '/home/min/a/ecorream/ece569-fall2025/Lab4/build/py_joint_pub', 'TLSESSIONDATA': '/var/opt/thinlinc/sessions/ecorream/83', 'XDG_CONFIG_DIRS': '/etc/xdg', 'TOWN': 'Springfield', 'XDG_DATA_DIRS': '/usr/share/gnome:/usr/local/share:/usr/share:/var/lib/snapd/desktop:/usr/share', 'PYTHONPATH': '/home/min/a/ecorream/ece569-fall2025/Lab4/build/py_joint_pub/prefix_override:/usr/lib/python3/dist-packages/colcon_core/task/python/colcon_distutils_commands:/home/min/a/ecorream/ece569-fall2025/Lab4/install/py_joint_pub/lib/python3.10/site-packages:/opt/ros/humble/lib/python3.10/site-packages:/opt/ros/humble/local/lib/python3.10/dist-packages', 'LMOD_arch': 'x86_64', 'COLCON': '1', 'MANPATH': '/usr/share/lmod/lmod/share/man:::/opt/thinlinc/share/man', 'MODULEPATH': '/etc/lmod/modules:/usr/share/lmod/lmod/modulefiles/:/etc/modulefiles/pkg:/package/modulefiles/ecn/common:/package/modulefiles/ecn/ubuntu', 'MODULESHOME': '/usr/share/lmod/lmod', 'LMOD_SETTARG_CMD': ':'}, 'shell': False}
[1.701348] (-) TimerEvent: {}
[1.801560] (-) TimerEvent: {}
[1.901802] (-) TimerEvent: {}
[1.948799] (msee22_description) StdoutLine: {'line': b'running develop\n'}
[1.957535] (table_description) StdoutLine: {'line': b'running develop\n'}
[1.965900] (wall_description) StdoutLine: {'line': b'running develop\n'}
[1.965993] (py_joint_pub) StdoutLine: {'line': b'running develop\n'}
[2.001865] (-) TimerEvent: {}
[2.102053] (-) TimerEvent: {}
[2.198741] (msee22_description) StdoutLine: {'line': b'running egg_info\n'}
[2.199019] (msee22_description) StdoutLine: {'line': b'writing msee22_description.egg-info/PKG-INFO\n'}
[2.199381] (table_description) StdoutLine: {'line': b'running egg_info\n'}
[2.199793] (table_description) StdoutLine: {'line': b'writing table_description.egg-info/PKG-INFO\n'}
[2.200199] (msee22_description) StdoutLine: {'line': b'writing dependency_links to msee22_description.egg-info/dependency_links.txt\n'}
[2.200834] (table_description) StdoutLine: {'line': b'writing dependency_links to table_description.egg-info/dependency_links.txt\n'}
[2.201028] (msee22_description) StdoutLine: {'line': b'writing entry points to msee22_description.egg-info/entry_points.txt\n'}
[2.201696] (table_description) StdoutLine: {'line': b'writing entry points to table_description.egg-info/entry_points.txt\n'}
[2.201894] (msee22_description) StdoutLine: {'line': b'writing requirements to msee22_description.egg-info/requires.txt\n'}
[2.202108] (-) TimerEvent: {}
[2.202446] (table_description) StdoutLine: {'line': b'writing requirements to table_description.egg-info/requires.txt\n'}
[2.202762] (msee22_description) StdoutLine: {'line': b'writing top-level names to msee22_description.egg-info/top_level.txt\n'}
[2.203475] (table_description) StdoutLine: {'line': b'writing top-level names to table_description.egg-info/top_level.txt\n'}
[2.206607] (msee22_description) StdoutLine: {'line': b"reading manifest file 'msee22_description.egg-info/SOURCES.txt'\n"}
[2.207616] (table_description) StdoutLine: {'line': b"reading manifest file 'table_description.egg-info/SOURCES.txt'\n"}
[2.208330] (msee22_description) StdoutLine: {'line': b"writing manifest file 'msee22_description.egg-info/SOURCES.txt'\n"}
[2.209359] (table_description) StdoutLine: {'line': b"writing manifest file 'table_description.egg-info/SOURCES.txt'\n"}
[2.209655] (py_joint_pub) StdoutLine: {'line': b'running egg_info\n'}
[2.209920] (msee22_description) StdoutLine: {'line': b'running build_ext\n'}
[2.210017] (py_joint_pub) StdoutLine: {'line': b'writing py_joint_pub.egg-info/PKG-INFO\n'}
[2.210119] (msee22_description) StdoutLine: {'line': b'Creating /home/min/a/ecorream/ece569-fall2025/Lab4/install/msee22_description/lib/python3.10/site-packages/msee22-description.egg-link (link to .)\n'}
[2.211042] (table_description) StdoutLine: {'line': b'running build_ext\n'}
[2.211139] (py_joint_pub) StdoutLine: {'line': b'writing dependency_links to py_joint_pub.egg-info/dependency_links.txt\n'}
[2.211228] (table_description) StdoutLine: {'line': b'Creating /home/min/a/ecorream/ece569-fall2025/Lab4/install/table_description/lib/python3.10/site-packages/table-description.egg-link (link to .)\n'}
[2.211887] (py_joint_pub) StdoutLine: {'line': b'writing entry points to py_joint_pub.egg-info/entry_points.txt\n'}
[2.212701] (msee22_description) StdoutLine: {'line': b'\n'}
[2.212769] (msee22_description) StdoutLine: {'line': b'Installed /home/min/a/ecorream/ece569-fall2025/Lab4/build/msee22_description\n'}
[2.212862] (py_joint_pub) StdoutLine: {'line': b'writing requirements to py_joint_pub.egg-info/requires.txt\n'}
[2.213104] (msee22_description) StdoutLine: {'line': b'running symlink_data\n'}
[2.213563] (wall_description) StdoutLine: {'line': b'running egg_info\n'}
[2.213661] (py_joint_pub) StdoutLine: {'line': b'writing top-level names to py_joint_pub.egg-info/top_level.txt\n'}
[2.214101] (wall_description) StdoutLine: {'line': b'writing wall_description.egg-info/PKG-INFO\n'}
[2.214317] (table_description) StdoutLine: {'line': b'\n'}
[2.214371] (table_description) StdoutLine: {'line': b'Installed /home/min/a/ecorream/ece569-fall2025/Lab4/build/table_description\n'}
[2.214714] (table_description) StdoutLine: {'line': b'running symlink_data\n'}
[2.215131] (wall_description) StdoutLine: {'line': b'writing dependency_links to wall_description.egg-info/dependency_links.txt\n'}
[2.215901] (wall_description) StdoutLine: {'line': b'writing entry points to wall_description.egg-info/entry_points.txt\n'}
[2.216717] (wall_description) StdoutLine: {'line': b'writing requirements to wall_description.egg-info/requires.txt\n'}
[2.217583] (wall_description) StdoutLine: {'line': b'writing top-level names to wall_description.egg-info/top_level.txt\n'}
[2.218554] (py_joint_pub) StdoutLine: {'line': b"reading manifest file 'py_joint_pub.egg-info/SOURCES.txt'\n"}
[2.220315] (py_joint_pub) StdoutLine: {'line': b"writing manifest file 'py_joint_pub.egg-info/SOURCES.txt'\n"}
[2.221824] (wall_description) StdoutLine: {'line': b"reading manifest file 'wall_description.egg-info/SOURCES.txt'\n"}
[2.222158] (py_joint_pub) StdoutLine: {'line': b'running build_ext\n'}
[2.222305] (py_joint_pub) StdoutLine: {'line': b'Creating /home/min/a/ecorream/ece569-fall2025/Lab4/install/py_joint_pub/lib/python3.10/site-packages/py-joint-pub.egg-link (link to .)\n'}
[2.223420] (wall_description) StdoutLine: {'line': b"writing manifest file 'wall_description.egg-info/SOURCES.txt'\n"}
[2.224754] (py_joint_pub) StdoutLine: {'line': b'Installing csv script to /home/min/a/ecorream/ece569-fall2025/Lab4/install/py_joint_pub/lib/py_joint_pub\n'}
[2.225079] (wall_description) StdoutLine: {'line': b'running build_ext\n'}
[2.225224] (wall_description) StdoutLine: {'line': b'Creating /home/min/a/ecorream/ece569-fall2025/Lab4/install/wall_description/lib/python3.10/site-packages/wall-description.egg-link (link to .)\n'}
[2.228227] (wall_description) StdoutLine: {'line': b'\n'}
[2.228296] (wall_description) StdoutLine: {'line': b'Installed /home/min/a/ecorream/ece569-fall2025/Lab4/build/wall_description\n'}
[2.228557] (wall_description) StdoutLine: {'line': b'running symlink_data\n'}
[2.229453] (py_joint_pub) StdoutLine: {'line': b'\n'}
[2.229507] (py_joint_pub) StdoutLine: {'line': b'Installed /home/min/a/ecorream/ece569-fall2025/Lab4/build/py_joint_pub\n'}
[2.229855] (py_joint_pub) StdoutLine: {'line': b'running symlink_data\n'}
[2.239425] (msee22_description) CommandEnded: {'returncode': 0}
[2.266214] (msee22_description) JobEnded: {'identifier': 'msee22_description', 'rc': 0}
[2.269573] (table_description) CommandEnded: {'returncode': 0}
[2.288110] (table_description) JobEnded: {'identifier': 'table_description', 'rc': 0}
[2.290572] (wall_description) CommandEnded: {'returncode': 0}
[2.302186] (-) TimerEvent: {}
[2.308225] (wall_description) JobEnded: {'identifier': 'wall_description', 'rc': 0}
[2.311031] (py_joint_pub) CommandEnded: {'returncode': 0}
[2.329081] (py_joint_pub) JobEnded: {'identifier': 'py_joint_pub', 'rc': 0}
[2.331507] (-) EventReactorShutdown: {}
