[0.000000] (-) TimerEvent: {}
[0.000185] (msee22_description) JobQueued: {'identifier': 'msee22_description', 'dependencies': OrderedDict()}
[0.000224] (py_joint_pub) JobQueued: {'identifier': 'py_joint_pub', 'dependencies': OrderedDict()}
[0.000247] (table_description) JobQueued: {'identifier': 'table_description', 'dependencies': OrderedDict()}
[0.000266] (wall_description) JobQueued: {'identifier': 'wall_description', 'dependencies': OrderedDict()}
[0.000285] (msee22_description) JobStarted: {'identifier': 'msee22_description'}
[0.024701] (py_joint_pub) JobStarted: {'identifier': 'py_joint_pub'}
[0.039257] (table_description) JobStarted: {'identifier': 'table_description'}
[0.057311] (wall_description) JobStarted: {'identifier': 'wall_description'}
[0.096800] (-) TimerEvent: {}
[0.196997] (-) TimerEvent: {}
[0.297171] (-) TimerEvent: {}
[0.397369] (-) TimerEvent: {}
[0.497589] (-) TimerEvent: {}
[0.597805] (-) TimerEvent: {}
[0.698009] (-) TimerEvent: {}
[0.798189] (-) TimerEvent: {}
[0.898360] (-) TimerEvent: {}
[0.998536] (-) TimerEvent: {}
[1.098804] (-) TimerEvent: {}
[1.199066] (-) TimerEvent: {}
[1.299279] (-) TimerEvent: {}
[1.399545] (-) TimerEvent: {}
[1.499849] (-) TimerEvent: {}
[1.600115] (-) TimerEvent: {}
[1.700375] (-) TimerEvent: {}
[1.779348] (table_description) Command: {'cmd': ['/usr/bin/python3', '-W', 'ignore:setup.py install is deprecated', '-W', 'ignore:easy_install command is deprecated', 'setup.py', 'develop', '--editable', '--build-directory', '/home/min/a/ecorream/ece569-fall2025/Lab4/build/table_description/build', '--no-deps', 'symlink_data'], 'cwd': '/home/min/a/ecorream/ece569-fall2025/Lab4/build/table_description', 'env': {'MODULEPATH_PACKAGE': '/package/modulefiles/ecn', 'PROFILEHOME': '', 'LMOD_DIR': '/usr/share/lmod/lmod/libexec', 'MAIL': '/var/spool/mail/ecorream', 'LANGUAGE': '', 'USER': 'ecorream', 'LMOD_PACKAGE_PATH': '/etc/lmod', 'LMOD_COLORIZE': 'yes', 'SSH_AGENT_PID': '3104171', 'XDG_SESSION_TYPE': 'x11', 'LMOD_PKG': '/usr/share/lmod/lmod', 'TLPROFILE': 'xfce', 'KONSOLE_VERSION': '211203', 'SHLVL': '1', 'LD_LIBRARY_PATH': '/opt/ros/humble/opt/rviz_ogre_vendor/lib:/opt/ros/humble/lib/x86_64-linux-gnu:/opt/ros/humble/lib:/opt/thinlinc/lib64:/opt/thinlinc/lib', 'HOME': '/home/min/a/ecorream', 'OLDPWD': '/home/min/a/ecorream/ece569-fall2025', 'D_DISABLE_RT_SCREEN_SCALE': '1', 'DESKTOP_SESSION': 'xfce', 'ROS_PYTHON_VERSION': '3', 'SHELL_SESSION_ID': '53bd0dd96da240dea11103743a82134a', 'KONSOLE_DBUS_SESSION': '/Sessions/1', 'LC_CTYPE': 'C.UTF-8', 'PCSCTUN_SERVER': '127.0.0.1:5736', 'DBUS_SESSION_BUS_ADDRESS': 'unix:path=/run/user/933642/bus', 'COLORTERM': 'truecolor', 'LMOD_sys': 'Linux', 'KONSOLE_DBUS_WINDOW': '/Windows/1', 'ROS_DISTRO': 'humble', 'LOGNAME': 'ecorream', 'LMOD_AVAIL_STYLE': 'system:<grouped>', 'WINDOWID': '62914567', 'LMOD_VERSION': '6.6', 'SUMO_HOME': '/usr/share/sumo', 'PULSE_SERVER': '127.0.0.1:5735', 'TLPREFIX': '/opt/thinlinc', '_': '/bin/colcon', 'ROS_VERSION': '2', 'XDG_SESSION_CLASS': 'user', 'COLORFGBG': '15;0', 'USERNAME': 'ecorream', 'TERM': 'xterm-256color', 'XDG_SESSION_ID': '29456', 'ROS_LOCALHOST_ONLY': '0', 'PATH': '/opt/ros/humble/bin:/usr/NX/bin:/usr/local/bin:/bin:/usr/bin:/usr/local/sbin:/usr/sbin:/sbin:/usr/opt/bin:/usr/site/ece/bin:/opt/thinlinc/bin:/snap/bin:/home/min/a/ecorream/.dotnet/tools:.:/opt/thinlinc/sbin', 'SESSION_MANAGER': 'local/eceprog2.ecn.purdue.edu:@/tmp/.ICE-unix/3104034,unix/eceprog2.ecn.purdue.edu:/tmp/.ICE-unix/3104034', 'PCSCTUN_COOKIE': '/var/opt/thinlinc/sessions/ecorream/83/pcsctun-cookie', 'LMOD_PREPEND_BLOCK': 'normal', 'LMOD_FULL_SETTARG_SUPPORT': 'no', 'QT_SCALE_FACTOR_ROUNDING_POLICY': 'PassThrough', 'XDG_MENU_PREFIX': 'xfce-', 'XDG_RUNTIME_DIR': '/run/user/933642', 'DISPLAY': ':83.0', 'XDG_CURRENT_DESKTOP': 'XFCE', 'DOTNET_BUNDLE_EXTRACT_BASE_DIR': '/home/min/a/ecorream/.cache/dotnet_bundle_extract', 'XDG_SESSION_DESKTOP': 'xfce', 'XAUTHORITY': '/var/opt/thinlinc/sessions/ecorream/83/Xauthority', 'SSH_AUTH_SOCK': '/tmp/ssh-XXXXXXqyuYJi/agent.3104170', 'ROS_DOMAIN_ID': '40', 'PULSE_COOKIE': '/var/opt/thinlinc/sessions/ecorream/83/pulse-cookie', 'AMENT_PREFIX_PATH': '/opt/ros/humble', 'SHELL': '/bin/bash', 'KRB5CCNAME': '/var/opt/thinlinc/sessions/ecorream/83/krb5cc', 'MODULEPATH_ROOT': '/usr/modulefiles', 'MODULEPATH_LOCAL': '/etc/modulefiles', 'ROS_WS': '/home/min/a/ecorream/ece569-fall2025/Lab3/ws3', 'LMOD_CMD': '/usr/share/lmod/lmod/libexec/lmod', 'KONSOLE_DBUS_SERVICE': ':1.112', 'BASH_ENV': '/usr/share/lmod/lmod/init/bash', 'PWD': '/home/min/a/ecorream/ece569-fall2025/Lab4/build/table_description', 'TLSESSIONDATA': '/var/opt/thinlinc/sessions/ecorream/83', 'XDG_CONFIG_DIRS': '/etc/xdg', 'TOWN': 'Springfield', 'XDG_DATA_DIRS': '/usr/share/gnome:/usr/local/share:/usr/share:/var/lib/snapd/desktop:/usr/share', 'PYTHONPATH': '/home/min/a/ecorream/ece569-fall2025/Lab4/build/table_description/prefix_override:/usr/lib/python3/dist-packages/colcon_core/task/python/colcon_distutils_commands:/home/min/a/ecorream/ece569-fall2025/Lab4/install/table_description/lib/python3.10/site-packages:/opt/ros/humble/lib/python3.10/site-packages:/opt/ros/humble/local/lib/python3.10/dist-packages', 'LMOD_arch': 'x86_64', 'COLCON': '1', 'MANPATH': '/usr/share/lmod/lmod/share/man:::/opt/thinlinc/share/man', 'MODULEPATH': '/etc/lmod/modules:/usr/share/lmod/lmod/modulefiles/:/etc/modulefiles/pkg:/package/modulefiles/ecn/common:/package/modulefiles/ecn/ubuntu', 'MODULESHOME': '/usr/share/lmod/lmod', 'LMOD_SETTARG_CMD': ':'}, 'shell': False}
[1.800438] (-) TimerEvent: {}
[1.815642] (msee22_description) Command: {'cmd': ['/usr/bin/python3', '-W', 'ignore:setup.py install is deprecated', '-W', 'ignore:easy_install command is deprecated', 'setup.py', 'develop', '--editable', '--build-directory', '/home/min/a/ecorream/ece569-fall2025/Lab4/build/msee22_description/build', '--no-deps', 'symlink_data'], 'cwd': '/home/min/a/ecorream/ece569-fall2025/Lab4/build/msee22_description', 'env': {'MODULEPATH_PACKAGE': '/package/modulefiles/ecn', 'PROFILEHOME': '', 'LMOD_DIR': '/usr/share/lmod/lmod/libexec', 'MAIL': '/var/spool/mail/ecorream', 'LANGUAGE': '', 'USER': 'ecorream', 'LMOD_PACKAGE_PATH': '/etc/lmod', 'LMOD_COLORIZE': 'yes', 'SSH_AGENT_PID': '3104171', 'XDG_SESSION_TYPE': 'x11', 'LMOD_PKG': '/usr/share/lmod/lmod', 'TLPROFILE': 'xfce', 'KONSOLE_VERSION': '211203', 'SHLVL': '1', 'LD_LIBRARY_PATH': '/opt/ros/humble/opt/rviz_ogre_vendor/lib:/opt/ros/humble/lib/x86_64-linux-gnu:/opt/ros/humble/lib:/opt/thinlinc/lib64:/opt/thinlinc/lib', 'HOME': '/home/min/a/ecorream', 'OLDPWD': '/home/min/a/ecorream/ece569-fall2025', 'D_DISABLE_RT_SCREEN_SCALE': '1', 'DESKTOP_SESSION': 'xfce', 'ROS_PYTHON_VERSION': '3', 'SHELL_SESSION_ID': '53bd0dd96da240dea11103743a82134a', 'KONSOLE_DBUS_SESSION': '/Sessions/1', 'LC_CTYPE': 'C.UTF-8', 'PCSCTUN_SERVER': '127.0.0.1:5736', 'DBUS_SESSION_BUS_ADDRESS': 'unix:path=/run/user/933642/bus', 'COLORTERM': 'truecolor', 'LMOD_sys': 'Linux', 'KONSOLE_DBUS_WINDOW': '/Windows/1', 'ROS_DISTRO': 'humble', 'LOGNAME': 'ecorream', 'LMOD_AVAIL_STYLE': 'system:<grouped>', 'WINDOWID': '62914567', 'LMOD_VERSION': '6.6', 'SUMO_HOME': '/usr/share/sumo', 'PULSE_SERVER': '127.0.0.1:5735', 'TLPREFIX': '/opt/thinlinc', '_': '/bin/colcon', 'ROS_VERSION': '2', 'XDG_SESSION_CLASS': 'user', 'COLORFGBG': '15;0', 'USERNAME': 'ecorream', 'TERM': 'xterm-256color', 'XDG_SESSION_ID': '29456', 'ROS_LOCALHOST_ONLY': '0', 'PATH': '/opt/ros/humble/bin:/usr/NX/bin:/usr/local/bin:/bin:/usr/bin:/usr/local/sbin:/usr/sbin:/sbin:/usr/opt/bin:/usr/site/ece/bin:/opt/thinlinc/bin:/snap/bin:/home/min/a/ecorream/.dotnet/tools:.:/opt/thinlinc/sbin', 'SESSION_MANAGER': 'local/eceprog2.ecn.purdue.edu:@/tmp/.ICE-unix/3104034,unix/eceprog2.ecn.purdue.edu:/tmp/.ICE-unix/3104034', 'PCSCTUN_COOKIE': '/var/opt/thinlinc/sessions/ecorream/83/pcsctun-cookie', 'LMOD_PREPEND_BLOCK': 'normal', 'LMOD_FULL_SETTARG_SUPPORT': 'no', 'QT_SCALE_FACTOR_ROUNDING_POLICY': 'PassThrough', 'XDG_MENU_PREFIX': 'xfce-', 'XDG_RUNTIME_DIR': '/run/user/933642', 'DISPLAY': ':83.0', 'XDG_CURRENT_DESKTOP': 'XFCE', 'DOTNET_BUNDLE_EXTRACT_BASE_DIR': '/home/min/a/ecorream/.cache/dotnet_bundle_extract', 'XDG_SESSION_DESKTOP': 'xfce', 'XAUTHORITY': '/var/opt/thinlinc/sessions/ecorream/83/Xauthority', 'SSH_AUTH_SOCK': '/tmp/ssh-XXXXXXqyuYJi/agent.3104170', 'ROS_DOMAIN_ID': '40', 'PULSE_COOKIE': '/var/opt/thinlinc/sessions/ecorream/83/pulse-cookie', 'AMENT_PREFIX_PATH': '/opt/ros/humble', 'SHELL': '/bin/bash', 'KRB5CCNAME': '/var/opt/thinlinc/sessions/ecorream/83/krb5cc', 'MODULEPATH_ROOT': '/usr/modulefiles', 'MODULEPATH_LOCAL': '/etc/modulefiles', 'ROS_WS': '/home/min/a/ecorream/ece569-fall2025/Lab3/ws3', 'LMOD_CMD': '/usr/share/lmod/lmod/libexec/lmod', 'KONSOLE_DBUS_SERVICE': ':1.112', 'BASH_ENV': '/usr/share/lmod/lmod/init/bash', 'PWD': '/home/min/a/ecorream/ece569-fall2025/Lab4/build/msee22_description', 'TLSESSIONDATA': '/var/opt/thinlinc/sessions/ecorream/83', 'XDG_CONFIG_DIRS': '/etc/xdg', 'TOWN': 'Springfield', 'XDG_DATA_DIRS': '/usr/share/gnome:/usr/local/share:/usr/share:/var/lib/snapd/desktop:/usr/share', 'PYTHONPATH': '/home/min/a/ecorream/ece569-fall2025/Lab4/build/msee22_description/prefix_override:/usr/lib/python3/dist-packages/colcon_core/task/python/colcon_distutils_commands:/home/min/a/ecorream/ece569-fall2025/Lab4/install/msee22_description/lib/python3.10/site-packages:/opt/ros/humble/lib/python3.10/site-packages:/opt/ros/humble/local/lib/python3.10/dist-packages', 'LMOD_arch': 'x86_64', 'COLCON': '1', 'MANPATH': '/usr/share/lmod/lmod/share/man:::/opt/thinlinc/share/man', 'MODULEPATH': '/etc/lmod/modules:/usr/share/lmod/lmod/modulefiles/:/etc/modulefiles/pkg:/package/modulefiles/ecn/common:/package/modulefiles/ecn/ubuntu', 'MODULESHOME': '/usr/share/lmod/lmod', 'LMOD_SETTARG_CMD': ':'}, 'shell': False}
[1.840351] (py_joint_pub) Command: {'cmd': ['/usr/bin/python3', '-W', 'ignore:setup.py install is deprecated', '-W', 'ignore:easy_install command is deprecated', 'setup.py', 'develop', '--editable', '--build-directory', '/home/min/a/ecorream/ece569-fall2025/Lab4/build/py_joint_pub/build', '--no-deps', 'symlink_data'], 'cwd': '/home/min/a/ecorream/ece569-fall2025/Lab4/build/py_joint_pub', 'env': {'MODULEPATH_PACKAGE': '/package/modulefiles/ecn', 'PROFILEHOME': '', 'LMOD_DIR': '/usr/share/lmod/lmod/libexec', 'MAIL': '/var/spool/mail/ecorream', 'LANGUAGE': '', 'USER': 'ecorream', 'LMOD_PACKAGE_PATH': '/etc/lmod', 'LMOD_COLORIZE': 'yes', 'SSH_AGENT_PID': '3104171', 'XDG_SESSION_TYPE': 'x11', 'LMOD_PKG': '/usr/share/lmod/lmod', 'TLPROFILE': 'xfce', 'KONSOLE_VERSION': '211203', 'SHLVL': '1', 'LD_LIBRARY_PATH': '/opt/ros/humble/opt/rviz_ogre_vendor/lib:/opt/ros/humble/lib/x86_64-linux-gnu:/opt/ros/humble/lib:/opt/thinlinc/lib64:/opt/thinlinc/lib', 'HOME': '/home/min/a/ecorream', 'OLDPWD': '/home/min/a/ecorream/ece569-fall2025', 'D_DISABLE_RT_SCREEN_SCALE': '1', 'DESKTOP_SESSION': 'xfce', 'ROS_PYTHON_VERSION': '3', 'SHELL_SESSION_ID': '53bd0dd96da240dea11103743a82134a', 'KONSOLE_DBUS_SESSION': '/Sessions/1', 'LC_CTYPE': 'C.UTF-8', 'PCSCTUN_SERVER': '127.0.0.1:5736', 'DBUS_SESSION_BUS_ADDRESS': 'unix:path=/run/user/933642/bus', 'COLORTERM': 'truecolor', 'LMOD_sys': 'Linux', 'KONSOLE_DBUS_WINDOW': '/Windows/1', 'ROS_DISTRO': 'humble', 'LOGNAME': 'ecorream', 'LMOD_AVAIL_STYLE': 'system:<grouped>', 'WINDOWID': '62914567', 'LMOD_VERSION': '6.6', 'SUMO_HOME': '/usr/share/sumo', 'PULSE_SERVER': '127.0.0.1:5735', 'TLPREFIX': '/opt/thinlinc', '_': '/bin/colcon', 'ROS_VERSION': '2', 'XDG_SESSION_CLASS': 'user', 'COLORFGBG': '15;0', 'USERNAME': 'ecorream', 'TERM': 'xterm-256color', 'XDG_SESSION_ID': '29456', 'ROS_LOCALHOST_ONLY': '0', 'PATH': '/opt/ros/humble/bin:/usr/NX/bin:/usr/local/bin:/bin:/usr/bin:/usr/local/sbin:/usr/sbin:/sbin:/usr/opt/bin:/usr/site/ece/bin:/opt/thinlinc/bin:/snap/bin:/home/min/a/ecorream/.dotnet/tools:.:/opt/thinlinc/sbin', 'SESSION_MANAGER': 'local/eceprog2.ecn.purdue.edu:@/tmp/.ICE-unix/3104034,unix/eceprog2.ecn.purdue.edu:/tmp/.ICE-unix/3104034', 'PCSCTUN_COOKIE': '/var/opt/thinlinc/sessions/ecorream/83/pcsctun-cookie', 'LMOD_PREPEND_BLOCK': 'normal', 'LMOD_FULL_SETTARG_SUPPORT': 'no', 'QT_SCALE_FACTOR_ROUNDING_POLICY': 'PassThrough', 'XDG_MENU_PREFIX': 'xfce-', 'XDG_RUNTIME_DIR': '/run/user/933642', 'DISPLAY': ':83.0', 'XDG_CURRENT_DESKTOP': 'XFCE', 'DOTNET_BUNDLE_EXTRACT_BASE_DIR': '/home/min/a/ecorream/.cache/dotnet_bundle_extract', 'XDG_SESSION_DESKTOP': 'xfce', 'XAUTHORITY': '/var/opt/thinlinc/sessions/ecorream/83/Xauthority', 'SSH_AUTH_SOCK': '/tmp/ssh-XXXXXXqyuYJi/agent.3104170', 'ROS_DOMAIN_ID': '40', 'PULSE_COOKIE': '/var/opt/thinlinc/sessions/ecorream/83/pulse-cookie', 'AMENT_PREFIX_PATH': '/opt/ros/humble', 'SHELL': '/bin/bash', 'KRB5CCNAME': '/var/opt/thinlinc/sessions/ecorream/83/krb5cc', 'MODULEPATH_ROOT': '/usr/modulefiles', 'MODULEPATH_LOCAL': '/etc/modulefiles', 'ROS_WS': '/home/min/a/ecorream/ece569-fall2025/Lab3/ws3', 'LMOD_CMD': '/usr/share/lmod/lmod/libexec/lmod', 'KONSOLE_DBUS_SERVICE': ':1.112', 'BASH_ENV': '/usr/share/lmod/lmod/init/bash', 'PWD': '/home/min/a/ecorream/ece569-fall2025/Lab4/build/py_joint_pub', 'TLSESSIONDATA': '/var/opt/thinlinc/sessions/ecorream/83', 'XDG_CONFIG_DIRS': '/etc/xdg', 'TOWN': 'Springfield', 'XDG_DATA_DIRS': '/usr/share/gnome:/usr/local/share:/usr/share:/var/lib/snapd/desktop:/usr/share', 'PYTHONPATH': '/home/min/a/ecorream/ece569-fall2025/Lab4/build/py_joint_pub/prefix_override:/usr/lib/python3/dist-packages/colcon_core/task/python/colcon_distutils_commands:/home/min/a/ecorream/ece569-fall2025/Lab4/install/py_joint_pub/lib/python3.10/site-packages:/opt/ros/humble/lib/python3.10/site-packages:/opt/ros/humble/local/lib/python3.10/dist-packages', 'LMOD_arch': 'x86_64', 'COLCON': '1', 'MANPATH': '/usr/share/lmod/lmod/share/man:::/opt/thinlinc/share/man', 'MODULEPATH': '/etc/lmod/modules:/usr/share/lmod/lmod/modulefiles/:/etc/modulefiles/pkg:/package/modulefiles/ecn/common:/package/modulefiles/ecn/ubuntu', 'MODULESHOME': '/usr/share/lmod/lmod', 'LMOD_SETTARG_CMD': ':'}, 'shell': False}
[1.855905] (wall_description) Command: {'cmd': ['/usr/bin/python3', '-W', 'ignore:setup.py install is deprecated', '-W', 'ignore:easy_install command is deprecated', 'setup.py', 'develop', '--editable', '--build-directory', '/home/min/a/ecorream/ece569-fall2025/Lab4/build/wall_description/build', '--no-deps', 'symlink_data'], 'cwd': '/home/min/a/ecorream/ece569-fall2025/Lab4/build/wall_description', 'env': {'MODULEPATH_PACKAGE': '/package/modulefiles/ecn', 'PROFILEHOME': '', 'LMOD_DIR': '/usr/share/lmod/lmod/libexec', 'MAIL': '/var/spool/mail/ecorream', 'LANGUAGE': '', 'USER': 'ecorream', 'LMOD_PACKAGE_PATH': '/etc/lmod', 'LMOD_COLORIZE': 'yes', 'SSH_AGENT_PID': '3104171', 'XDG_SESSION_TYPE': 'x11', 'LMOD_PKG': '/usr/share/lmod/lmod', 'TLPROFILE': 'xfce', 'KONSOLE_VERSION': '211203', 'SHLVL': '1', 'LD_LIBRARY_PATH': '/opt/ros/humble/opt/rviz_ogre_vendor/lib:/opt/ros/humble/lib/x86_64-linux-gnu:/opt/ros/humble/lib:/opt/thinlinc/lib64:/opt/thinlinc/lib', 'HOME': '/home/min/a/ecorream', 'OLDPWD': '/home/min/a/ecorream/ece569-fall2025', 'D_DISABLE_RT_SCREEN_SCALE': '1', 'DESKTOP_SESSION': 'xfce', 'ROS_PYTHON_VERSION': '3', 'SHELL_SESSION_ID': '53bd0dd96da240dea11103743a82134a', 'KONSOLE_DBUS_SESSION': '/Sessions/1', 'LC_CTYPE': 'C.UTF-8', 'PCSCTUN_SERVER': '127.0.0.1:5736', 'DBUS_SESSION_BUS_ADDRESS': 'unix:path=/run/user/933642/bus', 'COLORTERM': 'truecolor', 'LMOD_sys': 'Linux', 'KONSOLE_DBUS_WINDOW': '/Windows/1', 'ROS_DISTRO': 'humble', 'LOGNAME': 'ecorream', 'LMOD_AVAIL_STYLE': 'system:<grouped>', 'WINDOWID': '62914567', 'LMOD_VERSION': '6.6', 'SUMO_HOME': '/usr/share/sumo', 'PULSE_SERVER': '127.0.0.1:5735', 'TLPREFIX': '/opt/thinlinc', '_': '/bin/colcon', 'ROS_VERSION': '2', 'XDG_SESSION_CLASS': 'user', 'COLORFGBG': '15;0', 'USERNAME': 'ecorream', 'TERM': 'xterm-256color', 'XDG_SESSION_ID': '29456', 'ROS_LOCALHOST_ONLY': '0', 'PATH': '/opt/ros/humble/bin:/usr/NX/bin:/usr/local/bin:/bin:/usr/bin:/usr/local/sbin:/usr/sbin:/sbin:/usr/opt/bin:/usr/site/ece/bin:/opt/thinlinc/bin:/snap/bin:/home/min/a/ecorream/.dotnet/tools:.:/opt/thinlinc/sbin', 'SESSION_MANAGER': 'local/eceprog2.ecn.purdue.edu:@/tmp/.ICE-unix/3104034,unix/eceprog2.ecn.purdue.edu:/tmp/.ICE-unix/3104034', 'PCSCTUN_COOKIE': '/var/opt/thinlinc/sessions/ecorream/83/pcsctun-cookie', 'LMOD_PREPEND_BLOCK': 'normal', 'LMOD_FULL_SETTARG_SUPPORT': 'no', 'QT_SCALE_FACTOR_ROUNDING_POLICY': 'PassThrough', 'XDG_MENU_PREFIX': 'xfce-', 'XDG_RUNTIME_DIR': '/run/user/933642', 'DISPLAY': ':83.0', 'XDG_CURRENT_DESKTOP': 'XFCE', 'DOTNET_BUNDLE_EXTRACT_BASE_DIR': '/home/min/a/ecorream/.cache/dotnet_bundle_extract', 'XDG_SESSION_DESKTOP': 'xfce', 'XAUTHORITY': '/var/opt/thinlinc/sessions/ecorream/83/Xauthority', 'SSH_AUTH_SOCK': '/tmp/ssh-XXXXXXqyuYJi/agent.3104170', 'ROS_DOMAIN_ID': '40', 'PULSE_COOKIE': '/var/opt/thinlinc/sessions/ecorream/83/pulse-cookie', 'AMENT_PREFIX_PATH': '/opt/ros/humble', 'SHELL': '/bin/bash', 'KRB5CCNAME': '/var/opt/thinlinc/sessions/ecorream/83/krb5cc', 'MODULEPATH_ROOT': '/usr/modulefiles', 'MODULEPATH_LOCAL': '/etc/modulefiles', 'ROS_WS': '/home/min/a/ecorream/ece569-fall2025/Lab3/ws3', 'LMOD_CMD': '/usr/share/lmod/lmod/libexec/lmod', 'KONSOLE_DBUS_SERVICE': ':1.112', 'BASH_ENV': '/usr/share/lmod/lmod/init/bash', 'PWD': '/home/min/a/ecorream/ece569-fall2025/Lab4/build/wall_description', 'TLSESSIONDATA': '/var/opt/thinlinc/sessions/ecorream/83', 'XDG_CONFIG_DIRS': '/etc/xdg', 'TOWN': 'Springfield', 'XDG_DATA_DIRS': '/usr/share/gnome:/usr/local/share:/usr/share:/var/lib/snapd/desktop:/usr/share', 'PYTHONPATH': '/home/min/a/ecorream/ece569-fall2025/Lab4/build/wall_description/prefix_override:/usr/lib/python3/dist-packages/colcon_core/task/python/colcon_distutils_commands:/home/min/a/ecorream/ece569-fall2025/Lab4/install/wall_description/lib/python3.10/site-packages:/opt/ros/humble/lib/python3.10/site-packages:/opt/ros/humble/local/lib/python3.10/dist-packages', 'LMOD_arch': 'x86_64', 'COLCON': '1', 'MANPATH': '/usr/share/lmod/lmod/share/man:::/opt/thinlinc/share/man', 'MODULEPATH': '/etc/lmod/modules:/usr/share/lmod/lmod/modulefiles/:/etc/modulefiles/pkg:/package/modulefiles/ecn/common:/package/modulefiles/ecn/ubuntu', 'MODULESHOME': '/usr/share/lmod/lmod', 'LMOD_SETTARG_CMD': ':'}, 'shell': False}
[1.900515] (-) TimerEvent: {}
[2.000719] (-) TimerEvent: {}
[2.074142] (table_description) StdoutLine: {'line': b'running develop\n'}
[2.100791] (-) TimerEvent: {}
[2.111131] (msee22_description) StdoutLine: {'line': b'running develop\n'}
[2.116638] (py_joint_pub) StdoutLine: {'line': b'running develop\n'}
[2.158442] (wall_description) StdoutLine: {'line': b'running develop\n'}
[2.200873] (-) TimerEvent: {}
[2.299446] (table_description) StdoutLine: {'line': b'running egg_info\n'}
[2.299622] (table_description) StdoutLine: {'line': b'creating table_description.egg-info\n'}
[2.300932] (-) TimerEvent: {}
[2.301062] (table_description) StdoutLine: {'line': b'writing table_description.egg-info/PKG-INFO\n'}
[2.302611] (table_description) StdoutLine: {'line': b'writing dependency_links to table_description.egg-info/dependency_links.txt\n'}
[2.303523] (table_description) StdoutLine: {'line': b'writing entry points to table_description.egg-info/entry_points.txt\n'}
[2.304284] (table_description) StdoutLine: {'line': b'writing requirements to table_description.egg-info/requires.txt\n'}
[2.304915] (table_description) StdoutLine: {'line': b'writing top-level names to table_description.egg-info/top_level.txt\n'}
[2.308496] (table_description) StdoutLine: {'line': b"writing manifest file 'table_description.egg-info/SOURCES.txt'\n"}
[2.311881] (table_description) StdoutLine: {'line': b"reading manifest file 'table_description.egg-info/SOURCES.txt'\n"}
[2.313040] (table_description) StdoutLine: {'line': b"writing manifest file 'table_description.egg-info/SOURCES.txt'\n"}
[2.314541] (table_description) StdoutLine: {'line': b'running build_ext\n'}
[2.314717] (table_description) StdoutLine: {'line': b'Creating /home/min/a/ecorream/ece569-fall2025/Lab4/install/table_description/lib/python3.10/site-packages/table-description.egg-link (link to .)\n'}
[2.317082] (table_description) StdoutLine: {'line': b'\n'}
[2.317148] (table_description) StdoutLine: {'line': b'Installed /home/min/a/ecorream/ece569-fall2025/Lab4/build/table_description\n'}
[2.317406] (table_description) StdoutLine: {'line': b'running symlink_data\n'}
[2.317674] (table_description) StdoutLine: {'line': b'creating /home/min/a/ecorream/ece569-fall2025/Lab4/install/table_description/share/ament_index\n'}
[2.319879] (table_description) StdoutLine: {'line': b'creating /home/min/a/ecorream/ece569-fall2025/Lab4/install/table_description/share/ament_index/resource_index\n'}
[2.321521] (table_description) StdoutLine: {'line': b'creating /home/min/a/ecorream/ece569-fall2025/Lab4/install/table_description/share/ament_index/resource_index/packages\n'}
[2.324324] (table_description) StdoutLine: {'line': b'symbolically linking /home/min/a/ecorream/ece569-fall2025/Lab4/build/table_description/resource/table_description -> /home/min/a/ecorream/ece569-fall2025/Lab4/install/table_description/share/ament_index/resource_index/packages\n'}
[2.324795] (table_description) StdoutLine: {'line': b'symbolically linking /home/min/a/ecorream/ece569-fall2025/Lab4/build/table_description/package.xml -> /home/min/a/ecorream/ece569-fall2025/Lab4/install/table_description/share/table_description\n'}
[2.327217] (table_description) StdoutLine: {'line': b'creating /home/min/a/ecorream/ece569-fall2025/Lab4/install/table_description/share/table_description/launch\n'}
[2.328445] (table_description) StdoutLine: {'line': b'symbolically linking /home/min/a/ecorream/ece569-fall2025/Lab4/build/table_description/launch/view_table.launch.py -> /home/min/a/ecorream/ece569-fall2025/Lab4/install/table_description/share/table_description/launch\n'}
[2.328836] (table_description) StdoutLine: {'line': b'creating /home/min/a/ecorream/ece569-fall2025/Lab4/install/table_description/share/table_description/rviz\n'}
[2.329982] (table_description) StdoutLine: {'line': b'symbolically linking /home/min/a/ecorream/ece569-fall2025/Lab4/build/table_description/rviz/table.rviz -> /home/min/a/ecorream/ece569-fall2025/Lab4/install/table_description/share/table_description/rviz\n'}
[2.332113] (table_description) StdoutLine: {'line': b'creating /home/min/a/ecorream/ece569-fall2025/Lab4/install/table_description/share/table_description/urdf\n'}
[2.332717] (msee22_description) StdoutLine: {'line': b'running egg_info\n'}
[2.332882] (msee22_description) StdoutLine: {'line': b'creating msee22_description.egg-info\n'}
[2.334412] (msee22_description) StdoutLine: {'line': b'writing msee22_description.egg-info/PKG-INFO\n'}
[2.335756] (table_description) StdoutLine: {'line': b'symbolically linking /home/min/a/ecorream/ece569-fall2025/Lab4/build/table_description/urdf/inertials.xacro -> /home/min/a/ecorream/ece569-fall2025/Lab4/install/table_description/share/table_description/urdf\n'}
[2.336193] (table_description) StdoutLine: {'line': b'symbolically linking /home/min/a/ecorream/ece569-fall2025/Lab4/build/table_description/urdf/materials.xacro -> /home/min/a/ecorream/ece569-fall2025/Lab4/install/table_description/share/table_description/urdf\n'}
[2.336588] (table_description) StdoutLine: {'line': b'symbolically linking /home/min/a/ecorream/ece569-fall2025/Lab4/build/table_description/urdf/table.urdf.xacro -> /home/min/a/ecorream/ece569-fall2025/Lab4/install/table_description/share/table_description/urdf\n'}
[2.337031] (table_description) StdoutLine: {'line': b'symbolically linking /home/min/a/ecorream/ece569-fall2025/Lab4/build/table_description/urdf/table_macro.xacro -> /home/min/a/ecorream/ece569-fall2025/Lab4/install/table_description/share/table_description/urdf\n'}
[2.337953] (msee22_description) StdoutLine: {'line': b'writing dependency_links to msee22_description.egg-info/dependency_links.txt\n'}
[2.340001] (msee22_description) StdoutLine: {'line': b'writing entry points to msee22_description.egg-info/entry_points.txt\n'}
[2.341031] (py_joint_pub) StdoutLine: {'line': b'running egg_info\n'}
[2.341176] (py_joint_pub) StdoutLine: {'line': b'creating py_joint_pub.egg-info\n'}
[2.341783] (msee22_description) StdoutLine: {'line': b'writing requirements to msee22_description.egg-info/requires.txt\n'}
[2.342424] (py_joint_pub) StdoutLine: {'line': b'writing py_joint_pub.egg-info/PKG-INFO\n'}
[2.342524] (msee22_description) StdoutLine: {'line': b'writing top-level names to msee22_description.egg-info/top_level.txt\n'}
[2.344503] (msee22_description) StdoutLine: {'line': b"writing manifest file 'msee22_description.egg-info/SOURCES.txt'\n"}
[2.345291] (py_joint_pub) StdoutLine: {'line': b'writing dependency_links to py_joint_pub.egg-info/dependency_links.txt\n'}
[2.346849] (py_joint_pub) StdoutLine: {'line': b'writing entry points to py_joint_pub.egg-info/entry_points.txt\n'}
[2.348044] (msee22_description) StdoutLine: {'line': b"reading manifest file 'msee22_description.egg-info/SOURCES.txt'\n"}
[2.348260] (py_joint_pub) StdoutLine: {'line': b'writing requirements to py_joint_pub.egg-info/requires.txt\n'}
[2.349332] (msee22_description) StdoutLine: {'line': b"writing manifest file 'msee22_description.egg-info/SOURCES.txt'\n"}
[2.349590] (py_joint_pub) StdoutLine: {'line': b'writing top-level names to py_joint_pub.egg-info/top_level.txt\n'}
[2.350835] (msee22_description) StdoutLine: {'line': b'running build_ext\n'}
[2.350985] (msee22_description) StdoutLine: {'line': b'Creating /home/min/a/ecorream/ece569-fall2025/Lab4/install/msee22_description/lib/python3.10/site-packages/msee22-description.egg-link (link to .)\n'}
[2.352413] (py_joint_pub) StdoutLine: {'line': b"writing manifest file 'py_joint_pub.egg-info/SOURCES.txt'\n"}
[2.353323] (msee22_description) StdoutLine: {'line': b'\n'}
[2.353390] (msee22_description) StdoutLine: {'line': b'Installed /home/min/a/ecorream/ece569-fall2025/Lab4/build/msee22_description\n'}
[2.353648] (msee22_description) StdoutLine: {'line': b'running symlink_data\n'}
[2.353869] (msee22_description) StdoutLine: {'line': b'creating /home/min/a/ecorream/ece569-fall2025/Lab4/install/msee22_description/share/ament_index\n'}
[2.356496] (py_joint_pub) StdoutLine: {'line': b"reading manifest file 'py_joint_pub.egg-info/SOURCES.txt'\n"}
[2.357420] (msee22_description) StdoutLine: {'line': b'creating /home/min/a/ecorream/ece569-fall2025/Lab4/install/msee22_description/share/ament_index/resource_index\n'}
[2.358176] (py_joint_pub) StdoutLine: {'line': b"writing manifest file 'py_joint_pub.egg-info/SOURCES.txt'\n"}
[2.358443] (table_description) CommandEnded: {'returncode': 0}
[2.359617] (py_joint_pub) StdoutLine: {'line': b'running build_ext\n'}
[2.359772] (py_joint_pub) StdoutLine: {'line': b'Creating /home/min/a/ecorream/ece569-fall2025/Lab4/install/py_joint_pub/lib/python3.10/site-packages/py-joint-pub.egg-link (link to .)\n'}
[2.359978] (msee22_description) StdoutLine: {'line': b'creating /home/min/a/ecorream/ece569-fall2025/Lab4/install/msee22_description/share/ament_index/resource_index/packages\n'}
[2.363385] (msee22_description) StdoutLine: {'line': b'symbolically linking /home/min/a/ecorream/ece569-fall2025/Lab4/build/msee22_description/resource/msee22_description -> /home/min/a/ecorream/ece569-fall2025/Lab4/install/msee22_description/share/ament_index/resource_index/packages\n'}
[2.363897] (msee22_description) StdoutLine: {'line': b'symbolically linking /home/min/a/ecorream/ece569-fall2025/Lab4/build/msee22_description/package.xml -> /home/min/a/ecorream/ece569-fall2025/Lab4/install/msee22_description/share/msee22_description\n'}
[2.364534] (msee22_description) StdoutLine: {'line': b'creating /home/min/a/ecorream/ece569-fall2025/Lab4/install/msee22_description/share/msee22_description/launch\n'}
[2.365243] (py_joint_pub) StdoutLine: {'line': b'Installing csv script to /home/min/a/ecorream/ece569-fall2025/Lab4/install/py_joint_pub/lib/py_joint_pub\n'}
[2.366559] (msee22_description) StdoutLine: {'line': b'symbolically linking /home/min/a/ecorream/ece569-fall2025/Lab4/build/msee22_description/launch/move_robot.launch.py -> /home/min/a/ecorream/ece569-fall2025/Lab4/install/msee22_description/share/msee22_description/launch\n'}
[2.367023] (msee22_description) StdoutLine: {'line': b'symbolically linking /home/min/a/ecorream/ece569-fall2025/Lab4/build/msee22_description/launch/view_room.launch.py -> /home/min/a/ecorream/ece569-fall2025/Lab4/install/msee22_description/share/msee22_description/launch\n'}
[2.367397] (msee22_description) StdoutLine: {'line': b'creating /home/min/a/ecorream/ece569-fall2025/Lab4/install/msee22_description/share/msee22_description/rviz\n'}
[2.369023] (py_joint_pub) StdoutLine: {'line': b'\n'}
[2.369090] (py_joint_pub) StdoutLine: {'line': b'Installed /home/min/a/ecorream/ece569-fall2025/Lab4/build/py_joint_pub\n'}
[2.369323] (py_joint_pub) StdoutLine: {'line': b'running symlink_data\n'}
[2.369524] (py_joint_pub) StdoutLine: {'line': b'creating /home/min/a/ecorream/ece569-fall2025/Lab4/install/py_joint_pub/share/ament_index\n'}
[2.370847] (py_joint_pub) StdoutLine: {'line': b'creating /home/min/a/ecorream/ece569-fall2025/Lab4/install/py_joint_pub/share/ament_index/resource_index\n'}
[2.371699] (msee22_description) StdoutLine: {'line': b'symbolically linking /home/min/a/ecorream/ece569-fall2025/Lab4/build/msee22_description/rviz/msee22.rviz -> /home/min/a/ecorream/ece569-fall2025/Lab4/install/msee22_description/share/msee22_description/rviz\n'}
[2.371828] (py_joint_pub) StdoutLine: {'line': b'creating /home/min/a/ecorream/ece569-fall2025/Lab4/install/py_joint_pub/share/ament_index/resource_index/packages\n'}
[2.372134] (msee22_description) StdoutLine: {'line': b'creating /home/min/a/ecorream/ece569-fall2025/Lab4/install/msee22_description/share/msee22_description/urdf\n'}
[2.373451] (msee22_description) StdoutLine: {'line': b'symbolically linking /home/min/a/ecorream/ece569-fall2025/Lab4/build/msee22_description/urdf/inertials.xacro -> /home/min/a/ecorream/ece569-fall2025/Lab4/install/msee22_description/share/msee22_description/urdf\n'}
[2.374542] (msee22_description) StdoutLine: {'line': b'symbolically linking /home/min/a/ecorream/ece569-fall2025/Lab4/build/msee22_description/urdf/materials.xacro -> /home/min/a/ecorream/ece569-fall2025/Lab4/install/msee22_description/share/msee22_description/urdf\n'}
[2.375795] (py_joint_pub) StdoutLine: {'line': b'symbolically linking /home/min/a/ecorream/ece569-fall2025/Lab4/build/py_joint_pub/resource/py_joint_pub -> /home/min/a/ecorream/ece569-fall2025/Lab4/install/py_joint_pub/share/ament_index/resource_index/packages\n'}
[2.375913] (msee22_description) StdoutLine: {'line': b'symbolically linking /home/min/a/ecorream/ece569-fall2025/Lab4/build/msee22_description/urdf/msee22.urdf.xacro -> /home/min/a/ecorream/ece569-fall2025/Lab4/install/msee22_description/share/msee22_description/urdf\n'}
[2.376493] (py_joint_pub) StdoutLine: {'line': b'symbolically linking /home/min/a/ecorream/ece569-fall2025/Lab4/build/py_joint_pub/package.xml -> /home/min/a/ecorream/ece569-fall2025/Lab4/install/py_joint_pub/share/py_joint_pub\n'}
[2.378821] (py_joint_pub) StdoutLine: {'line': b'symbolically linking /home/min/a/ecorream/ece569-fall2025/Lab4/build/py_joint_pub/resource/ldihel.csv -> /home/min/a/ecorream/ece569-fall2025/Lab4/install/py_joint_pub/share/py_joint_pub\n'}
[2.381155] (py_joint_pub) StdoutLine: {'line': b'symbolically linking /home/min/a/ecorream/ece569-fall2025/Lab4/build/py_joint_pub/resource/ldihel_bonus.csv -> /home/min/a/ecorream/ece569-fall2025/Lab4/install/py_joint_pub/share/py_joint_pub\n'}
[2.385933] (wall_description) StdoutLine: {'line': b'running egg_info\n'}
[2.386158] (wall_description) StdoutLine: {'line': b'creating wall_description.egg-info\n'}
[2.388507] (wall_description) StdoutLine: {'line': b'writing wall_description.egg-info/PKG-INFO\n'}
[2.390516] (wall_description) StdoutLine: {'line': b'writing dependency_links to wall_description.egg-info/dependency_links.txt\n'}
[2.391349] (wall_description) StdoutLine: {'line': b'writing entry points to wall_description.egg-info/entry_points.txt\n'}
[2.391999] (wall_description) StdoutLine: {'line': b'writing requirements to wall_description.egg-info/requires.txt\n'}
[2.392592] (wall_description) StdoutLine: {'line': b'writing top-level names to wall_description.egg-info/top_level.txt\n'}
[2.394916] (wall_description) StdoutLine: {'line': b"writing manifest file 'wall_description.egg-info/SOURCES.txt'\n"}
[2.398714] (wall_description) StdoutLine: {'line': b"reading manifest file 'wall_description.egg-info/SOURCES.txt'\n"}
[2.400014] (wall_description) StdoutLine: {'line': b"writing manifest file 'wall_description.egg-info/SOURCES.txt'\n"}
[2.401010] (-) TimerEvent: {}
[2.401682] (wall_description) StdoutLine: {'line': b'running build_ext\n'}
[2.402177] (wall_description) StdoutLine: {'line': b'Creating /home/min/a/ecorream/ece569-fall2025/Lab4/install/wall_description/lib/python3.10/site-packages/wall-description.egg-link (link to .)\n'}
[2.404145] (wall_description) StdoutLine: {'line': b'\n'}
[2.404205] (wall_description) StdoutLine: {'line': b'Installed /home/min/a/ecorream/ece569-fall2025/Lab4/build/wall_description\n'}
[2.404445] (wall_description) StdoutLine: {'line': b'running symlink_data\n'}
[2.404686] (wall_description) StdoutLine: {'line': b'creating /home/min/a/ecorream/ece569-fall2025/Lab4/install/wall_description/share/ament_index\n'}
[2.406874] (wall_description) StdoutLine: {'line': b'creating /home/min/a/ecorream/ece569-fall2025/Lab4/install/wall_description/share/ament_index/resource_index\n'}
[2.408665] (wall_description) StdoutLine: {'line': b'creating /home/min/a/ecorream/ece569-fall2025/Lab4/install/wall_description/share/ament_index/resource_index/packages\n'}
[2.411290] (wall_description) StdoutLine: {'line': b'symbolically linking /home/min/a/ecorream/ece569-fall2025/Lab4/build/wall_description/resource/wall_description -> /home/min/a/ecorream/ece569-fall2025/Lab4/install/wall_description/share/ament_index/resource_index/packages\n'}
[2.411731] (wall_description) StdoutLine: {'line': b'symbolically linking /home/min/a/ecorream/ece569-fall2025/Lab4/build/wall_description/package.xml -> /home/min/a/ecorream/ece569-fall2025/Lab4/install/wall_description/share/wall_description\n'}
[2.412878] (table_description) JobEnded: {'identifier': 'table_description', 'rc': 0}
[2.417472] (wall_description) StdoutLine: {'line': b'creating /home/min/a/ecorream/ece569-fall2025/Lab4/install/wall_description/share/wall_description/launch\n'}
[2.417546] (msee22_description) CommandEnded: {'returncode': 0}
[2.417838] (wall_description) StdoutLine: {'line': b'symbolically linking /home/min/a/ecorream/ece569-fall2025/Lab4/build/wall_description/launch/view_wall.launch.py -> /home/min/a/ecorream/ece569-fall2025/Lab4/install/wall_description/share/wall_description/launch\n'}
[2.417906] (wall_description) StdoutLine: {'line': b'creating /home/min/a/ecorream/ece569-fall2025/Lab4/install/wall_description/share/wall_description/rviz\n'}
[2.419439] (wall_description) StdoutLine: {'line': b'symbolically linking /home/min/a/ecorream/ece569-fall2025/Lab4/build/wall_description/rviz/wall.rviz -> /home/min/a/ecorream/ece569-fall2025/Lab4/install/wall_description/share/wall_description/rviz\n'}
[2.419843] (wall_description) StdoutLine: {'line': b'creating /home/min/a/ecorream/ece569-fall2025/Lab4/install/wall_description/share/wall_description/urdf\n'}
[2.421050] (wall_description) StdoutLine: {'line': b'symbolically linking /home/min/a/ecorream/ece569-fall2025/Lab4/build/wall_description/urdf/inertials.xacro -> /home/min/a/ecorream/ece569-fall2025/Lab4/install/wall_description/share/wall_description/urdf\n'}
[2.421489] (wall_description) StdoutLine: {'line': b'symbolically linking /home/min/a/ecorream/ece569-fall2025/Lab4/build/wall_description/urdf/materials.xacro -> /home/min/a/ecorream/ece569-fall2025/Lab4/install/wall_description/share/wall_description/urdf\n'}
[2.422699] (wall_description) StdoutLine: {'line': b'symbolically linking /home/min/a/ecorream/ece569-fall2025/Lab4/build/wall_description/urdf/wall.urdf.xacro -> /home/min/a/ecorream/ece569-fall2025/Lab4/install/wall_description/share/wall_description/urdf\n'}
[2.423955] (wall_description) StdoutLine: {'line': b'symbolically linking /home/min/a/ecorream/ece569-fall2025/Lab4/build/wall_description/urdf/wall_macro.xacro -> /home/min/a/ecorream/ece569-fall2025/Lab4/install/wall_description/share/wall_description/urdf\n'}
[2.453398] (msee22_description) JobEnded: {'identifier': 'msee22_description', 'rc': 0}
[2.459058] (py_joint_pub) CommandEnded: {'returncode': 0}
[2.501087] (-) TimerEvent: {}
[2.504663] (py_joint_pub) JobEnded: {'identifier': 'py_joint_pub', 'rc': 0}
[2.507747] (wall_description) CommandEnded: {'returncode': 0}
[2.547187] (wall_description) JobEnded: {'identifier': 'wall_description', 'rc': 0}
[2.551841] (-) EventReactorShutdown: {}
