[0.000000] (-) TimerEvent: {}
[0.000240] (msee22_description) JobQueued: {'identifier': 'msee22_description', 'dependencies': OrderedDict()}
[0.000280] (py_joint_pub) JobQueued: {'identifier': 'py_joint_pub', 'dependencies': OrderedDict()}
[0.000300] (table_description) JobQueued: {'identifier': 'table_description', 'dependencies': OrderedDict()}
[0.000316] (wall_description) JobQueued: {'identifier': 'wall_description', 'dependencies': OrderedDict()}
[0.000332] (msee22_description) JobStarted: {'identifier': 'msee22_description'}
[0.012611] (py_joint_pub) JobStarted: {'identifier': 'py_joint_pub'}
[0.024112] (table_description) JobStarted: {'identifier': 'table_description'}
[0.037569] (wall_description) JobStarted: {'identifier': 'wall_description'}
[0.097453] (-) TimerEvent: {}
[0.197729] (-) TimerEvent: {}
[0.297940] (-) TimerEvent: {}
[0.398186] (-) TimerEvent: {}
[0.498454] (-) TimerEvent: {}
[0.598619] (-) TimerEvent: {}
[0.698821] (-) TimerEvent: {}
[0.799076] (-) TimerEvent: {}
[0.899300] (-) TimerEvent: {}
[0.999587] (-) TimerEvent: {}
[1.099850] (-) TimerEvent: {}
[1.200067] (-) TimerEvent: {}
[1.300296] (-) TimerEvent: {}
[1.400575] (-) TimerEvent: {}
[1.500816] (-) TimerEvent: {}
[1.601039] (-) TimerEvent: {}
[1.701238] (-) TimerEvent: {}
[1.758347] (table_description) Command: {'cmd': ['/usr/bin/python3', '-W', 'ignore:setup.py install is deprecated', '-W', 'ignore:easy_install command is deprecated', 'setup.py', 'develop', '--editable', '--build-directory', '/home/min/a/ecorream/ece569-fall2025/Lab4/build/table_description/build', '--no-deps', 'symlink_data'], 'cwd': '/home/min/a/ecorream/ece569-fall2025/Lab4/build/table_description', 'env': {'MODULEPATH_PACKAGE': '/package/modulefiles/ecn', 'PROFILEHOME': '', 'LMOD_DIR': '/usr/share/lmod/lmod/libexec', 'MAIL': '/var/spool/mail/ecorream', 'LANGUAGE': '', 'USER': 'ecorream', 'LMOD_PACKAGE_PATH': '/etc/lmod', 'LMOD_COLORIZE': 'yes', 'SSH_AGENT_PID': '3104171', 'XDG_SESSION_TYPE': 'x11', 'LMOD_PKG': '/usr/share/lmod/lmod', 'TLPROFILE': 'xfce', 'KONSOLE_VERSION': '211203', 'SHLVL': '1', 'LD_LIBRARY_PATH': '/opt/ros/humble/opt/rviz_ogre_vendor/lib:/opt/ros/humble/lib/x86_64-linux-gnu:/opt/ros/humble/lib:/opt/thinlinc/lib64:/opt/thinlinc/lib', 'HOME': '/home/min/a/ecorream', 'D_DISABLE_RT_SCREEN_SCALE': '1', 'DESKTOP_SESSION': 'xfce', 'ROS_PYTHON_VERSION': '3', 'SHELL_SESSION_ID': 'e3a741b38ea54aabbc89ef57b5a8807d', 'KONSOLE_DBUS_SESSION': '/Sessions/1', 'LC_CTYPE': 'C.UTF-8', 'PCSCTUN_SERVER': '127.0.0.1:5736', 'DBUS_SESSION_BUS_ADDRESS': 'unix:path=/run/user/933642/bus', 'COLORTERM': 'truecolor', 'LMOD_sys': 'Linux', 'KONSOLE_DBUS_WINDOW': '/Windows/1', 'COLCON_PREFIX_PATH': '/home/min/a/ecorream/ece569-fall2025/Lab4/install', 'ROS_DISTRO': 'humble', 'LOGNAME': 'ecorream', 'LMOD_AVAIL_STYLE': 'system:<grouped>', 'WINDOWID': '65011719', 'LMOD_VERSION': '6.6', 'SUMO_HOME': '/usr/share/sumo', 'PULSE_SERVER': '127.0.0.1:5735', 'TLPREFIX': '/opt/thinlinc', '_': '/bin/colcon', 'ROS_VERSION': '2', 'XDG_SESSION_CLASS': 'user', 'COLORFGBG': '15;0', 'USERNAME': 'ecorream', 'TERM': 'xterm-256color', 'XDG_SESSION_ID': '29456', 'ROS_LOCALHOST_ONLY': '0', 'PATH': '/opt/ros/humble/bin:/usr/NX/bin:/usr/local/bin:/bin:/usr/bin:/usr/local/sbin:/usr/sbin:/sbin:/usr/opt/bin:/usr/site/ece/bin:/opt/thinlinc/bin:/snap/bin:/home/min/a/ecorream/.dotnet/tools:.:/opt/thinlinc/sbin', 'SESSION_MANAGER': 'local/eceprog2.ecn.purdue.edu:@/tmp/.ICE-unix/3104034,unix/eceprog2.ecn.purdue.edu:/tmp/.ICE-unix/3104034', 'PCSCTUN_COOKIE': '/var/opt/thinlinc/sessions/ecorream/83/pcsctun-cookie', 'LMOD_PREPEND_BLOCK': 'normal', 'LMOD_FULL_SETTARG_SUPPORT': 'no', 'QT_SCALE_FACTOR_ROUNDING_POLICY': 'PassThrough', 'XDG_MENU_PREFIX': 'xfce-', 'XDG_RUNTIME_DIR': '/run/user/933642', 'DISPLAY': ':83.0', 'XDG_CURRENT_DESKTOP': 'XFCE', 'DOTNET_BUNDLE_EXTRACT_BASE_DIR': '/home/min/a/ecorream/.cache/dotnet_bundle_extract', 'XDG_SESSION_DESKTOP': 'xfce', 'XAUTHORITY': '/var/opt/thinlinc/sessions/ecorream/83/Xauthority', 'SSH_AUTH_SOCK': '/tmp/ssh-XXXXXXqyuYJi/agent.3104170', 'ROS_DOMAIN_ID': '40', 'PULSE_COOKIE': '/var/opt/thinlinc/sessions/ecorream/83/pulse-cookie', 'AMENT_PREFIX_PATH': '/home/min/a/ecorream/ece569-fall2025/Lab4/install/wall_description:/home/min/a/ecorream/ece569-fall2025/Lab4/install/table_description:/home/min/a/ecorream/ece569-fall2025/Lab4/install/py_joint_pub:/home/min/a/ecorream/ece569-fall2025/Lab4/install/msee22_description:/opt/ros/humble', 'SHELL': '/bin/bash', 'KRB5CCNAME': '/var/opt/thinlinc/sessions/ecorream/83/krb5cc', 'MODULEPATH_ROOT': '/usr/modulefiles', 'MODULEPATH_LOCAL': '/etc/modulefiles', 'ROS_WS': '/home/min/a/ecorream/ece569-fall2025/Lab3/ws3', 'LMOD_CMD': '/usr/share/lmod/lmod/libexec/lmod', 'KONSOLE_DBUS_SERVICE': ':1.229', 'BASH_ENV': '/usr/share/lmod/lmod/init/bash', 'PWD': '/home/min/a/ecorream/ece569-fall2025/Lab4/build/table_description', 'TLSESSIONDATA': '/var/opt/thinlinc/sessions/ecorream/83', 'XDG_CONFIG_DIRS': '/etc/xdg', 'TOWN': 'Springfield', 'XDG_DATA_DIRS': '/usr/share/gnome:/usr/local/share:/usr/share:/var/lib/snapd/desktop:/usr/share', 'PYTHONPATH': '/home/min/a/ecorream/ece569-fall2025/Lab4/build/table_description/prefix_override:/usr/lib/python3/dist-packages/colcon_core/task/python/colcon_distutils_commands:/home/min/a/ecorream/ece569-fall2025/Lab4/install/table_description/lib/python3.10/site-packages:/home/min/a/ecorream/ece569-fall2025/Lab4/build/wall_description:/home/min/a/ecorream/ece569-fall2025/Lab4/install/wall_description/lib/python3.10/site-packages:/home/min/a/ecorream/ece569-fall2025/Lab4/build/table_description:/home/min/a/ecorream/ece569-fall2025/Lab4/install/table_description/lib/python3.10/site-packages:/home/min/a/ecorream/ece569-fall2025/Lab4/build/py_joint_pub:/home/min/a/ecorream/ece569-fall2025/Lab4/install/py_joint_pub/lib/python3.10/site-packages:/home/min/a/ecorream/ece569-fall2025/Lab4/build/msee22_description:/home/min/a/ecorream/ece569-fall2025/Lab4/install/msee22_description/lib/python3.10/site-packages:/opt/ros/humble/lib/python3.10/site-packages:/opt/ros/humble/local/lib/python3.10/dist-packages', 'LMOD_arch': 'x86_64', 'COLCON': '1', 'MANPATH': '/usr/share/lmod/lmod/share/man:::/opt/thinlinc/share/man', 'MODULEPATH': '/etc/lmod/modules:/usr/share/lmod/lmod/modulefiles/:/etc/modulefiles/pkg:/package/modulefiles/ecn/common:/package/modulefiles/ecn/ubuntu', 'MODULESHOME': '/usr/share/lmod/lmod', 'LMOD_SETTARG_CMD': ':'}, 'shell': False}
[1.774964] (py_joint_pub) Command: {'cmd': ['/usr/bin/python3', '-W', 'ignore:setup.py install is deprecated', '-W', 'ignore:easy_install command is deprecated', 'setup.py', 'develop', '--editable', '--build-directory', '/home/min/a/ecorream/ece569-fall2025/Lab4/build/py_joint_pub/build', '--no-deps', 'symlink_data'], 'cwd': '/home/min/a/ecorream/ece569-fall2025/Lab4/build/py_joint_pub', 'env': {'MODULEPATH_PACKAGE': '/package/modulefiles/ecn', 'PROFILEHOME': '', 'LMOD_DIR': '/usr/share/lmod/lmod/libexec', 'MAIL': '/var/spool/mail/ecorream', 'LANGUAGE': '', 'USER': 'ecorream', 'LMOD_PACKAGE_PATH': '/etc/lmod', 'LMOD_COLORIZE': 'yes', 'SSH_AGENT_PID': '3104171', 'XDG_SESSION_TYPE': 'x11', 'LMOD_PKG': '/usr/share/lmod/lmod', 'TLPROFILE': 'xfce', 'KONSOLE_VERSION': '211203', 'SHLVL': '1', 'LD_LIBRARY_PATH': '/opt/ros/humble/opt/rviz_ogre_vendor/lib:/opt/ros/humble/lib/x86_64-linux-gnu:/opt/ros/humble/lib:/opt/thinlinc/lib64:/opt/thinlinc/lib', 'HOME': '/home/min/a/ecorream', 'D_DISABLE_RT_SCREEN_SCALE': '1', 'DESKTOP_SESSION': 'xfce', 'ROS_PYTHON_VERSION': '3', 'SHELL_SESSION_ID': 'e3a741b38ea54aabbc89ef57b5a8807d', 'KONSOLE_DBUS_SESSION': '/Sessions/1', 'LC_CTYPE': 'C.UTF-8', 'PCSCTUN_SERVER': '127.0.0.1:5736', 'DBUS_SESSION_BUS_ADDRESS': 'unix:path=/run/user/933642/bus', 'COLORTERM': 'truecolor', 'LMOD_sys': 'Linux', 'KONSOLE_DBUS_WINDOW': '/Windows/1', 'COLCON_PREFIX_PATH': '/home/min/a/ecorream/ece569-fall2025/Lab4/install', 'ROS_DISTRO': 'humble', 'LOGNAME': 'ecorream', 'LMOD_AVAIL_STYLE': 'system:<grouped>', 'WINDOWID': '65011719', 'LMOD_VERSION': '6.6', 'SUMO_HOME': '/usr/share/sumo', 'PULSE_SERVER': '127.0.0.1:5735', 'TLPREFIX': '/opt/thinlinc', '_': '/bin/colcon', 'ROS_VERSION': '2', 'XDG_SESSION_CLASS': 'user', 'COLORFGBG': '15;0', 'USERNAME': 'ecorream', 'TERM': 'xterm-256color', 'XDG_SESSION_ID': '29456', 'ROS_LOCALHOST_ONLY': '0', 'PATH': '/opt/ros/humble/bin:/usr/NX/bin:/usr/local/bin:/bin:/usr/bin:/usr/local/sbin:/usr/sbin:/sbin:/usr/opt/bin:/usr/site/ece/bin:/opt/thinlinc/bin:/snap/bin:/home/min/a/ecorream/.dotnet/tools:.:/opt/thinlinc/sbin', 'SESSION_MANAGER': 'local/eceprog2.ecn.purdue.edu:@/tmp/.ICE-unix/3104034,unix/eceprog2.ecn.purdue.edu:/tmp/.ICE-unix/3104034', 'PCSCTUN_COOKIE': '/var/opt/thinlinc/sessions/ecorream/83/pcsctun-cookie', 'LMOD_PREPEND_BLOCK': 'normal', 'LMOD_FULL_SETTARG_SUPPORT': 'no', 'QT_SCALE_FACTOR_ROUNDING_POLICY': 'PassThrough', 'XDG_MENU_PREFIX': 'xfce-', 'XDG_RUNTIME_DIR': '/run/user/933642', 'DISPLAY': ':83.0', 'XDG_CURRENT_DESKTOP': 'XFCE', 'DOTNET_BUNDLE_EXTRACT_BASE_DIR': '/home/min/a/ecorream/.cache/dotnet_bundle_extract', 'XDG_SESSION_DESKTOP': 'xfce', 'XAUTHORITY': '/var/opt/thinlinc/sessions/ecorream/83/Xauthority', 'SSH_AUTH_SOCK': '/tmp/ssh-XXXXXXqyuYJi/agent.3104170', 'ROS_DOMAIN_ID': '40', 'PULSE_COOKIE': '/var/opt/thinlinc/sessions/ecorream/83/pulse-cookie', 'AMENT_PREFIX_PATH': '/home/min/a/ecorream/ece569-fall2025/Lab4/install/wall_description:/home/min/a/ecorream/ece569-fall2025/Lab4/install/table_description:/home/min/a/ecorream/ece569-fall2025/Lab4/install/py_joint_pub:/home/min/a/ecorream/ece569-fall2025/Lab4/install/msee22_description:/opt/ros/humble', 'SHELL': '/bin/bash', 'KRB5CCNAME': '/var/opt/thinlinc/sessions/ecorream/83/krb5cc', 'MODULEPATH_ROOT': '/usr/modulefiles', 'MODULEPATH_LOCAL': '/etc/modulefiles', 'ROS_WS': '/home/min/a/ecorream/ece569-fall2025/Lab3/ws3', 'LMOD_CMD': '/usr/share/lmod/lmod/libexec/lmod', 'KONSOLE_DBUS_SERVICE': ':1.229', 'BASH_ENV': '/usr/share/lmod/lmod/init/bash', 'PWD': '/home/min/a/ecorream/ece569-fall2025/Lab4/build/py_joint_pub', 'TLSESSIONDATA': '/var/opt/thinlinc/sessions/ecorream/83', 'XDG_CONFIG_DIRS': '/etc/xdg', 'TOWN': 'Springfield', 'XDG_DATA_DIRS': '/usr/share/gnome:/usr/local/share:/usr/share:/var/lib/snapd/desktop:/usr/share', 'PYTHONPATH': '/home/min/a/ecorream/ece569-fall2025/Lab4/build/py_joint_pub/prefix_override:/usr/lib/python3/dist-packages/colcon_core/task/python/colcon_distutils_commands:/home/min/a/ecorream/ece569-fall2025/Lab4/install/py_joint_pub/lib/python3.10/site-packages:/home/min/a/ecorream/ece569-fall2025/Lab4/build/wall_description:/home/min/a/ecorream/ece569-fall2025/Lab4/install/wall_description/lib/python3.10/site-packages:/home/min/a/ecorream/ece569-fall2025/Lab4/build/table_description:/home/min/a/ecorream/ece569-fall2025/Lab4/install/table_description/lib/python3.10/site-packages:/home/min/a/ecorream/ece569-fall2025/Lab4/build/py_joint_pub:/home/min/a/ecorream/ece569-fall2025/Lab4/install/py_joint_pub/lib/python3.10/site-packages:/home/min/a/ecorream/ece569-fall2025/Lab4/build/msee22_description:/home/min/a/ecorream/ece569-fall2025/Lab4/install/msee22_description/lib/python3.10/site-packages:/opt/ros/humble/lib/python3.10/site-packages:/opt/ros/humble/local/lib/python3.10/dist-packages', 'LMOD_arch': 'x86_64', 'COLCON': '1', 'MANPATH': '/usr/share/lmod/lmod/share/man:::/opt/thinlinc/share/man', 'MODULEPATH': '/etc/lmod/modules:/usr/share/lmod/lmod/modulefiles/:/etc/modulefiles/pkg:/package/modulefiles/ecn/common:/package/modulefiles/ecn/ubuntu', 'MODULESHOME': '/usr/share/lmod/lmod', 'LMOD_SETTARG_CMD': ':'}, 'shell': False}
[1.784685] (msee22_description) Command: {'cmd': ['/usr/bin/python3', '-W', 'ignore:setup.py install is deprecated', '-W', 'ignore:easy_install command is deprecated', 'setup.py', 'develop', '--editable', '--build-directory', '/home/min/a/ecorream/ece569-fall2025/Lab4/build/msee22_description/build', '--no-deps', 'symlink_data'], 'cwd': '/home/min/a/ecorream/ece569-fall2025/Lab4/build/msee22_description', 'env': {'MODULEPATH_PACKAGE': '/package/modulefiles/ecn', 'PROFILEHOME': '', 'LMOD_DIR': '/usr/share/lmod/lmod/libexec', 'MAIL': '/var/spool/mail/ecorream', 'LANGUAGE': '', 'USER': 'ecorream', 'LMOD_PACKAGE_PATH': '/etc/lmod', 'LMOD_COLORIZE': 'yes', 'SSH_AGENT_PID': '3104171', 'XDG_SESSION_TYPE': 'x11', 'LMOD_PKG': '/usr/share/lmod/lmod', 'TLPROFILE': 'xfce', 'KONSOLE_VERSION': '211203', 'SHLVL': '1', 'LD_LIBRARY_PATH': '/opt/ros/humble/opt/rviz_ogre_vendor/lib:/opt/ros/humble/lib/x86_64-linux-gnu:/opt/ros/humble/lib:/opt/thinlinc/lib64:/opt/thinlinc/lib', 'HOME': '/home/min/a/ecorream', 'D_DISABLE_RT_SCREEN_SCALE': '1', 'DESKTOP_SESSION': 'xfce', 'ROS_PYTHON_VERSION': '3', 'SHELL_SESSION_ID': 'e3a741b38ea54aabbc89ef57b5a8807d', 'KONSOLE_DBUS_SESSION': '/Sessions/1', 'LC_CTYPE': 'C.UTF-8', 'PCSCTUN_SERVER': '127.0.0.1:5736', 'DBUS_SESSION_BUS_ADDRESS': 'unix:path=/run/user/933642/bus', 'COLORTERM': 'truecolor', 'LMOD_sys': 'Linux', 'KONSOLE_DBUS_WINDOW': '/Windows/1', 'COLCON_PREFIX_PATH': '/home/min/a/ecorream/ece569-fall2025/Lab4/install', 'ROS_DISTRO': 'humble', 'LOGNAME': 'ecorream', 'LMOD_AVAIL_STYLE': 'system:<grouped>', 'WINDOWID': '65011719', 'LMOD_VERSION': '6.6', 'SUMO_HOME': '/usr/share/sumo', 'PULSE_SERVER': '127.0.0.1:5735', 'TLPREFIX': '/opt/thinlinc', '_': '/bin/colcon', 'ROS_VERSION': '2', 'XDG_SESSION_CLASS': 'user', 'COLORFGBG': '15;0', 'USERNAME': 'ecorream', 'TERM': 'xterm-256color', 'XDG_SESSION_ID': '29456', 'ROS_LOCALHOST_ONLY': '0', 'PATH': '/opt/ros/humble/bin:/usr/NX/bin:/usr/local/bin:/bin:/usr/bin:/usr/local/sbin:/usr/sbin:/sbin:/usr/opt/bin:/usr/site/ece/bin:/opt/thinlinc/bin:/snap/bin:/home/min/a/ecorream/.dotnet/tools:.:/opt/thinlinc/sbin', 'SESSION_MANAGER': 'local/eceprog2.ecn.purdue.edu:@/tmp/.ICE-unix/3104034,unix/eceprog2.ecn.purdue.edu:/tmp/.ICE-unix/3104034', 'PCSCTUN_COOKIE': '/var/opt/thinlinc/sessions/ecorream/83/pcsctun-cookie', 'LMOD_PREPEND_BLOCK': 'normal', 'LMOD_FULL_SETTARG_SUPPORT': 'no', 'QT_SCALE_FACTOR_ROUNDING_POLICY': 'PassThrough', 'XDG_MENU_PREFIX': 'xfce-', 'XDG_RUNTIME_DIR': '/run/user/933642', 'DISPLAY': ':83.0', 'XDG_CURRENT_DESKTOP': 'XFCE', 'DOTNET_BUNDLE_EXTRACT_BASE_DIR': '/home/min/a/ecorream/.cache/dotnet_bundle_extract', 'XDG_SESSION_DESKTOP': 'xfce', 'XAUTHORITY': '/var/opt/thinlinc/sessions/ecorream/83/Xauthority', 'SSH_AUTH_SOCK': '/tmp/ssh-XXXXXXqyuYJi/agent.3104170', 'ROS_DOMAIN_ID': '40', 'PULSE_COOKIE': '/var/opt/thinlinc/sessions/ecorream/83/pulse-cookie', 'AMENT_PREFIX_PATH': '/home/min/a/ecorream/ece569-fall2025/Lab4/install/wall_description:/home/min/a/ecorream/ece569-fall2025/Lab4/install/table_description:/home/min/a/ecorream/ece569-fall2025/Lab4/install/py_joint_pub:/home/min/a/ecorream/ece569-fall2025/Lab4/install/msee22_description:/opt/ros/humble', 'SHELL': '/bin/bash', 'KRB5CCNAME': '/var/opt/thinlinc/sessions/ecorream/83/krb5cc', 'MODULEPATH_ROOT': '/usr/modulefiles', 'MODULEPATH_LOCAL': '/etc/modulefiles', 'ROS_WS': '/home/min/a/ecorream/ece569-fall2025/Lab3/ws3', 'LMOD_CMD': '/usr/share/lmod/lmod/libexec/lmod', 'KONSOLE_DBUS_SERVICE': ':1.229', 'BASH_ENV': '/usr/share/lmod/lmod/init/bash', 'PWD': '/home/min/a/ecorream/ece569-fall2025/Lab4/build/msee22_description', 'TLSESSIONDATA': '/var/opt/thinlinc/sessions/ecorream/83', 'XDG_CONFIG_DIRS': '/etc/xdg', 'TOWN': 'Springfield', 'XDG_DATA_DIRS': '/usr/share/gnome:/usr/local/share:/usr/share:/var/lib/snapd/desktop:/usr/share', 'PYTHONPATH': '/home/min/a/ecorream/ece569-fall2025/Lab4/build/msee22_description/prefix_override:/usr/lib/python3/dist-packages/colcon_core/task/python/colcon_distutils_commands:/home/min/a/ecorream/ece569-fall2025/Lab4/install/msee22_description/lib/python3.10/site-packages:/home/min/a/ecorream/ece569-fall2025/Lab4/build/wall_description:/home/min/a/ecorream/ece569-fall2025/Lab4/install/wall_description/lib/python3.10/site-packages:/home/min/a/ecorream/ece569-fall2025/Lab4/build/table_description:/home/min/a/ecorream/ece569-fall2025/Lab4/install/table_description/lib/python3.10/site-packages:/home/min/a/ecorream/ece569-fall2025/Lab4/build/py_joint_pub:/home/min/a/ecorream/ece569-fall2025/Lab4/install/py_joint_pub/lib/python3.10/site-packages:/home/min/a/ecorream/ece569-fall2025/Lab4/build/msee22_description:/home/min/a/ecorream/ece569-fall2025/Lab4/install/msee22_description/lib/python3.10/site-packages:/opt/ros/humble/lib/python3.10/site-packages:/opt/ros/humble/local/lib/python3.10/dist-packages', 'LMOD_arch': 'x86_64', 'COLCON': '1', 'MANPATH': '/usr/share/lmod/lmod/share/man:::/opt/thinlinc/share/man', 'MODULEPATH': '/etc/lmod/modules:/usr/share/lmod/lmod/modulefiles/:/etc/modulefiles/pkg:/package/modulefiles/ecn/common:/package/modulefiles/ecn/ubuntu', 'MODULESHOME': '/usr/share/lmod/lmod', 'LMOD_SETTARG_CMD': ':'}, 'shell': False}
[1.793270] (wall_description) Command: {'cmd': ['/usr/bin/python3', '-W', 'ignore:setup.py install is deprecated', '-W', 'ignore:easy_install command is deprecated', 'setup.py', 'develop', '--editable', '--build-directory', '/home/min/a/ecorream/ece569-fall2025/Lab4/build/wall_description/build', '--no-deps', 'symlink_data'], 'cwd': '/home/min/a/ecorream/ece569-fall2025/Lab4/build/wall_description', 'env': {'MODULEPATH_PACKAGE': '/package/modulefiles/ecn', 'PROFILEHOME': '', 'LMOD_DIR': '/usr/share/lmod/lmod/libexec', 'MAIL': '/var/spool/mail/ecorream', 'LANGUAGE': '', 'USER': 'ecorream', 'LMOD_PACKAGE_PATH': '/etc/lmod', 'LMOD_COLORIZE': 'yes', 'SSH_AGENT_PID': '3104171', 'XDG_SESSION_TYPE': 'x11', 'LMOD_PKG': '/usr/share/lmod/lmod', 'TLPROFILE': 'xfce', 'KONSOLE_VERSION': '211203', 'SHLVL': '1', 'LD_LIBRARY_PATH': '/opt/ros/humble/opt/rviz_ogre_vendor/lib:/opt/ros/humble/lib/x86_64-linux-gnu:/opt/ros/humble/lib:/opt/thinlinc/lib64:/opt/thinlinc/lib', 'HOME': '/home/min/a/ecorream', 'D_DISABLE_RT_SCREEN_SCALE': '1', 'DESKTOP_SESSION': 'xfce', 'ROS_PYTHON_VERSION': '3', 'SHELL_SESSION_ID': 'e3a741b38ea54aabbc89ef57b5a8807d', 'KONSOLE_DBUS_SESSION': '/Sessions/1', 'LC_CTYPE': 'C.UTF-8', 'PCSCTUN_SERVER': '127.0.0.1:5736', 'DBUS_SESSION_BUS_ADDRESS': 'unix:path=/run/user/933642/bus', 'COLORTERM': 'truecolor', 'LMOD_sys': 'Linux', 'KONSOLE_DBUS_WINDOW': '/Windows/1', 'COLCON_PREFIX_PATH': '/home/min/a/ecorream/ece569-fall2025/Lab4/install', 'ROS_DISTRO': 'humble', 'LOGNAME': 'ecorream', 'LMOD_AVAIL_STYLE': 'system:<grouped>', 'WINDOWID': '65011719', 'LMOD_VERSION': '6.6', 'SUMO_HOME': '/usr/share/sumo', 'PULSE_SERVER': '127.0.0.1:5735', 'TLPREFIX': '/opt/thinlinc', '_': '/bin/colcon', 'ROS_VERSION': '2', 'XDG_SESSION_CLASS': 'user', 'COLORFGBG': '15;0', 'USERNAME': 'ecorream', 'TERM': 'xterm-256color', 'XDG_SESSION_ID': '29456', 'ROS_LOCALHOST_ONLY': '0', 'PATH': '/opt/ros/humble/bin:/usr/NX/bin:/usr/local/bin:/bin:/usr/bin:/usr/local/sbin:/usr/sbin:/sbin:/usr/opt/bin:/usr/site/ece/bin:/opt/thinlinc/bin:/snap/bin:/home/min/a/ecorream/.dotnet/tools:.:/opt/thinlinc/sbin', 'SESSION_MANAGER': 'local/eceprog2.ecn.purdue.edu:@/tmp/.ICE-unix/3104034,unix/eceprog2.ecn.purdue.edu:/tmp/.ICE-unix/3104034', 'PCSCTUN_COOKIE': '/var/opt/thinlinc/sessions/ecorream/83/pcsctun-cookie', 'LMOD_PREPEND_BLOCK': 'normal', 'LMOD_FULL_SETTARG_SUPPORT': 'no', 'QT_SCALE_FACTOR_ROUNDING_POLICY': 'PassThrough', 'XDG_MENU_PREFIX': 'xfce-', 'XDG_RUNTIME_DIR': '/run/user/933642', 'DISPLAY': ':83.0', 'XDG_CURRENT_DESKTOP': 'XFCE', 'DOTNET_BUNDLE_EXTRACT_BASE_DIR': '/home/min/a/ecorream/.cache/dotnet_bundle_extract', 'XDG_SESSION_DESKTOP': 'xfce', 'XAUTHORITY': '/var/opt/thinlinc/sessions/ecorream/83/Xauthority', 'SSH_AUTH_SOCK': '/tmp/ssh-XXXXXXqyuYJi/agent.3104170', 'ROS_DOMAIN_ID': '40', 'PULSE_COOKIE': '/var/opt/thinlinc/sessions/ecorream/83/pulse-cookie', 'AMENT_PREFIX_PATH': '/home/min/a/ecorream/ece569-fall2025/Lab4/install/wall_description:/home/min/a/ecorream/ece569-fall2025/Lab4/install/table_description:/home/min/a/ecorream/ece569-fall2025/Lab4/install/py_joint_pub:/home/min/a/ecorream/ece569-fall2025/Lab4/install/msee22_description:/opt/ros/humble', 'SHELL': '/bin/bash', 'KRB5CCNAME': '/var/opt/thinlinc/sessions/ecorream/83/krb5cc', 'MODULEPATH_ROOT': '/usr/modulefiles', 'MODULEPATH_LOCAL': '/etc/modulefiles', 'ROS_WS': '/home/min/a/ecorream/ece569-fall2025/Lab3/ws3', 'LMOD_CMD': '/usr/share/lmod/lmod/libexec/lmod', 'KONSOLE_DBUS_SERVICE': ':1.229', 'BASH_ENV': '/usr/share/lmod/lmod/init/bash', 'PWD': '/home/min/a/ecorream/ece569-fall2025/Lab4/build/wall_description', 'TLSESSIONDATA': '/var/opt/thinlinc/sessions/ecorream/83', 'XDG_CONFIG_DIRS': '/etc/xdg', 'TOWN': 'Springfield', 'XDG_DATA_DIRS': '/usr/share/gnome:/usr/local/share:/usr/share:/var/lib/snapd/desktop:/usr/share', 'PYTHONPATH': '/home/min/a/ecorream/ece569-fall2025/Lab4/build/wall_description/prefix_override:/usr/lib/python3/dist-packages/colcon_core/task/python/colcon_distutils_commands:/home/min/a/ecorream/ece569-fall2025/Lab4/install/wall_description/lib/python3.10/site-packages:/home/min/a/ecorream/ece569-fall2025/Lab4/build/wall_description:/home/min/a/ecorream/ece569-fall2025/Lab4/install/wall_description/lib/python3.10/site-packages:/home/min/a/ecorream/ece569-fall2025/Lab4/build/table_description:/home/min/a/ecorream/ece569-fall2025/Lab4/install/table_description/lib/python3.10/site-packages:/home/min/a/ecorream/ece569-fall2025/Lab4/build/py_joint_pub:/home/min/a/ecorream/ece569-fall2025/Lab4/install/py_joint_pub/lib/python3.10/site-packages:/home/min/a/ecorream/ece569-fall2025/Lab4/build/msee22_description:/home/min/a/ecorream/ece569-fall2025/Lab4/install/msee22_description/lib/python3.10/site-packages:/opt/ros/humble/lib/python3.10/site-packages:/opt/ros/humble/local/lib/python3.10/dist-packages', 'LMOD_arch': 'x86_64', 'COLCON': '1', 'MANPATH': '/usr/share/lmod/lmod/share/man:::/opt/thinlinc/share/man', 'MODULEPATH': '/etc/lmod/modules:/usr/share/lmod/lmod/modulefiles/:/etc/modulefiles/pkg:/package/modulefiles/ecn/common:/package/modulefiles/ecn/ubuntu', 'MODULESHOME': '/usr/share/lmod/lmod', 'LMOD_SETTARG_CMD': ':'}, 'shell': False}
[1.814591] (-) TimerEvent: {}
[1.914817] (-) TimerEvent: {}
[2.015100] (-) TimerEvent: {}
[2.096164] (table_description) StdoutLine: {'line': b'running develop\n'}
[2.110041] (py_joint_pub) StdoutLine: {'line': b'running develop\n'}
[2.115166] (-) TimerEvent: {}
[2.118111] (wall_description) StdoutLine: {'line': b'running develop\n'}
[2.118525] (msee22_description) StdoutLine: {'line': b'running develop\n'}
[2.215273] (-) TimerEvent: {}
[2.315554] (-) TimerEvent: {}
[2.351998] (table_description) StdoutLine: {'line': b'running egg_info\n'}
[2.352317] (table_description) StdoutLine: {'line': b'writing table_description.egg-info/PKG-INFO\n'}
[2.353343] (table_description) StdoutLine: {'line': b'writing dependency_links to table_description.egg-info/dependency_links.txt\n'}
[2.354038] (table_description) StdoutLine: {'line': b'writing entry points to table_description.egg-info/entry_points.txt\n'}
[2.354736] (table_description) StdoutLine: {'line': b'writing requirements to table_description.egg-info/requires.txt\n'}
[2.355458] (table_description) StdoutLine: {'line': b'writing top-level names to table_description.egg-info/top_level.txt\n'}
[2.359421] (table_description) StdoutLine: {'line': b"reading manifest file 'table_description.egg-info/SOURCES.txt'\n"}
[2.361008] (table_description) StdoutLine: {'line': b"writing manifest file 'table_description.egg-info/SOURCES.txt'\n"}
[2.362860] (table_description) StdoutLine: {'line': b'running build_ext\n'}
[2.362999] (table_description) StdoutLine: {'line': b'Creating /home/min/a/ecorream/ece569-fall2025/Lab4/install/table_description/lib/python3.10/site-packages/table-description.egg-link (link to .)\n'}
[2.365547] (table_description) StdoutLine: {'line': b'\n'}
[2.365618] (table_description) StdoutLine: {'line': b'Installed /home/min/a/ecorream/ece569-fall2025/Lab4/build/table_description\n'}
[2.365892] (table_description) StdoutLine: {'line': b'running symlink_data\n'}
[2.368882] (wall_description) StdoutLine: {'line': b'running egg_info\n'}
[2.369125] (wall_description) StdoutLine: {'line': b'writing wall_description.egg-info/PKG-INFO\n'}
[2.370045] (wall_description) StdoutLine: {'line': b'writing dependency_links to wall_description.egg-info/dependency_links.txt\n'}
[2.370847] (wall_description) StdoutLine: {'line': b'writing entry points to wall_description.egg-info/entry_points.txt\n'}
[2.371555] (wall_description) StdoutLine: {'line': b'writing requirements to wall_description.egg-info/requires.txt\n'}
[2.372244] (wall_description) StdoutLine: {'line': b'writing top-level names to wall_description.egg-info/top_level.txt\n'}
[2.372796] (py_joint_pub) StdoutLine: {'line': b'running egg_info\n'}
[2.373206] (py_joint_pub) StdoutLine: {'line': b'writing py_joint_pub.egg-info/PKG-INFO\n'}
[2.374138] (py_joint_pub) StdoutLine: {'line': b'writing dependency_links to py_joint_pub.egg-info/dependency_links.txt\n'}
[2.374940] (py_joint_pub) StdoutLine: {'line': b'writing entry points to py_joint_pub.egg-info/entry_points.txt\n'}
[2.375699] (py_joint_pub) StdoutLine: {'line': b'writing requirements to py_joint_pub.egg-info/requires.txt\n'}
[2.376422] (wall_description) StdoutLine: {'line': b"reading manifest file 'wall_description.egg-info/SOURCES.txt'\n"}
[2.376522] (py_joint_pub) StdoutLine: {'line': b'writing top-level names to py_joint_pub.egg-info/top_level.txt\n'}
[2.378091] (wall_description) StdoutLine: {'line': b"writing manifest file 'wall_description.egg-info/SOURCES.txt'\n"}
[2.378598] (msee22_description) StdoutLine: {'line': b'running egg_info\n'}
[2.378971] (msee22_description) StdoutLine: {'line': b'writing msee22_description.egg-info/PKG-INFO\n'}
[2.379861] (wall_description) StdoutLine: {'line': b'running build_ext\n'}
[2.380006] (msee22_description) StdoutLine: {'line': b'writing dependency_links to msee22_description.egg-info/dependency_links.txt\n'}
[2.380158] (wall_description) StdoutLine: {'line': b'Creating /home/min/a/ecorream/ece569-fall2025/Lab4/install/wall_description/lib/python3.10/site-packages/wall-description.egg-link (link to .)\n'}
[2.380760] (msee22_description) StdoutLine: {'line': b'writing entry points to msee22_description.egg-info/entry_points.txt\n'}
[2.381537] (msee22_description) StdoutLine: {'line': b'writing requirements to msee22_description.egg-info/requires.txt\n'}
[2.381606] (py_joint_pub) StdoutLine: {'line': b"reading manifest file 'py_joint_pub.egg-info/SOURCES.txt'\n"}
[2.382244] (msee22_description) StdoutLine: {'line': b'writing top-level names to msee22_description.egg-info/top_level.txt\n'}
[2.382741] (wall_description) StdoutLine: {'line': b'\n'}
[2.382799] (wall_description) StdoutLine: {'line': b'Installed /home/min/a/ecorream/ece569-fall2025/Lab4/build/wall_description\n'}
[2.383062] (wall_description) StdoutLine: {'line': b'running symlink_data\n'}
[2.383356] (py_joint_pub) StdoutLine: {'line': b"writing manifest file 'py_joint_pub.egg-info/SOURCES.txt'\n"}
[2.385407] (py_joint_pub) StdoutLine: {'line': b'running build_ext\n'}
[2.385584] (py_joint_pub) StdoutLine: {'line': b'Creating /home/min/a/ecorream/ece569-fall2025/Lab4/install/py_joint_pub/lib/python3.10/site-packages/py-joint-pub.egg-link (link to .)\n'}
[2.386705] (msee22_description) StdoutLine: {'line': b"reading manifest file 'msee22_description.egg-info/SOURCES.txt'\n"}
[2.388080] (py_joint_pub) StdoutLine: {'line': b'Installing csv script to /home/min/a/ecorream/ece569-fall2025/Lab4/install/py_joint_pub/lib/py_joint_pub\n'}
[2.388437] (msee22_description) StdoutLine: {'line': b"writing manifest file 'msee22_description.egg-info/SOURCES.txt'\n"}
[2.389571] (table_description) CommandEnded: {'returncode': 0}
[2.391605] (msee22_description) StdoutLine: {'line': b'running build_ext\n'}
[2.391694] (msee22_description) StdoutLine: {'line': b'Creating /home/min/a/ecorream/ece569-fall2025/Lab4/install/msee22_description/lib/python3.10/site-packages/msee22-description.egg-link (link to .)\n'}
[2.391998] (py_joint_pub) StdoutLine: {'line': b'\n'}
[2.392059] (py_joint_pub) StdoutLine: {'line': b'Installed /home/min/a/ecorream/ece569-fall2025/Lab4/build/py_joint_pub\n'}
[2.392371] (py_joint_pub) StdoutLine: {'line': b'running symlink_data\n'}
[2.393367] (msee22_description) StdoutLine: {'line': b'\n'}
[2.393461] (msee22_description) StdoutLine: {'line': b'Installed /home/min/a/ecorream/ece569-fall2025/Lab4/build/msee22_description\n'}
[2.393642] (msee22_description) StdoutLine: {'line': b'running symlink_data\n'}
[2.415675] (-) TimerEvent: {}
[2.416226] (table_description) JobEnded: {'identifier': 'table_description', 'rc': 0}
[2.420404] (wall_description) CommandEnded: {'returncode': 0}
[2.440391] (wall_description) JobEnded: {'identifier': 'wall_description', 'rc': 0}
[2.443324] (msee22_description) CommandEnded: {'returncode': 0}
[2.460958] (msee22_description) JobEnded: {'identifier': 'msee22_description', 'rc': 0}
[2.464595] (py_joint_pub) CommandEnded: {'returncode': 0}
[2.483632] (py_joint_pub) JobEnded: {'identifier': 'py_joint_pub', 'rc': 0}
[2.485954] (-) EventReactorShutdown: {}
