[0.104s] DEBUG:colcon:Command line arguments: ['/bin/colcon', 'build', '--symlink-install']
[0.104s] DEBUG:colcon:Parsed command line arguments: Namespace(log_base=None, log_level=None, verb_name='build', build_base='build', install_base='install', merge_install=False, symlink_install=True, test_result_base=None, continue_on_error=False, executor='parallel', parallel_workers=128, event_handlers=None, ignore_user_meta=False, metas=['./colcon.meta'], base_paths=['.'], packages_ignore=None, packages_ignore_regex=None, paths=None, packages_up_to=None, packages_up_to_regex=None, packages_above=None, packages_above_and_dependencies=None, packages_above_depth=None, packages_select_by_dep=None, packages_skip_by_dep=None, packages_skip_up_to=None, packages_select_build_failed=False, packages_skip_build_finished=False, packages_select_test_failures=False, packages_skip_test_passed=False, packages_select=None, packages_skip=None, packages_select_regex=None, packages_skip_regex=None, packages_start=None, packages_end=None, allow_overriding=[], cmake_args=None, cmake_target=None, cmake_target_skip_unavailable=False, cmake_clean_cache=False, cmake_clean_first=False, cmake_force_configure=False, ament_cmake_args=None, catkin_cmake_args=None, catkin_skip_building_tests=False, verb_parser=<colcon_defaults.argument_parser.defaults.DefaultArgumentsDecorator object at 0x7f037a828f10>, verb_extension=<colcon_core.verb.build.BuildVerb object at 0x7f037a828a00>, main=<bound method BuildVerb.main of <colcon_core.verb.build.BuildVerb object at 0x7f037a828a00>>)
[0.327s] Level 1:colcon.colcon_core.package_discovery:discover_packages(colcon_meta) check parameters
[0.327s] Level 1:colcon.colcon_core.package_discovery:discover_packages(recursive) check parameters
[0.327s] Level 1:colcon.colcon_core.package_discovery:discover_packages(ignore) check parameters
[0.327s] Level 1:colcon.colcon_core.package_discovery:discover_packages(path) check parameters
[0.327s] Level 1:colcon.colcon_core.package_discovery:discover_packages(colcon_meta) discover
[0.327s] Level 1:colcon.colcon_core.package_discovery:discover_packages(recursive) discover
[0.327s] INFO:colcon.colcon_core.package_discovery:Crawling recursively for packages in '/home/min/a/ecorream/ece569-fall2025/Lab4'
[0.327s] Level 1:colcon.colcon_core.package_identification:_identify(.) by extensions ['ignore', 'ignore_ament_install']
[0.327s] Level 1:colcon.colcon_core.package_identification:_identify(.) by extension 'ignore'
[0.327s] Level 1:colcon.colcon_core.package_identification:_identify(.) by extension 'ignore_ament_install'
[0.327s] Level 1:colcon.colcon_core.package_identification:_identify(.) by extensions ['colcon_pkg']
[0.327s] Level 1:colcon.colcon_core.package_identification:_identify(.) by extension 'colcon_pkg'
[0.327s] Level 1:colcon.colcon_core.package_identification:_identify(.) by extensions ['colcon_meta']
[0.327s] Level 1:colcon.colcon_core.package_identification:_identify(.) by extension 'colcon_meta'
[0.327s] Level 1:colcon.colcon_core.package_identification:_identify(.) by extensions ['ros']
[0.327s] Level 1:colcon.colcon_core.package_identification:_identify(.) by extension 'ros'
[0.344s] Level 1:colcon.colcon_core.package_identification:_identify(.) by extensions ['cmake', 'python']
[0.344s] Level 1:colcon.colcon_core.package_identification:_identify(.) by extension 'cmake'
[0.344s] Level 1:colcon.colcon_core.package_identification:_identify(.) by extension 'python'
[0.344s] Level 1:colcon.colcon_core.package_identification:_identify(.) by extensions ['python_setup_py']
[0.344s] Level 1:colcon.colcon_core.package_identification:_identify(.) by extension 'python_setup_py'
[0.345s] Level 1:colcon.colcon_core.package_identification:_identify(MATLAB) by extensions ['ignore', 'ignore_ament_install']
[0.345s] Level 1:colcon.colcon_core.package_identification:_identify(MATLAB) by extension 'ignore'
[0.345s] Level 1:colcon.colcon_core.package_identification:_identify(MATLAB) by extension 'ignore_ament_install'
[0.345s] Level 1:colcon.colcon_core.package_identification:_identify(MATLAB) by extensions ['colcon_pkg']
[0.345s] Level 1:colcon.colcon_core.package_identification:_identify(MATLAB) by extension 'colcon_pkg'
[0.345s] Level 1:colcon.colcon_core.package_identification:_identify(MATLAB) by extensions ['colcon_meta']
[0.345s] Level 1:colcon.colcon_core.package_identification:_identify(MATLAB) by extension 'colcon_meta'
[0.345s] Level 1:colcon.colcon_core.package_identification:_identify(MATLAB) by extensions ['ros']
[0.345s] Level 1:colcon.colcon_core.package_identification:_identify(MATLAB) by extension 'ros'
[0.345s] Level 1:colcon.colcon_core.package_identification:_identify(MATLAB) by extensions ['cmake', 'python']
[0.345s] Level 1:colcon.colcon_core.package_identification:_identify(MATLAB) by extension 'cmake'
[0.345s] Level 1:colcon.colcon_core.package_identification:_identify(MATLAB) by extension 'python'
[0.345s] Level 1:colcon.colcon_core.package_identification:_identify(MATLAB) by extensions ['python_setup_py']
[0.345s] Level 1:colcon.colcon_core.package_identification:_identify(MATLAB) by extension 'python_setup_py'
[0.345s] Level 1:colcon.colcon_core.package_identification:_identify(MATLAB/functions) by extensions ['ignore', 'ignore_ament_install']
[0.346s] Level 1:colcon.colcon_core.package_identification:_identify(MATLAB/functions) by extension 'ignore'
[0.346s] Level 1:colcon.colcon_core.package_identification:_identify(MATLAB/functions) by extension 'ignore_ament_install'
[0.346s] Level 1:colcon.colcon_core.package_identification:_identify(MATLAB/functions) by extensions ['colcon_pkg']
[0.346s] Level 1:colcon.colcon_core.package_identification:_identify(MATLAB/functions) by extension 'colcon_pkg'
[0.346s] Level 1:colcon.colcon_core.package_identification:_identify(MATLAB/functions) by extensions ['colcon_meta']
[0.346s] Level 1:colcon.colcon_core.package_identification:_identify(MATLAB/functions) by extension 'colcon_meta'
[0.346s] Level 1:colcon.colcon_core.package_identification:_identify(MATLAB/functions) by extensions ['ros']
[0.346s] Level 1:colcon.colcon_core.package_identification:_identify(MATLAB/functions) by extension 'ros'
[0.346s] Level 1:colcon.colcon_core.package_identification:_identify(MATLAB/functions) by extensions ['cmake', 'python']
[0.346s] Level 1:colcon.colcon_core.package_identification:_identify(MATLAB/functions) by extension 'cmake'
[0.346s] Level 1:colcon.colcon_core.package_identification:_identify(MATLAB/functions) by extension 'python'
[0.346s] Level 1:colcon.colcon_core.package_identification:_identify(MATLAB/functions) by extensions ['python_setup_py']
[0.346s] Level 1:colcon.colcon_core.package_identification:_identify(MATLAB/functions) by extension 'python_setup_py'
[0.346s] Level 1:colcon.colcon_core.package_identification:_identify(MATLAB/tests) by extensions ['ignore', 'ignore_ament_install']
[0.346s] Level 1:colcon.colcon_core.package_identification:_identify(MATLAB/tests) by extension 'ignore'
[0.346s] Level 1:colcon.colcon_core.package_identification:_identify(MATLAB/tests) by extension 'ignore_ament_install'
[0.346s] Level 1:colcon.colcon_core.package_identification:_identify(MATLAB/tests) by extensions ['colcon_pkg']
[0.346s] Level 1:colcon.colcon_core.package_identification:_identify(MATLAB/tests) by extension 'colcon_pkg'
[0.346s] Level 1:colcon.colcon_core.package_identification:_identify(MATLAB/tests) by extensions ['colcon_meta']
[0.347s] Level 1:colcon.colcon_core.package_identification:_identify(MATLAB/tests) by extension 'colcon_meta'
[0.347s] Level 1:colcon.colcon_core.package_identification:_identify(MATLAB/tests) by extensions ['ros']
[0.347s] Level 1:colcon.colcon_core.package_identification:_identify(MATLAB/tests) by extension 'ros'
[0.347s] Level 1:colcon.colcon_core.package_identification:_identify(MATLAB/tests) by extensions ['cmake', 'python']
[0.347s] Level 1:colcon.colcon_core.package_identification:_identify(MATLAB/tests) by extension 'cmake'
[0.347s] Level 1:colcon.colcon_core.package_identification:_identify(MATLAB/tests) by extension 'python'
[0.347s] Level 1:colcon.colcon_core.package_identification:_identify(MATLAB/tests) by extensions ['python_setup_py']
[0.347s] Level 1:colcon.colcon_core.package_identification:_identify(MATLAB/tests) by extension 'python_setup_py'
[0.347s] Level 1:colcon.colcon_core.package_identification:_identify(Python) by extensions ['ignore', 'ignore_ament_install']
[0.347s] Level 1:colcon.colcon_core.package_identification:_identify(Python) by extension 'ignore'
[0.347s] Level 1:colcon.colcon_core.package_identification:_identify(Python) by extension 'ignore_ament_install'
[0.347s] Level 1:colcon.colcon_core.package_identification:_identify(Python) by extensions ['colcon_pkg']
[0.347s] Level 1:colcon.colcon_core.package_identification:_identify(Python) by extension 'colcon_pkg'
[0.347s] Level 1:colcon.colcon_core.package_identification:_identify(Python) by extensions ['colcon_meta']
[0.347s] Level 1:colcon.colcon_core.package_identification:_identify(Python) by extension 'colcon_meta'
[0.347s] Level 1:colcon.colcon_core.package_identification:_identify(Python) by extensions ['ros']
[0.347s] Level 1:colcon.colcon_core.package_identification:_identify(Python) by extension 'ros'
[0.347s] Level 1:colcon.colcon_core.package_identification:_identify(Python) by extensions ['cmake', 'python']
[0.347s] Level 1:colcon.colcon_core.package_identification:_identify(Python) by extension 'cmake'
[0.347s] Level 1:colcon.colcon_core.package_identification:_identify(Python) by extension 'python'
[0.347s] Level 1:colcon.colcon_core.package_identification:_identify(Python) by extensions ['python_setup_py']
[0.347s] Level 1:colcon.colcon_core.package_identification:_identify(Python) by extension 'python_setup_py'
[0.348s] Level 1:colcon.colcon_core.package_identification:_identify(build) by extensions ['ignore', 'ignore_ament_install']
[0.348s] Level 1:colcon.colcon_core.package_identification:_identify(build) by extension 'ignore'
[0.348s] Level 1:colcon.colcon_core.package_identification:_identify(build) ignored
[0.348s] Level 1:colcon.colcon_core.package_identification:_identify(install) by extensions ['ignore', 'ignore_ament_install']
[0.348s] Level 1:colcon.colcon_core.package_identification:_identify(install) by extension 'ignore'
[0.348s] Level 1:colcon.colcon_core.package_identification:_identify(install) ignored
[0.349s] Level 1:colcon.colcon_core.package_identification:_identify(log) by extensions ['ignore', 'ignore_ament_install']
[0.349s] Level 1:colcon.colcon_core.package_identification:_identify(log) by extension 'ignore'
[0.349s] Level 1:colcon.colcon_core.package_identification:_identify(log) ignored
[0.349s] Level 1:colcon.colcon_core.package_identification:_identify(ws4) by extensions ['ignore', 'ignore_ament_install']
[0.349s] Level 1:colcon.colcon_core.package_identification:_identify(ws4) by extension 'ignore'
[0.349s] Level 1:colcon.colcon_core.package_identification:_identify(ws4) by extension 'ignore_ament_install'
[0.349s] Level 1:colcon.colcon_core.package_identification:_identify(ws4) by extensions ['colcon_pkg']
[0.349s] Level 1:colcon.colcon_core.package_identification:_identify(ws4) by extension 'colcon_pkg'
[0.349s] Level 1:colcon.colcon_core.package_identification:_identify(ws4) by extensions ['colcon_meta']
[0.349s] Level 1:colcon.colcon_core.package_identification:_identify(ws4) by extension 'colcon_meta'
[0.349s] Level 1:colcon.colcon_core.package_identification:_identify(ws4) by extensions ['ros']
[0.349s] Level 1:colcon.colcon_core.package_identification:_identify(ws4) by extension 'ros'
[0.350s] Level 1:colcon.colcon_core.package_identification:_identify(ws4) by extensions ['cmake', 'python']
[0.350s] Level 1:colcon.colcon_core.package_identification:_identify(ws4) by extension 'cmake'
[0.350s] Level 1:colcon.colcon_core.package_identification:_identify(ws4) by extension 'python'
[0.350s] Level 1:colcon.colcon_core.package_identification:_identify(ws4) by extensions ['python_setup_py']
[0.350s] Level 1:colcon.colcon_core.package_identification:_identify(ws4) by extension 'python_setup_py'
[0.350s] Level 1:colcon.colcon_core.package_identification:_identify(ws4/src) by extensions ['ignore', 'ignore_ament_install']
[0.350s] Level 1:colcon.colcon_core.package_identification:_identify(ws4/src) by extension 'ignore'
[0.350s] Level 1:colcon.colcon_core.package_identification:_identify(ws4/src) by extension 'ignore_ament_install'
[0.350s] Level 1:colcon.colcon_core.package_identification:_identify(ws4/src) by extensions ['colcon_pkg']
[0.350s] Level 1:colcon.colcon_core.package_identification:_identify(ws4/src) by extension 'colcon_pkg'
[0.350s] Level 1:colcon.colcon_core.package_identification:_identify(ws4/src) by extensions ['colcon_meta']
[0.350s] Level 1:colcon.colcon_core.package_identification:_identify(ws4/src) by extension 'colcon_meta'
[0.350s] Level 1:colcon.colcon_core.package_identification:_identify(ws4/src) by extensions ['ros']
[0.350s] Level 1:colcon.colcon_core.package_identification:_identify(ws4/src) by extension 'ros'
[0.350s] Level 1:colcon.colcon_core.package_identification:_identify(ws4/src) by extensions ['cmake', 'python']
[0.350s] Level 1:colcon.colcon_core.package_identification:_identify(ws4/src) by extension 'cmake'
[0.350s] Level 1:colcon.colcon_core.package_identification:_identify(ws4/src) by extension 'python'
[0.350s] Level 1:colcon.colcon_core.package_identification:_identify(ws4/src) by extensions ['python_setup_py']
[0.350s] Level 1:colcon.colcon_core.package_identification:_identify(ws4/src) by extension 'python_setup_py'
[0.351s] Level 1:colcon.colcon_core.package_identification:_identify(ws4/src/msee22_description) by extensions ['ignore', 'ignore_ament_install']
[0.351s] Level 1:colcon.colcon_core.package_identification:_identify(ws4/src/msee22_description) by extension 'ignore'
[0.351s] Level 1:colcon.colcon_core.package_identification:_identify(ws4/src/msee22_description) by extension 'ignore_ament_install'
[0.351s] Level 1:colcon.colcon_core.package_identification:_identify(ws4/src/msee22_description) by extensions ['colcon_pkg']
[0.351s] Level 1:colcon.colcon_core.package_identification:_identify(ws4/src/msee22_description) by extension 'colcon_pkg'
[0.351s] Level 1:colcon.colcon_core.package_identification:_identify(ws4/src/msee22_description) by extensions ['colcon_meta']
[0.351s] Level 1:colcon.colcon_core.package_identification:_identify(ws4/src/msee22_description) by extension 'colcon_meta'
[0.351s] Level 1:colcon.colcon_core.package_identification:_identify(ws4/src/msee22_description) by extensions ['ros']
[0.351s] Level 1:colcon.colcon_core.package_identification:_identify(ws4/src/msee22_description) by extension 'ros'
[0.353s] DEBUG:colcon.colcon_core.package_identification:Package 'ws4/src/msee22_description' with type 'ros.ament_python' and name 'msee22_description'
[0.354s] Level 1:colcon.colcon_core.package_identification:_identify(ws4/src/py_joint_pub) by extensions ['ignore', 'ignore_ament_install']
[0.354s] Level 1:colcon.colcon_core.package_identification:_identify(ws4/src/py_joint_pub) by extension 'ignore'
[0.354s] Level 1:colcon.colcon_core.package_identification:_identify(ws4/src/py_joint_pub) by extension 'ignore_ament_install'
[0.354s] Level 1:colcon.colcon_core.package_identification:_identify(ws4/src/py_joint_pub) by extensions ['colcon_pkg']
[0.354s] Level 1:colcon.colcon_core.package_identification:_identify(ws4/src/py_joint_pub) by extension 'colcon_pkg'
[0.354s] Level 1:colcon.colcon_core.package_identification:_identify(ws4/src/py_joint_pub) by extensions ['colcon_meta']
[0.354s] Level 1:colcon.colcon_core.package_identification:_identify(ws4/src/py_joint_pub) by extension 'colcon_meta'
[0.354s] Level 1:colcon.colcon_core.package_identification:_identify(ws4/src/py_joint_pub) by extensions ['ros']
[0.354s] Level 1:colcon.colcon_core.package_identification:_identify(ws4/src/py_joint_pub) by extension 'ros'
[0.355s] DEBUG:colcon.colcon_core.package_identification:Package 'ws4/src/py_joint_pub' with type 'ros.ament_python' and name 'py_joint_pub'
[0.355s] Level 1:colcon.colcon_core.package_identification:_identify(ws4/src/table_description) by extensions ['ignore', 'ignore_ament_install']
[0.355s] Level 1:colcon.colcon_core.package_identification:_identify(ws4/src/table_description) by extension 'ignore'
[0.355s] Level 1:colcon.colcon_core.package_identification:_identify(ws4/src/table_description) by extension 'ignore_ament_install'
[0.355s] Level 1:colcon.colcon_core.package_identification:_identify(ws4/src/table_description) by extensions ['colcon_pkg']
[0.355s] Level 1:colcon.colcon_core.package_identification:_identify(ws4/src/table_description) by extension 'colcon_pkg'
[0.355s] Level 1:colcon.colcon_core.package_identification:_identify(ws4/src/table_description) by extensions ['colcon_meta']
[0.355s] Level 1:colcon.colcon_core.package_identification:_identify(ws4/src/table_description) by extension 'colcon_meta'
[0.355s] Level 1:colcon.colcon_core.package_identification:_identify(ws4/src/table_description) by extensions ['ros']
[0.355s] Level 1:colcon.colcon_core.package_identification:_identify(ws4/src/table_description) by extension 'ros'
[0.356s] DEBUG:colcon.colcon_core.package_identification:Package 'ws4/src/table_description' with type 'ros.ament_python' and name 'table_description'
[0.356s] Level 1:colcon.colcon_core.package_identification:_identify(ws4/src/wall_description) by extensions ['ignore', 'ignore_ament_install']
[0.356s] Level 1:colcon.colcon_core.package_identification:_identify(ws4/src/wall_description) by extension 'ignore'
[0.356s] Level 1:colcon.colcon_core.package_identification:_identify(ws4/src/wall_description) by extension 'ignore_ament_install'
[0.356s] Level 1:colcon.colcon_core.package_identification:_identify(ws4/src/wall_description) by extensions ['colcon_pkg']
[0.356s] Level 1:colcon.colcon_core.package_identification:_identify(ws4/src/wall_description) by extension 'colcon_pkg'
[0.356s] Level 1:colcon.colcon_core.package_identification:_identify(ws4/src/wall_description) by extensions ['colcon_meta']
[0.356s] Level 1:colcon.colcon_core.package_identification:_identify(ws4/src/wall_description) by extension 'colcon_meta'
[0.356s] Level 1:colcon.colcon_core.package_identification:_identify(ws4/src/wall_description) by extensions ['ros']
[0.357s] Level 1:colcon.colcon_core.package_identification:_identify(ws4/src/wall_description) by extension 'ros'
[0.357s] DEBUG:colcon.colcon_core.package_identification:Package 'ws4/src/wall_description' with type 'ros.ament_python' and name 'wall_description'
[0.357s] Level 1:colcon.colcon_core.package_discovery:discover_packages(recursive) using defaults
[0.357s] Level 1:colcon.colcon_core.package_discovery:discover_packages(ignore) discover
[0.357s] Level 1:colcon.colcon_core.package_discovery:discover_packages(ignore) using defaults
[0.357s] Level 1:colcon.colcon_core.package_discovery:discover_packages(path) discover
[0.357s] Level 1:colcon.colcon_core.package_discovery:discover_packages(path) using defaults
[0.377s] Level 1:colcon.colcon_core.package_discovery:discover_packages(prefix_path) check parameters
[0.377s] Level 1:colcon.colcon_core.package_discovery:discover_packages(prefix_path) discover
[0.383s] DEBUG:colcon.colcon_installed_package_information.package_discovery:Found 4 installed packages in /home/min/a/ecorream/ece569-fall2025/Lab4/install
[0.385s] DEBUG:colcon.colcon_installed_package_information.package_discovery:Found 358 installed packages in /opt/ros/humble
[0.386s] Level 1:colcon.colcon_core.package_discovery:discover_packages(prefix_path) using defaults
[0.428s] Level 5:colcon.colcon_core.verb:set package 'msee22_description' build argument 'cmake_args' from command line to 'None'
[0.428s] Level 5:colcon.colcon_core.verb:set package 'msee22_description' build argument 'cmake_target' from command line to 'None'
[0.428s] Level 5:colcon.colcon_core.verb:set package 'msee22_description' build argument 'cmake_target_skip_unavailable' from command line to 'False'
[0.428s] Level 5:colcon.colcon_core.verb:set package 'msee22_description' build argument 'cmake_clean_cache' from command line to 'False'
[0.428s] Level 5:colcon.colcon_core.verb:set package 'msee22_description' build argument 'cmake_clean_first' from command line to 'False'
[0.428s] Level 5:colcon.colcon_core.verb:set package 'msee22_description' build argument 'cmake_force_configure' from command line to 'False'
[0.428s] Level 5:colcon.colcon_core.verb:set package 'msee22_description' build argument 'ament_cmake_args' from command line to 'None'
[0.428s] Level 5:colcon.colcon_core.verb:set package 'msee22_description' build argument 'catkin_cmake_args' from command line to 'None'
[0.428s] Level 5:colcon.colcon_core.verb:set package 'msee22_description' build argument 'catkin_skip_building_tests' from command line to 'False'
[0.428s] DEBUG:colcon.colcon_core.verb:Building package 'msee22_description' with the following arguments: {'ament_cmake_args': None, 'build_base': '/home/min/a/ecorream/ece569-fall2025/Lab4/build/msee22_description', 'catkin_cmake_args': None, 'catkin_skip_building_tests': False, 'cmake_args': None, 'cmake_clean_cache': False, 'cmake_clean_first': False, 'cmake_force_configure': False, 'cmake_target': None, 'cmake_target_skip_unavailable': False, 'install_base': '/home/min/a/ecorream/ece569-fall2025/Lab4/install/msee22_description', 'merge_install': False, 'path': '/home/min/a/ecorream/ece569-fall2025/Lab4/ws4/src/msee22_description', 'symlink_install': True, 'test_result_base': None}
[0.428s] Level 5:colcon.colcon_core.verb:set package 'py_joint_pub' build argument 'cmake_args' from command line to 'None'
[0.428s] Level 5:colcon.colcon_core.verb:set package 'py_joint_pub' build argument 'cmake_target' from command line to 'None'
[0.428s] Level 5:colcon.colcon_core.verb:set package 'py_joint_pub' build argument 'cmake_target_skip_unavailable' from command line to 'False'
[0.428s] Level 5:colcon.colcon_core.verb:set package 'py_joint_pub' build argument 'cmake_clean_cache' from command line to 'False'
[0.428s] Level 5:colcon.colcon_core.verb:set package 'py_joint_pub' build argument 'cmake_clean_first' from command line to 'False'
[0.428s] Level 5:colcon.colcon_core.verb:set package 'py_joint_pub' build argument 'cmake_force_configure' from command line to 'False'
[0.428s] Level 5:colcon.colcon_core.verb:set package 'py_joint_pub' build argument 'ament_cmake_args' from command line to 'None'
[0.428s] Level 5:colcon.colcon_core.verb:set package 'py_joint_pub' build argument 'catkin_cmake_args' from command line to 'None'
[0.428s] Level 5:colcon.colcon_core.verb:set package 'py_joint_pub' build argument 'catkin_skip_building_tests' from command line to 'False'
[0.428s] DEBUG:colcon.colcon_core.verb:Building package 'py_joint_pub' with the following arguments: {'ament_cmake_args': None, 'build_base': '/home/min/a/ecorream/ece569-fall2025/Lab4/build/py_joint_pub', 'catkin_cmake_args': None, 'catkin_skip_building_tests': False, 'cmake_args': None, 'cmake_clean_cache': False, 'cmake_clean_first': False, 'cmake_force_configure': False, 'cmake_target': None, 'cmake_target_skip_unavailable': False, 'install_base': '/home/min/a/ecorream/ece569-fall2025/Lab4/install/py_joint_pub', 'merge_install': False, 'path': '/home/min/a/ecorream/ece569-fall2025/Lab4/ws4/src/py_joint_pub', 'symlink_install': True, 'test_result_base': None}
[0.429s] Level 5:colcon.colcon_core.verb:set package 'table_description' build argument 'cmake_args' from command line to 'None'
[0.429s] Level 5:colcon.colcon_core.verb:set package 'table_description' build argument 'cmake_target' from command line to 'None'
[0.429s] Level 5:colcon.colcon_core.verb:set package 'table_description' build argument 'cmake_target_skip_unavailable' from command line to 'False'
[0.429s] Level 5:colcon.colcon_core.verb:set package 'table_description' build argument 'cmake_clean_cache' from command line to 'False'
[0.429s] Level 5:colcon.colcon_core.verb:set package 'table_description' build argument 'cmake_clean_first' from command line to 'False'
[0.429s] Level 5:colcon.colcon_core.verb:set package 'table_description' build argument 'cmake_force_configure' from command line to 'False'
[0.429s] Level 5:colcon.colcon_core.verb:set package 'table_description' build argument 'ament_cmake_args' from command line to 'None'
[0.429s] Level 5:colcon.colcon_core.verb:set package 'table_description' build argument 'catkin_cmake_args' from command line to 'None'
[0.429s] Level 5:colcon.colcon_core.verb:set package 'table_description' build argument 'catkin_skip_building_tests' from command line to 'False'
[0.429s] DEBUG:colcon.colcon_core.verb:Building package 'table_description' with the following arguments: {'ament_cmake_args': None, 'build_base': '/home/min/a/ecorream/ece569-fall2025/Lab4/build/table_description', 'catkin_cmake_args': None, 'catkin_skip_building_tests': False, 'cmake_args': None, 'cmake_clean_cache': False, 'cmake_clean_first': False, 'cmake_force_configure': False, 'cmake_target': None, 'cmake_target_skip_unavailable': False, 'install_base': '/home/min/a/ecorream/ece569-fall2025/Lab4/install/table_description', 'merge_install': False, 'path': '/home/min/a/ecorream/ece569-fall2025/Lab4/ws4/src/table_description', 'symlink_install': True, 'test_result_base': None}
[0.429s] Level 5:colcon.colcon_core.verb:set package 'wall_description' build argument 'cmake_args' from command line to 'None'
[0.429s] Level 5:colcon.colcon_core.verb:set package 'wall_description' build argument 'cmake_target' from command line to 'None'
[0.429s] Level 5:colcon.colcon_core.verb:set package 'wall_description' build argument 'cmake_target_skip_unavailable' from command line to 'False'
[0.429s] Level 5:colcon.colcon_core.verb:set package 'wall_description' build argument 'cmake_clean_cache' from command line to 'False'
[0.429s] Level 5:colcon.colcon_core.verb:set package 'wall_description' build argument 'cmake_clean_first' from command line to 'False'
[0.429s] Level 5:colcon.colcon_core.verb:set package 'wall_description' build argument 'cmake_force_configure' from command line to 'False'
[0.429s] Level 5:colcon.colcon_core.verb:set package 'wall_description' build argument 'ament_cmake_args' from command line to 'None'
[0.429s] Level 5:colcon.colcon_core.verb:set package 'wall_description' build argument 'catkin_cmake_args' from command line to 'None'
[0.429s] Level 5:colcon.colcon_core.verb:set package 'wall_description' build argument 'catkin_skip_building_tests' from command line to 'False'
[0.429s] DEBUG:colcon.colcon_core.verb:Building package 'wall_description' with the following arguments: {'ament_cmake_args': None, 'build_base': '/home/min/a/ecorream/ece569-fall2025/Lab4/build/wall_description', 'catkin_cmake_args': None, 'catkin_skip_building_tests': False, 'cmake_args': None, 'cmake_clean_cache': False, 'cmake_clean_first': False, 'cmake_force_configure': False, 'cmake_target': None, 'cmake_target_skip_unavailable': False, 'install_base': '/home/min/a/ecorream/ece569-fall2025/Lab4/install/wall_description', 'merge_install': False, 'path': '/home/min/a/ecorream/ece569-fall2025/Lab4/ws4/src/wall_description', 'symlink_install': True, 'test_result_base': None}
[0.429s] INFO:colcon.colcon_core.executor:Executing jobs using 'parallel' executor
[0.430s] DEBUG:colcon.colcon_parallel_executor.executor.parallel:run_until_complete
[0.430s] INFO:colcon.colcon_ros.task.ament_python.build:Building ROS package in '/home/min/a/ecorream/ece569-fall2025/Lab4/ws4/src/msee22_description' with build type 'ament_python'
[0.431s] Level 1:colcon.colcon_core.shell:create_environment_hook('msee22_description', 'ament_prefix_path')
[0.432s] INFO:colcon.colcon_core.plugin_system:Skipping extension 'colcon_core.shell.bat': Not used on non-Windows systems
[0.432s] INFO:colcon.colcon_core.shell:Creating environment hook '/home/min/a/ecorream/ece569-fall2025/Lab4/install/msee22_description/share/msee22_description/hook/ament_prefix_path.ps1'
[0.434s] INFO:colcon.colcon_core.shell:Creating environment descriptor '/home/min/a/ecorream/ece569-fall2025/Lab4/install/msee22_description/share/msee22_description/hook/ament_prefix_path.dsv'
[0.436s] INFO:colcon.colcon_core.shell:Creating environment hook '/home/min/a/ecorream/ece569-fall2025/Lab4/install/msee22_description/share/msee22_description/hook/ament_prefix_path.sh'
[0.437s] INFO:colcon.colcon_core.shell:Skip shell extension 'powershell' for command environment: Not usable outside of PowerShell
[0.437s] DEBUG:colcon.colcon_core.shell:Skip shell extension 'dsv' for command environment
[0.444s] INFO:colcon.colcon_ros.task.ament_python.build:Building ROS package in '/home/min/a/ecorream/ece569-fall2025/Lab4/ws4/src/py_joint_pub' with build type 'ament_python'
[0.444s] Level 1:colcon.colcon_core.shell:create_environment_hook('py_joint_pub', 'ament_prefix_path')
[0.444s] INFO:colcon.colcon_core.shell:Creating environment hook '/home/min/a/ecorream/ece569-fall2025/Lab4/install/py_joint_pub/share/py_joint_pub/hook/ament_prefix_path.ps1'
[0.446s] INFO:colcon.colcon_core.shell:Creating environment descriptor '/home/min/a/ecorream/ece569-fall2025/Lab4/install/py_joint_pub/share/py_joint_pub/hook/ament_prefix_path.dsv'
[0.447s] INFO:colcon.colcon_core.shell:Creating environment hook '/home/min/a/ecorream/ece569-fall2025/Lab4/install/py_joint_pub/share/py_joint_pub/hook/ament_prefix_path.sh'
[0.448s] INFO:colcon.colcon_core.shell:Skip shell extension 'powershell' for command environment: Not usable outside of PowerShell
[0.448s] DEBUG:colcon.colcon_core.shell:Skip shell extension 'dsv' for command environment
[0.455s] INFO:colcon.colcon_ros.task.ament_python.build:Building ROS package in '/home/min/a/ecorream/ece569-fall2025/Lab4/ws4/src/table_description' with build type 'ament_python'
[0.455s] Level 1:colcon.colcon_core.shell:create_environment_hook('table_description', 'ament_prefix_path')
[0.455s] INFO:colcon.colcon_core.shell:Creating environment hook '/home/min/a/ecorream/ece569-fall2025/Lab4/install/table_description/share/table_description/hook/ament_prefix_path.ps1'
[0.456s] INFO:colcon.colcon_core.shell:Creating environment descriptor '/home/min/a/ecorream/ece569-fall2025/Lab4/install/table_description/share/table_description/hook/ament_prefix_path.dsv'
[0.457s] INFO:colcon.colcon_core.shell:Creating environment hook '/home/min/a/ecorream/ece569-fall2025/Lab4/install/table_description/share/table_description/hook/ament_prefix_path.sh'
[0.459s] INFO:colcon.colcon_core.shell:Skip shell extension 'powershell' for command environment: Not usable outside of PowerShell
[0.459s] DEBUG:colcon.colcon_core.shell:Skip shell extension 'dsv' for command environment
[0.465s] INFO:colcon.colcon_ros.task.ament_python.build:Building ROS package in '/home/min/a/ecorream/ece569-fall2025/Lab4/ws4/src/wall_description' with build type 'ament_python'
[0.465s] Level 1:colcon.colcon_core.shell:create_environment_hook('wall_description', 'ament_prefix_path')
[0.465s] INFO:colcon.colcon_core.shell:Creating environment hook '/home/min/a/ecorream/ece569-fall2025/Lab4/install/wall_description/share/wall_description/hook/ament_prefix_path.ps1'
[0.467s] INFO:colcon.colcon_core.shell:Creating environment descriptor '/home/min/a/ecorream/ece569-fall2025/Lab4/install/wall_description/share/wall_description/hook/ament_prefix_path.dsv'
[0.468s] INFO:colcon.colcon_core.shell:Creating environment hook '/home/min/a/ecorream/ece569-fall2025/Lab4/install/wall_description/share/wall_description/hook/ament_prefix_path.sh'
[0.469s] INFO:colcon.colcon_core.shell:Skip shell extension 'powershell' for command environment: Not usable outside of PowerShell
[0.469s] DEBUG:colcon.colcon_core.shell:Skip shell extension 'dsv' for command environment
[0.781s] INFO:colcon.colcon_core.task.python.build:Building Python package in '/home/min/a/ecorream/ece569-fall2025/Lab4/ws4/src/msee22_description'
[0.781s] INFO:colcon.colcon_core.shell:Skip shell extension 'powershell' for command environment: Not usable outside of PowerShell
[0.781s] DEBUG:colcon.colcon_core.shell:Skip shell extension 'dsv' for command environment
[1.095s] INFO:colcon.colcon_core.task.python.build:Building Python package in '/home/min/a/ecorream/ece569-fall2025/Lab4/ws4/src/py_joint_pub'
[1.095s] INFO:colcon.colcon_core.shell:Skip shell extension 'powershell' for command environment: Not usable outside of PowerShell
[1.095s] DEBUG:colcon.colcon_core.shell:Skip shell extension 'dsv' for command environment
[1.410s] INFO:colcon.colcon_core.task.python.build:Building Python package in '/home/min/a/ecorream/ece569-fall2025/Lab4/ws4/src/table_description'
[1.411s] INFO:colcon.colcon_core.shell:Skip shell extension 'powershell' for command environment: Not usable outside of PowerShell
[1.411s] DEBUG:colcon.colcon_core.shell:Skip shell extension 'dsv' for command environment
[1.719s] INFO:colcon.colcon_core.task.python.build:Building Python package in '/home/min/a/ecorream/ece569-fall2025/Lab4/ws4/src/wall_description'
[1.719s] INFO:colcon.colcon_core.shell:Skip shell extension 'powershell' for command environment: Not usable outside of PowerShell
[1.719s] DEBUG:colcon.colcon_core.shell:Skip shell extension 'dsv' for command environment
[2.422s] DEBUG:colcon.colcon_core.event_handler.log_command:Invoking command in '/home/min/a/ecorream/ece569-fall2025/Lab4/build/msee22_description': PYTHONPATH=/home/min/a/ecorream/ece569-fall2025/Lab4/build/msee22_description/prefix_override:/usr/lib/python3/dist-packages/colcon_core/task/python/colcon_distutils_commands:/home/min/a/ecorream/ece569-fall2025/Lab4/install/msee22_description/lib/python3.10/site-packages:${PYTHONPATH} /usr/bin/python3 -W ignore:setup.py install is deprecated -W ignore:easy_install command is deprecated setup.py develop --editable --build-directory /home/min/a/ecorream/ece569-fall2025/Lab4/build/msee22_description/build --no-deps symlink_data
[2.427s] DEBUG:colcon.colcon_core.event_handler.log_command:Invoking command in '/home/min/a/ecorream/ece569-fall2025/Lab4/build/py_joint_pub': PYTHONPATH=/home/min/a/ecorream/ece569-fall2025/Lab4/build/py_joint_pub/prefix_override:/usr/lib/python3/dist-packages/colcon_core/task/python/colcon_distutils_commands:/home/min/a/ecorream/ece569-fall2025/Lab4/install/py_joint_pub/lib/python3.10/site-packages:${PYTHONPATH} /usr/bin/python3 -W ignore:setup.py install is deprecated -W ignore:easy_install command is deprecated setup.py develop --editable --build-directory /home/min/a/ecorream/ece569-fall2025/Lab4/build/py_joint_pub/build --no-deps symlink_data
[2.443s] DEBUG:colcon.colcon_core.event_handler.log_command:Invoking command in '/home/min/a/ecorream/ece569-fall2025/Lab4/build/wall_description': PYTHONPATH=/home/min/a/ecorream/ece569-fall2025/Lab4/build/wall_description/prefix_override:/usr/lib/python3/dist-packages/colcon_core/task/python/colcon_distutils_commands:/home/min/a/ecorream/ece569-fall2025/Lab4/install/wall_description/lib/python3.10/site-packages:${PYTHONPATH} /usr/bin/python3 -W ignore:setup.py install is deprecated -W ignore:easy_install command is deprecated setup.py develop --editable --build-directory /home/min/a/ecorream/ece569-fall2025/Lab4/build/wall_description/build --no-deps symlink_data
[2.455s] DEBUG:colcon.colcon_core.event_handler.log_command:Invoking command in '/home/min/a/ecorream/ece569-fall2025/Lab4/build/table_description': PYTHONPATH=/home/min/a/ecorream/ece569-fall2025/Lab4/build/table_description/prefix_override:/usr/lib/python3/dist-packages/colcon_core/task/python/colcon_distutils_commands:/home/min/a/ecorream/ece569-fall2025/Lab4/install/table_description/lib/python3.10/site-packages:${PYTHONPATH} /usr/bin/python3 -W ignore:setup.py install is deprecated -W ignore:easy_install command is deprecated setup.py develop --editable --build-directory /home/min/a/ecorream/ece569-fall2025/Lab4/build/table_description/build --no-deps symlink_data
[3.323s] Level 1:colcon.colcon_core.shell:create_environment_hook('py_joint_pub', 'pythonpath_develop')
[3.323s] DEBUG:colcon.colcon_core.event_handler.log_command:Invoked command in '/home/min/a/ecorream/ece569-fall2025/Lab4/build/py_joint_pub' returned '0': PYTHONPATH=/home/min/a/ecorream/ece569-fall2025/Lab4/build/py_joint_pub/prefix_override:/usr/lib/python3/dist-packages/colcon_core/task/python/colcon_distutils_commands:/home/min/a/ecorream/ece569-fall2025/Lab4/install/py_joint_pub/lib/python3.10/site-packages:${PYTHONPATH} /usr/bin/python3 -W ignore:setup.py install is deprecated -W ignore:easy_install command is deprecated setup.py develop --editable --build-directory /home/min/a/ecorream/ece569-fall2025/Lab4/build/py_joint_pub/build --no-deps symlink_data
[3.324s] INFO:colcon.colcon_core.shell:Creating environment hook '/home/min/a/ecorream/ece569-fall2025/Lab4/build/py_joint_pub/share/py_joint_pub/hook/pythonpath_develop.ps1'
[3.327s] INFO:colcon.colcon_core.shell:Creating environment descriptor '/home/min/a/ecorream/ece569-fall2025/Lab4/build/py_joint_pub/share/py_joint_pub/hook/pythonpath_develop.dsv'
[3.328s] INFO:colcon.colcon_core.shell:Creating environment hook '/home/min/a/ecorream/ece569-fall2025/Lab4/build/py_joint_pub/share/py_joint_pub/hook/pythonpath_develop.sh'
[3.332s] Level 1:colcon.colcon_core.environment:checking '/home/min/a/ecorream/ece569-fall2025/Lab4/install/py_joint_pub' for CMake module files
[3.334s] Level 1:colcon.colcon_core.environment:checking '/home/min/a/ecorream/ece569-fall2025/Lab4/install/py_joint_pub' for CMake config files
[3.337s] Level 1:colcon.colcon_core.environment:checking '/home/min/a/ecorream/ece569-fall2025/Lab4/install/py_joint_pub/lib'
[3.337s] Level 1:colcon.colcon_core.environment:checking '/home/min/a/ecorream/ece569-fall2025/Lab4/install/py_joint_pub/bin'
[3.337s] Level 1:colcon.colcon_core.environment:checking '/home/min/a/ecorream/ece569-fall2025/Lab4/install/py_joint_pub/lib/pkgconfig/py_joint_pub.pc'
[3.338s] Level 1:colcon.colcon_core.environment:checking '/home/min/a/ecorream/ece569-fall2025/Lab4/install/py_joint_pub/lib/python3.10/site-packages'
[3.338s] Level 1:colcon.colcon_core.shell:create_environment_hook('py_joint_pub', 'pythonpath')
[3.338s] INFO:colcon.colcon_core.shell:Creating environment hook '/home/min/a/ecorream/ece569-fall2025/Lab4/install/py_joint_pub/share/py_joint_pub/hook/pythonpath.ps1'
[3.340s] INFO:colcon.colcon_core.shell:Creating environment descriptor '/home/min/a/ecorream/ece569-fall2025/Lab4/install/py_joint_pub/share/py_joint_pub/hook/pythonpath.dsv'
[3.341s] INFO:colcon.colcon_core.shell:Creating environment hook '/home/min/a/ecorream/ece569-fall2025/Lab4/install/py_joint_pub/share/py_joint_pub/hook/pythonpath.sh'
[3.342s] Level 1:colcon.colcon_core.environment:checking '/home/min/a/ecorream/ece569-fall2025/Lab4/install/py_joint_pub/bin'
[3.342s] Level 1:colcon.colcon_core.environment:create_environment_scripts_only(py_joint_pub)
[3.343s] INFO:colcon.colcon_core.shell:Creating package script '/home/min/a/ecorream/ece569-fall2025/Lab4/install/py_joint_pub/share/py_joint_pub/package.ps1'
[3.344s] INFO:colcon.colcon_core.shell:Creating package descriptor '/home/min/a/ecorream/ece569-fall2025/Lab4/install/py_joint_pub/share/py_joint_pub/package.dsv'
[3.346s] INFO:colcon.colcon_core.shell:Creating package script '/home/min/a/ecorream/ece569-fall2025/Lab4/install/py_joint_pub/share/py_joint_pub/package.sh'
[3.347s] INFO:colcon.colcon_core.shell:Creating package script '/home/min/a/ecorream/ece569-fall2025/Lab4/install/py_joint_pub/share/py_joint_pub/package.bash'
[3.348s] INFO:colcon.colcon_core.shell:Creating package script '/home/min/a/ecorream/ece569-fall2025/Lab4/install/py_joint_pub/share/py_joint_pub/package.zsh'
[3.350s] Level 1:colcon.colcon_core.environment:create_file_with_runtime_dependencies(/home/min/a/ecorream/ece569-fall2025/Lab4/install/py_joint_pub/share/colcon-core/packages/py_joint_pub)
[3.353s] Level 1:colcon.colcon_core.shell:create_environment_hook('wall_description', 'pythonpath_develop')
[3.353s] INFO:colcon.colcon_core.shell:Creating environment hook '/home/min/a/ecorream/ece569-fall2025/Lab4/build/wall_description/share/wall_description/hook/pythonpath_develop.ps1'
[3.355s] DEBUG:colcon.colcon_core.event_handler.log_command:Invoked command in '/home/min/a/ecorream/ece569-fall2025/Lab4/build/wall_description' returned '0': PYTHONPATH=/home/min/a/ecorream/ece569-fall2025/Lab4/build/wall_description/prefix_override:/usr/lib/python3/dist-packages/colcon_core/task/python/colcon_distutils_commands:/home/min/a/ecorream/ece569-fall2025/Lab4/install/wall_description/lib/python3.10/site-packages:${PYTHONPATH} /usr/bin/python3 -W ignore:setup.py install is deprecated -W ignore:easy_install command is deprecated setup.py develop --editable --build-directory /home/min/a/ecorream/ece569-fall2025/Lab4/build/wall_description/build --no-deps symlink_data
[3.355s] INFO:colcon.colcon_core.shell:Creating environment descriptor '/home/min/a/ecorream/ece569-fall2025/Lab4/build/wall_description/share/wall_description/hook/pythonpath_develop.dsv'
[3.356s] INFO:colcon.colcon_core.shell:Creating environment hook '/home/min/a/ecorream/ece569-fall2025/Lab4/build/wall_description/share/wall_description/hook/pythonpath_develop.sh'
[3.358s] Level 1:colcon.colcon_core.environment:checking '/home/min/a/ecorream/ece569-fall2025/Lab4/install/wall_description' for CMake module files
[3.359s] Level 1:colcon.colcon_core.environment:checking '/home/min/a/ecorream/ece569-fall2025/Lab4/install/wall_description' for CMake config files
[3.362s] Level 1:colcon.colcon_core.environment:checking '/home/min/a/ecorream/ece569-fall2025/Lab4/install/wall_description/lib'
[3.362s] Level 1:colcon.colcon_core.environment:checking '/home/min/a/ecorream/ece569-fall2025/Lab4/install/wall_description/bin'
[3.362s] Level 1:colcon.colcon_core.environment:checking '/home/min/a/ecorream/ece569-fall2025/Lab4/install/wall_description/lib/pkgconfig/wall_description.pc'
[3.363s] Level 1:colcon.colcon_core.environment:checking '/home/min/a/ecorream/ece569-fall2025/Lab4/install/wall_description/lib/python3.10/site-packages'
[3.363s] Level 1:colcon.colcon_core.shell:create_environment_hook('wall_description', 'pythonpath')
[3.363s] INFO:colcon.colcon_core.shell:Creating environment hook '/home/min/a/ecorream/ece569-fall2025/Lab4/install/wall_description/share/wall_description/hook/pythonpath.ps1'
[3.364s] INFO:colcon.colcon_core.shell:Creating environment descriptor '/home/min/a/ecorream/ece569-fall2025/Lab4/install/wall_description/share/wall_description/hook/pythonpath.dsv'
[3.365s] INFO:colcon.colcon_core.shell:Creating environment hook '/home/min/a/ecorream/ece569-fall2025/Lab4/install/wall_description/share/wall_description/hook/pythonpath.sh'
[3.367s] Level 1:colcon.colcon_core.environment:checking '/home/min/a/ecorream/ece569-fall2025/Lab4/install/wall_description/bin'
[3.367s] Level 1:colcon.colcon_core.environment:create_environment_scripts_only(wall_description)
[3.367s] INFO:colcon.colcon_core.shell:Creating package script '/home/min/a/ecorream/ece569-fall2025/Lab4/install/wall_description/share/wall_description/package.ps1'
[3.368s] INFO:colcon.colcon_core.shell:Creating package descriptor '/home/min/a/ecorream/ece569-fall2025/Lab4/install/wall_description/share/wall_description/package.dsv'
[3.369s] INFO:colcon.colcon_core.shell:Creating package script '/home/min/a/ecorream/ece569-fall2025/Lab4/install/wall_description/share/wall_description/package.sh'
[3.370s] INFO:colcon.colcon_core.shell:Creating package script '/home/min/a/ecorream/ece569-fall2025/Lab4/install/wall_description/share/wall_description/package.bash'
[3.372s] INFO:colcon.colcon_core.shell:Creating package script '/home/min/a/ecorream/ece569-fall2025/Lab4/install/wall_description/share/wall_description/package.zsh'
[3.373s] Level 1:colcon.colcon_core.environment:create_file_with_runtime_dependencies(/home/min/a/ecorream/ece569-fall2025/Lab4/install/wall_description/share/colcon-core/packages/wall_description)
[3.373s] Level 1:colcon.colcon_core.shell:create_environment_hook('msee22_description', 'pythonpath_develop')
[3.374s] INFO:colcon.colcon_core.shell:Creating environment hook '/home/min/a/ecorream/ece569-fall2025/Lab4/build/msee22_description/share/msee22_description/hook/pythonpath_develop.ps1'
[3.375s] INFO:colcon.colcon_core.shell:Creating environment descriptor '/home/min/a/ecorream/ece569-fall2025/Lab4/build/msee22_description/share/msee22_description/hook/pythonpath_develop.dsv'
[3.376s] DEBUG:colcon.colcon_core.event_handler.log_command:Invoked command in '/home/min/a/ecorream/ece569-fall2025/Lab4/build/msee22_description' returned '0': PYTHONPATH=/home/min/a/ecorream/ece569-fall2025/Lab4/build/msee22_description/prefix_override:/usr/lib/python3/dist-packages/colcon_core/task/python/colcon_distutils_commands:/home/min/a/ecorream/ece569-fall2025/Lab4/install/msee22_description/lib/python3.10/site-packages:${PYTHONPATH} /usr/bin/python3 -W ignore:setup.py install is deprecated -W ignore:easy_install command is deprecated setup.py develop --editable --build-directory /home/min/a/ecorream/ece569-fall2025/Lab4/build/msee22_description/build --no-deps symlink_data
[3.377s] INFO:colcon.colcon_core.shell:Creating environment hook '/home/min/a/ecorream/ece569-fall2025/Lab4/build/msee22_description/share/msee22_description/hook/pythonpath_develop.sh'
[3.378s] Level 1:colcon.colcon_core.environment:checking '/home/min/a/ecorream/ece569-fall2025/Lab4/install/msee22_description' for CMake module files
[3.380s] Level 1:colcon.colcon_core.environment:checking '/home/min/a/ecorream/ece569-fall2025/Lab4/install/msee22_description' for CMake config files
[3.383s] Level 1:colcon.colcon_core.environment:checking '/home/min/a/ecorream/ece569-fall2025/Lab4/install/msee22_description/lib'
[3.383s] Level 1:colcon.colcon_core.environment:checking '/home/min/a/ecorream/ece569-fall2025/Lab4/install/msee22_description/bin'
[3.383s] Level 1:colcon.colcon_core.environment:checking '/home/min/a/ecorream/ece569-fall2025/Lab4/install/msee22_description/lib/pkgconfig/msee22_description.pc'
[3.383s] Level 1:colcon.colcon_core.environment:checking '/home/min/a/ecorream/ece569-fall2025/Lab4/install/msee22_description/lib/python3.10/site-packages'
[3.383s] Level 1:colcon.colcon_core.shell:create_environment_hook('msee22_description', 'pythonpath')
[3.383s] INFO:colcon.colcon_core.shell:Creating environment hook '/home/min/a/ecorream/ece569-fall2025/Lab4/install/msee22_description/share/msee22_description/hook/pythonpath.ps1'
[3.385s] INFO:colcon.colcon_core.shell:Creating environment descriptor '/home/min/a/ecorream/ece569-fall2025/Lab4/install/msee22_description/share/msee22_description/hook/pythonpath.dsv'
[3.386s] INFO:colcon.colcon_core.shell:Creating environment hook '/home/min/a/ecorream/ece569-fall2025/Lab4/install/msee22_description/share/msee22_description/hook/pythonpath.sh'
[3.387s] Level 1:colcon.colcon_core.environment:checking '/home/min/a/ecorream/ece569-fall2025/Lab4/install/msee22_description/bin'
[3.388s] Level 1:colcon.colcon_core.environment:create_environment_scripts_only(msee22_description)
[3.388s] INFO:colcon.colcon_core.shell:Creating package script '/home/min/a/ecorream/ece569-fall2025/Lab4/install/msee22_description/share/msee22_description/package.ps1'
[3.389s] INFO:colcon.colcon_core.shell:Creating package descriptor '/home/min/a/ecorream/ece569-fall2025/Lab4/install/msee22_description/share/msee22_description/package.dsv'
[3.390s] INFO:colcon.colcon_core.shell:Creating package script '/home/min/a/ecorream/ece569-fall2025/Lab4/install/msee22_description/share/msee22_description/package.sh'
[3.392s] INFO:colcon.colcon_core.shell:Creating package script '/home/min/a/ecorream/ece569-fall2025/Lab4/install/msee22_description/share/msee22_description/package.bash'
[3.393s] INFO:colcon.colcon_core.shell:Creating package script '/home/min/a/ecorream/ece569-fall2025/Lab4/install/msee22_description/share/msee22_description/package.zsh'
[3.394s] Level 1:colcon.colcon_core.environment:create_file_with_runtime_dependencies(/home/min/a/ecorream/ece569-fall2025/Lab4/install/msee22_description/share/colcon-core/packages/msee22_description)
[3.395s] Level 1:colcon.colcon_core.shell:create_environment_hook('table_description', 'pythonpath_develop')
[3.395s] INFO:colcon.colcon_core.shell:Creating environment hook '/home/min/a/ecorream/ece569-fall2025/Lab4/build/table_description/share/table_description/hook/pythonpath_develop.ps1'
[3.397s] INFO:colcon.colcon_core.shell:Creating environment descriptor '/home/min/a/ecorream/ece569-fall2025/Lab4/build/table_description/share/table_description/hook/pythonpath_develop.dsv'
[3.398s] DEBUG:colcon.colcon_core.event_handler.log_command:Invoked command in '/home/min/a/ecorream/ece569-fall2025/Lab4/build/table_description' returned '0': PYTHONPATH=/home/min/a/ecorream/ece569-fall2025/Lab4/build/table_description/prefix_override:/usr/lib/python3/dist-packages/colcon_core/task/python/colcon_distutils_commands:/home/min/a/ecorream/ece569-fall2025/Lab4/install/table_description/lib/python3.10/site-packages:${PYTHONPATH} /usr/bin/python3 -W ignore:setup.py install is deprecated -W ignore:easy_install command is deprecated setup.py develop --editable --build-directory /home/min/a/ecorream/ece569-fall2025/Lab4/build/table_description/build --no-deps symlink_data
[3.399s] INFO:colcon.colcon_core.shell:Creating environment hook '/home/min/a/ecorream/ece569-fall2025/Lab4/build/table_description/share/table_description/hook/pythonpath_develop.sh'
[3.401s] Level 1:colcon.colcon_core.environment:checking '/home/min/a/ecorream/ece569-fall2025/Lab4/install/table_description' for CMake module files
[3.402s] Level 1:colcon.colcon_core.environment:checking '/home/min/a/ecorream/ece569-fall2025/Lab4/install/table_description' for CMake config files
[3.405s] Level 1:colcon.colcon_core.environment:checking '/home/min/a/ecorream/ece569-fall2025/Lab4/install/table_description/lib'
[3.405s] Level 1:colcon.colcon_core.environment:checking '/home/min/a/ecorream/ece569-fall2025/Lab4/install/table_description/bin'
[3.405s] Level 1:colcon.colcon_core.environment:checking '/home/min/a/ecorream/ece569-fall2025/Lab4/install/table_description/lib/pkgconfig/table_description.pc'
[3.405s] Level 1:colcon.colcon_core.environment:checking '/home/min/a/ecorream/ece569-fall2025/Lab4/install/table_description/lib/python3.10/site-packages'
[3.405s] Level 1:colcon.colcon_core.shell:create_environment_hook('table_description', 'pythonpath')
[3.405s] INFO:colcon.colcon_core.shell:Creating environment hook '/home/min/a/ecorream/ece569-fall2025/Lab4/install/table_description/share/table_description/hook/pythonpath.ps1'
[3.407s] INFO:colcon.colcon_core.shell:Creating environment descriptor '/home/min/a/ecorream/ece569-fall2025/Lab4/install/table_description/share/table_description/hook/pythonpath.dsv'
[3.408s] INFO:colcon.colcon_core.shell:Creating environment hook '/home/min/a/ecorream/ece569-fall2025/Lab4/install/table_description/share/table_description/hook/pythonpath.sh'
[3.409s] Level 1:colcon.colcon_core.environment:checking '/home/min/a/ecorream/ece569-fall2025/Lab4/install/table_description/bin'
[3.410s] Level 1:colcon.colcon_core.environment:create_environment_scripts_only(table_description)
[3.410s] INFO:colcon.colcon_core.shell:Creating package script '/home/min/a/ecorream/ece569-fall2025/Lab4/install/table_description/share/table_description/package.ps1'
[3.411s] INFO:colcon.colcon_core.shell:Creating package descriptor '/home/min/a/ecorream/ece569-fall2025/Lab4/install/table_description/share/table_description/package.dsv'
[3.412s] INFO:colcon.colcon_core.shell:Creating package script '/home/min/a/ecorream/ece569-fall2025/Lab4/install/table_description/share/table_description/package.sh'
[3.413s] INFO:colcon.colcon_core.shell:Creating package script '/home/min/a/ecorream/ece569-fall2025/Lab4/install/table_description/share/table_description/package.bash'
[3.414s] INFO:colcon.colcon_core.shell:Creating package script '/home/min/a/ecorream/ece569-fall2025/Lab4/install/table_description/share/table_description/package.zsh'
[3.416s] Level 1:colcon.colcon_core.environment:create_file_with_runtime_dependencies(/home/min/a/ecorream/ece569-fall2025/Lab4/install/table_description/share/colcon-core/packages/table_description)
[3.416s] DEBUG:colcon.colcon_parallel_executor.executor.parallel:closing loop
[3.416s] DEBUG:colcon.colcon_parallel_executor.executor.parallel:loop closed
[3.416s] DEBUG:colcon.colcon_parallel_executor.executor.parallel:run_until_complete finished with '0'
[3.416s] DEBUG:colcon.colcon_core.event_reactor:joining thread
[3.424s] INFO:colcon.colcon_core.plugin_system:Skipping extension 'colcon_notification.desktop_notification.terminal_notifier': Not used on non-Darwin systems
[3.424s] INFO:colcon.colcon_core.plugin_system:Skipping extension 'colcon_notification.desktop_notification.win32': Not used on non-Windows systems
[3.424s] INFO:colcon.colcon_notification.desktop_notification:Sending desktop notification using 'notify2'
[3.430s] DEBUG:colcon.colcon_core.event_reactor:joined thread
[3.430s] INFO:colcon.colcon_core.shell:Creating prefix script '/home/min/a/ecorream/ece569-fall2025/Lab4/install/local_setup.ps1'
[3.431s] INFO:colcon.colcon_core.shell:Creating prefix util module '/home/min/a/ecorream/ece569-fall2025/Lab4/install/_local_setup_util_ps1.py'
[3.433s] INFO:colcon.colcon_core.shell:Creating prefix chain script '/home/min/a/ecorream/ece569-fall2025/Lab4/install/setup.ps1'
[3.436s] INFO:colcon.colcon_core.shell:Creating prefix script '/home/min/a/ecorream/ece569-fall2025/Lab4/install/local_setup.sh'
[3.437s] INFO:colcon.colcon_core.shell:Creating prefix util module '/home/min/a/ecorream/ece569-fall2025/Lab4/install/_local_setup_util_sh.py'
[3.438s] INFO:colcon.colcon_core.shell:Creating prefix chain script '/home/min/a/ecorream/ece569-fall2025/Lab4/install/setup.sh'
[3.441s] INFO:colcon.colcon_core.shell:Creating prefix script '/home/min/a/ecorream/ece569-fall2025/Lab4/install/local_setup.bash'
[3.442s] INFO:colcon.colcon_core.shell:Creating prefix chain script '/home/min/a/ecorream/ece569-fall2025/Lab4/install/setup.bash'
[3.445s] INFO:colcon.colcon_core.shell:Creating prefix script '/home/min/a/ecorream/ece569-fall2025/Lab4/install/local_setup.zsh'
[3.446s] INFO:colcon.colcon_core.shell:Creating prefix chain script '/home/min/a/ecorream/ece569-fall2025/Lab4/install/setup.zsh'
