[0.000000] (-) TimerEvent: {}
[0.000220] (msee22_description) JobQueued: {'identifier': 'msee22_description', 'dependencies': OrderedDict()}
[0.000255] (py_joint_pub) JobQueued: {'identifier': 'py_joint_pub', 'dependencies': OrderedDict()}
[0.000276] (table_description) JobQueued: {'identifier': 'table_description', 'dependencies': OrderedDict()}
[0.000293] (wall_description) JobQueued: {'identifier': 'wall_description', 'dependencies': OrderedDict()}
[0.000310] (msee22_description) JobStarted: {'identifier': 'msee22_description'}
[0.012695] (py_joint_pub) JobStarted: {'identifier': 'py_joint_pub'}
[0.024623] (table_description) JobStarted: {'identifier': 'table_description'}
[0.034536] (wall_description) JobStarted: {'identifier': 'wall_description'}
[0.099269] (-) TimerEvent: {}
[0.199462] (-) TimerEvent: {}
[0.299641] (-) TimerEvent: {}
[0.399820] (-) TimerEvent: {}
[0.499993] (-) TimerEvent: {}
[0.600178] (-) TimerEvent: {}
[0.700393] (-) TimerEvent: {}
[0.800580] (-) TimerEvent: {}
[0.900742] (-) TimerEvent: {}
[1.000915] (-) TimerEvent: {}
[1.101101] (-) TimerEvent: {}
[1.201299] (-) TimerEvent: {}
[1.301473] (-) TimerEvent: {}
[1.401698] (-) TimerEvent: {}
[1.501978] (-) TimerEvent: {}
[1.602201] (-) TimerEvent: {}
[1.702452] (-) TimerEvent: {}
[1.802794] (-) TimerEvent: {}
[1.871742] (py_joint_pub) Command: {'cmd': ['/usr/bin/python3', '-W', 'ignore:setup.py install is deprecated', '-W', 'ignore:easy_install command is deprecated', 'setup.py', 'develop', '--editable', '--build-directory', '/home/min/a/ecorream/ece569-fall2025/Lab4/build/py_joint_pub/build', '--no-deps', 'symlink_data'], 'cwd': '/home/min/a/ecorream/ece569-fall2025/Lab4/build/py_joint_pub', 'env': {'MODULEPATH_PACKAGE': '/package/modulefiles/ecn', 'PROFILEHOME': '', 'LMOD_DIR': '/usr/share/lmod/lmod/libexec', 'MAIL': '/var/spool/mail/ecorream', 'LANGUAGE': '', 'USER': 'ecorream', 'LMOD_PACKAGE_PATH': '/etc/lmod', 'LMOD_COLORIZE': 'yes', 'SSH_AGENT_PID': '3104171', 'XDG_SESSION_TYPE': 'x11', 'LMOD_PKG': '/usr/share/lmod/lmod', 'TLPROFILE': 'xfce', 'KONSOLE_VERSION': '211203', 'SHLVL': '1', 'LD_LIBRARY_PATH': '/opt/ros/humble/opt/rviz_ogre_vendor/lib:/opt/ros/humble/lib/x86_64-linux-gnu:/opt/ros/humble/lib:/opt/thinlinc/lib64:/opt/thinlinc/lib', 'HOME': '/home/min/a/ecorream', 'D_DISABLE_RT_SCREEN_SCALE': '1', 'DESKTOP_SESSION': 'xfce', 'ROS_PYTHON_VERSION': '3', 'SHELL_SESSION_ID': 'e3a741b38ea54aabbc89ef57b5a8807d', 'KONSOLE_DBUS_SESSION': '/Sessions/1', 'LC_CTYPE': 'C.UTF-8', 'PCSCTUN_SERVER': '127.0.0.1:5736', 'DBUS_SESSION_BUS_ADDRESS': 'unix:path=/run/user/933642/bus', 'COLORTERM': 'truecolor', 'LMOD_sys': 'Linux', 'KONSOLE_DBUS_WINDOW': '/Windows/1', 'COLCON_PREFIX_PATH': '/home/min/a/ecorream/ece569-fall2025/Lab4/install', 'ROS_DISTRO': 'humble', 'LOGNAME': 'ecorream', 'LMOD_AVAIL_STYLE': 'system:<grouped>', 'WINDOWID': '65011719', 'LMOD_VERSION': '6.6', 'SUMO_HOME': '/usr/share/sumo', 'PULSE_SERVER': '127.0.0.1:5735', 'TLPREFIX': '/opt/thinlinc', '_': '/bin/colcon', 'ROS_VERSION': '2', 'XDG_SESSION_CLASS': 'user', 'COLORFGBG': '15;0', 'USERNAME': 'ecorream', 'TERM': 'xterm-256color', 'XDG_SESSION_ID': '29456', 'ROS_LOCALHOST_ONLY': '0', 'PATH': '/opt/ros/humble/bin:/usr/NX/bin:/usr/local/bin:/bin:/usr/bin:/usr/local/sbin:/usr/sbin:/sbin:/usr/opt/bin:/usr/site/ece/bin:/opt/thinlinc/bin:/snap/bin:/home/min/a/ecorream/.dotnet/tools:.:/opt/thinlinc/sbin', 'SESSION_MANAGER': 'local/eceprog2.ecn.purdue.edu:@/tmp/.ICE-unix/3104034,unix/eceprog2.ecn.purdue.edu:/tmp/.ICE-unix/3104034', 'PCSCTUN_COOKIE': '/var/opt/thinlinc/sessions/ecorream/83/pcsctun-cookie', 'LMOD_PREPEND_BLOCK': 'normal', 'LMOD_FULL_SETTARG_SUPPORT': 'no', 'QT_SCALE_FACTOR_ROUNDING_POLICY': 'PassThrough', 'XDG_MENU_PREFIX': 'xfce-', 'XDG_RUNTIME_DIR': '/run/user/933642', 'DISPLAY': ':83.0', 'XDG_CURRENT_DESKTOP': 'XFCE', 'DOTNET_BUNDLE_EXTRACT_BASE_DIR': '/home/min/a/ecorream/.cache/dotnet_bundle_extract', 'XDG_SESSION_DESKTOP': 'xfce', 'XAUTHORITY': '/var/opt/thinlinc/sessions/ecorream/83/Xauthority', 'SSH_AUTH_SOCK': '/tmp/ssh-XXXXXXqyuYJi/agent.3104170', 'ROS_DOMAIN_ID': '40', 'PULSE_COOKIE': '/var/opt/thinlinc/sessions/ecorream/83/pulse-cookie', 'AMENT_PREFIX_PATH': '/home/min/a/ecorream/ece569-fall2025/Lab4/install/wall_description:/home/min/a/ecorream/ece569-fall2025/Lab4/install/table_description:/home/min/a/ecorream/ece569-fall2025/Lab4/install/py_joint_pub:/home/min/a/ecorream/ece569-fall2025/Lab4/install/msee22_description:/opt/ros/humble', 'SHELL': '/bin/bash', 'KRB5CCNAME': '/var/opt/thinlinc/sessions/ecorream/83/krb5cc', 'MODULEPATH_ROOT': '/usr/modulefiles', 'MODULEPATH_LOCAL': '/etc/modulefiles', 'ROS_WS': '/home/min/a/ecorream/ece569-fall2025/Lab3/ws3', 'LMOD_CMD': '/usr/share/lmod/lmod/libexec/lmod', 'KONSOLE_DBUS_SERVICE': ':1.229', 'BASH_ENV': '/usr/share/lmod/lmod/init/bash', 'PWD': '/home/min/a/ecorream/ece569-fall2025/Lab4/build/py_joint_pub', 'TLSESSIONDATA': '/var/opt/thinlinc/sessions/ecorream/83', 'XDG_CONFIG_DIRS': '/etc/xdg', 'TOWN': 'Springfield', 'XDG_DATA_DIRS': '/usr/share/gnome:/usr/local/share:/usr/share:/var/lib/snapd/desktop:/usr/share', 'PYTHONPATH': '/home/min/a/ecorream/ece569-fall2025/Lab4/build/py_joint_pub/prefix_override:/usr/lib/python3/dist-packages/colcon_core/task/python/colcon_distutils_commands:/home/min/a/ecorream/ece569-fall2025/Lab4/install/py_joint_pub/lib/python3.10/site-packages:/home/min/a/ecorream/ece569-fall2025/Lab4/build/wall_description:/home/min/a/ecorream/ece569-fall2025/Lab4/install/wall_description/lib/python3.10/site-packages:/home/min/a/ecorream/ece569-fall2025/Lab4/build/table_description:/home/min/a/ecorream/ece569-fall2025/Lab4/install/table_description/lib/python3.10/site-packages:/home/min/a/ecorream/ece569-fall2025/Lab4/build/py_joint_pub:/home/min/a/ecorream/ece569-fall2025/Lab4/install/py_joint_pub/lib/python3.10/site-packages:/home/min/a/ecorream/ece569-fall2025/Lab4/build/msee22_description:/home/min/a/ecorream/ece569-fall2025/Lab4/install/msee22_description/lib/python3.10/site-packages:/opt/ros/humble/lib/python3.10/site-packages:/opt/ros/humble/local/lib/python3.10/dist-packages', 'LMOD_arch': 'x86_64', 'COLCON': '1', 'MANPATH': '/usr/share/lmod/lmod/share/man:::/opt/thinlinc/share/man', 'MODULEPATH': '/etc/lmod/modules:/usr/share/lmod/lmod/modulefiles/:/etc/modulefiles/pkg:/package/modulefiles/ecn/common:/package/modulefiles/ecn/ubuntu', 'MODULESHOME': '/usr/share/lmod/lmod', 'LMOD_SETTARG_CMD': ':'}, 'shell': False}
[1.896549] (wall_description) Command: {'cmd': ['/usr/bin/python3', '-W', 'ignore:setup.py install is deprecated', '-W', 'ignore:easy_install command is deprecated', 'setup.py', 'develop', '--editable', '--build-directory', '/home/min/a/ecorream/ece569-fall2025/Lab4/build/wall_description/build', '--no-deps', 'symlink_data'], 'cwd': '/home/min/a/ecorream/ece569-fall2025/Lab4/build/wall_description', 'env': {'MODULEPATH_PACKAGE': '/package/modulefiles/ecn', 'PROFILEHOME': '', 'LMOD_DIR': '/usr/share/lmod/lmod/libexec', 'MAIL': '/var/spool/mail/ecorream', 'LANGUAGE': '', 'USER': 'ecorream', 'LMOD_PACKAGE_PATH': '/etc/lmod', 'LMOD_COLORIZE': 'yes', 'SSH_AGENT_PID': '3104171', 'XDG_SESSION_TYPE': 'x11', 'LMOD_PKG': '/usr/share/lmod/lmod', 'TLPROFILE': 'xfce', 'KONSOLE_VERSION': '211203', 'SHLVL': '1', 'LD_LIBRARY_PATH': '/opt/ros/humble/opt/rviz_ogre_vendor/lib:/opt/ros/humble/lib/x86_64-linux-gnu:/opt/ros/humble/lib:/opt/thinlinc/lib64:/opt/thinlinc/lib', 'HOME': '/home/min/a/ecorream', 'D_DISABLE_RT_SCREEN_SCALE': '1', 'DESKTOP_SESSION': 'xfce', 'ROS_PYTHON_VERSION': '3', 'SHELL_SESSION_ID': 'e3a741b38ea54aabbc89ef57b5a8807d', 'KONSOLE_DBUS_SESSION': '/Sessions/1', 'LC_CTYPE': 'C.UTF-8', 'PCSCTUN_SERVER': '127.0.0.1:5736', 'DBUS_SESSION_BUS_ADDRESS': 'unix:path=/run/user/933642/bus', 'COLORTERM': 'truecolor', 'LMOD_sys': 'Linux', 'KONSOLE_DBUS_WINDOW': '/Windows/1', 'COLCON_PREFIX_PATH': '/home/min/a/ecorream/ece569-fall2025/Lab4/install', 'ROS_DISTRO': 'humble', 'LOGNAME': 'ecorream', 'LMOD_AVAIL_STYLE': 'system:<grouped>', 'WINDOWID': '65011719', 'LMOD_VERSION': '6.6', 'SUMO_HOME': '/usr/share/sumo', 'PULSE_SERVER': '127.0.0.1:5735', 'TLPREFIX': '/opt/thinlinc', '_': '/bin/colcon', 'ROS_VERSION': '2', 'XDG_SESSION_CLASS': 'user', 'COLORFGBG': '15;0', 'USERNAME': 'ecorream', 'TERM': 'xterm-256color', 'XDG_SESSION_ID': '29456', 'ROS_LOCALHOST_ONLY': '0', 'PATH': '/opt/ros/humble/bin:/usr/NX/bin:/usr/local/bin:/bin:/usr/bin:/usr/local/sbin:/usr/sbin:/sbin:/usr/opt/bin:/usr/site/ece/bin:/opt/thinlinc/bin:/snap/bin:/home/min/a/ecorream/.dotnet/tools:.:/opt/thinlinc/sbin', 'SESSION_MANAGER': 'local/eceprog2.ecn.purdue.edu:@/tmp/.ICE-unix/3104034,unix/eceprog2.ecn.purdue.edu:/tmp/.ICE-unix/3104034', 'PCSCTUN_COOKIE': '/var/opt/thinlinc/sessions/ecorream/83/pcsctun-cookie', 'LMOD_PREPEND_BLOCK': 'normal', 'LMOD_FULL_SETTARG_SUPPORT': 'no', 'QT_SCALE_FACTOR_ROUNDING_POLICY': 'PassThrough', 'XDG_MENU_PREFIX': 'xfce-', 'XDG_RUNTIME_DIR': '/run/user/933642', 'DISPLAY': ':83.0', 'XDG_CURRENT_DESKTOP': 'XFCE', 'DOTNET_BUNDLE_EXTRACT_BASE_DIR': '/home/min/a/ecorream/.cache/dotnet_bundle_extract', 'XDG_SESSION_DESKTOP': 'xfce', 'XAUTHORITY': '/var/opt/thinlinc/sessions/ecorream/83/Xauthority', 'SSH_AUTH_SOCK': '/tmp/ssh-XXXXXXqyuYJi/agent.3104170', 'ROS_DOMAIN_ID': '40', 'PULSE_COOKIE': '/var/opt/thinlinc/sessions/ecorream/83/pulse-cookie', 'AMENT_PREFIX_PATH': '/home/min/a/ecorream/ece569-fall2025/Lab4/install/wall_description:/home/min/a/ecorream/ece569-fall2025/Lab4/install/table_description:/home/min/a/ecorream/ece569-fall2025/Lab4/install/py_joint_pub:/home/min/a/ecorream/ece569-fall2025/Lab4/install/msee22_description:/opt/ros/humble', 'SHELL': '/bin/bash', 'KRB5CCNAME': '/var/opt/thinlinc/sessions/ecorream/83/krb5cc', 'MODULEPATH_ROOT': '/usr/modulefiles', 'MODULEPATH_LOCAL': '/etc/modulefiles', 'ROS_WS': '/home/min/a/ecorream/ece569-fall2025/Lab3/ws3', 'LMOD_CMD': '/usr/share/lmod/lmod/libexec/lmod', 'KONSOLE_DBUS_SERVICE': ':1.229', 'BASH_ENV': '/usr/share/lmod/lmod/init/bash', 'PWD': '/home/min/a/ecorream/ece569-fall2025/Lab4/build/wall_description', 'TLSESSIONDATA': '/var/opt/thinlinc/sessions/ecorream/83', 'XDG_CONFIG_DIRS': '/etc/xdg', 'TOWN': 'Springfield', 'XDG_DATA_DIRS': '/usr/share/gnome:/usr/local/share:/usr/share:/var/lib/snapd/desktop:/usr/share', 'PYTHONPATH': '/home/min/a/ecorream/ece569-fall2025/Lab4/build/wall_description/prefix_override:/usr/lib/python3/dist-packages/colcon_core/task/python/colcon_distutils_commands:/home/min/a/ecorream/ece569-fall2025/Lab4/install/wall_description/lib/python3.10/site-packages:/home/min/a/ecorream/ece569-fall2025/Lab4/build/wall_description:/home/min/a/ecorream/ece569-fall2025/Lab4/install/wall_description/lib/python3.10/site-packages:/home/min/a/ecorream/ece569-fall2025/Lab4/build/table_description:/home/min/a/ecorream/ece569-fall2025/Lab4/install/table_description/lib/python3.10/site-packages:/home/min/a/ecorream/ece569-fall2025/Lab4/build/py_joint_pub:/home/min/a/ecorream/ece569-fall2025/Lab4/install/py_joint_pub/lib/python3.10/site-packages:/home/min/a/ecorream/ece569-fall2025/Lab4/build/msee22_description:/home/min/a/ecorream/ece569-fall2025/Lab4/install/msee22_description/lib/python3.10/site-packages:/opt/ros/humble/lib/python3.10/site-packages:/opt/ros/humble/local/lib/python3.10/dist-packages', 'LMOD_arch': 'x86_64', 'COLCON': '1', 'MANPATH': '/usr/share/lmod/lmod/share/man:::/opt/thinlinc/share/man', 'MODULEPATH': '/etc/lmod/modules:/usr/share/lmod/lmod/modulefiles/:/etc/modulefiles/pkg:/package/modulefiles/ecn/common:/package/modulefiles/ecn/ubuntu', 'MODULESHOME': '/usr/share/lmod/lmod', 'LMOD_SETTARG_CMD': ':'}, 'shell': False}
[1.908221] (-) TimerEvent: {}
[1.908313] (msee22_description) Command: {'cmd': ['/usr/bin/python3', '-W', 'ignore:setup.py install is deprecated', '-W', 'ignore:easy_install command is deprecated', 'setup.py', 'develop', '--editable', '--build-directory', '/home/min/a/ecorream/ece569-fall2025/Lab4/build/msee22_description/build', '--no-deps', 'symlink_data'], 'cwd': '/home/min/a/ecorream/ece569-fall2025/Lab4/build/msee22_description', 'env': {'MODULEPATH_PACKAGE': '/package/modulefiles/ecn', 'PROFILEHOME': '', 'LMOD_DIR': '/usr/share/lmod/lmod/libexec', 'MAIL': '/var/spool/mail/ecorream', 'LANGUAGE': '', 'USER': 'ecorream', 'LMOD_PACKAGE_PATH': '/etc/lmod', 'LMOD_COLORIZE': 'yes', 'SSH_AGENT_PID': '3104171', 'XDG_SESSION_TYPE': 'x11', 'LMOD_PKG': '/usr/share/lmod/lmod', 'TLPROFILE': 'xfce', 'KONSOLE_VERSION': '211203', 'SHLVL': '1', 'LD_LIBRARY_PATH': '/opt/ros/humble/opt/rviz_ogre_vendor/lib:/opt/ros/humble/lib/x86_64-linux-gnu:/opt/ros/humble/lib:/opt/thinlinc/lib64:/opt/thinlinc/lib', 'HOME': '/home/min/a/ecorream', 'D_DISABLE_RT_SCREEN_SCALE': '1', 'DESKTOP_SESSION': 'xfce', 'ROS_PYTHON_VERSION': '3', 'SHELL_SESSION_ID': 'e3a741b38ea54aabbc89ef57b5a8807d', 'KONSOLE_DBUS_SESSION': '/Sessions/1', 'LC_CTYPE': 'C.UTF-8', 'PCSCTUN_SERVER': '127.0.0.1:5736', 'DBUS_SESSION_BUS_ADDRESS': 'unix:path=/run/user/933642/bus', 'COLORTERM': 'truecolor', 'LMOD_sys': 'Linux', 'KONSOLE_DBUS_WINDOW': '/Windows/1', 'COLCON_PREFIX_PATH': '/home/min/a/ecorream/ece569-fall2025/Lab4/install', 'ROS_DISTRO': 'humble', 'LOGNAME': 'ecorream', 'LMOD_AVAIL_STYLE': 'system:<grouped>', 'WINDOWID': '65011719', 'LMOD_VERSION': '6.6', 'SUMO_HOME': '/usr/share/sumo', 'PULSE_SERVER': '127.0.0.1:5735', 'TLPREFIX': '/opt/thinlinc', '_': '/bin/colcon', 'ROS_VERSION': '2', 'XDG_SESSION_CLASS': 'user', 'COLORFGBG': '15;0', 'USERNAME': 'ecorream', 'TERM': 'xterm-256color', 'XDG_SESSION_ID': '29456', 'ROS_LOCALHOST_ONLY': '0', 'PATH': '/opt/ros/humble/bin:/usr/NX/bin:/usr/local/bin:/bin:/usr/bin:/usr/local/sbin:/usr/sbin:/sbin:/usr/opt/bin:/usr/site/ece/bin:/opt/thinlinc/bin:/snap/bin:/home/min/a/ecorream/.dotnet/tools:.:/opt/thinlinc/sbin', 'SESSION_MANAGER': 'local/eceprog2.ecn.purdue.edu:@/tmp/.ICE-unix/3104034,unix/eceprog2.ecn.purdue.edu:/tmp/.ICE-unix/3104034', 'PCSCTUN_COOKIE': '/var/opt/thinlinc/sessions/ecorream/83/pcsctun-cookie', 'LMOD_PREPEND_BLOCK': 'normal', 'LMOD_FULL_SETTARG_SUPPORT': 'no', 'QT_SCALE_FACTOR_ROUNDING_POLICY': 'PassThrough', 'XDG_MENU_PREFIX': 'xfce-', 'XDG_RUNTIME_DIR': '/run/user/933642', 'DISPLAY': ':83.0', 'XDG_CURRENT_DESKTOP': 'XFCE', 'DOTNET_BUNDLE_EXTRACT_BASE_DIR': '/home/min/a/ecorream/.cache/dotnet_bundle_extract', 'XDG_SESSION_DESKTOP': 'xfce', 'XAUTHORITY': '/var/opt/thinlinc/sessions/ecorream/83/Xauthority', 'SSH_AUTH_SOCK': '/tmp/ssh-XXXXXXqyuYJi/agent.3104170', 'ROS_DOMAIN_ID': '40', 'PULSE_COOKIE': '/var/opt/thinlinc/sessions/ecorream/83/pulse-cookie', 'AMENT_PREFIX_PATH': '/home/min/a/ecorream/ece569-fall2025/Lab4/install/wall_description:/home/min/a/ecorream/ece569-fall2025/Lab4/install/table_description:/home/min/a/ecorream/ece569-fall2025/Lab4/install/py_joint_pub:/home/min/a/ecorream/ece569-fall2025/Lab4/install/msee22_description:/opt/ros/humble', 'SHELL': '/bin/bash', 'KRB5CCNAME': '/var/opt/thinlinc/sessions/ecorream/83/krb5cc', 'MODULEPATH_ROOT': '/usr/modulefiles', 'MODULEPATH_LOCAL': '/etc/modulefiles', 'ROS_WS': '/home/min/a/ecorream/ece569-fall2025/Lab3/ws3', 'LMOD_CMD': '/usr/share/lmod/lmod/libexec/lmod', 'KONSOLE_DBUS_SERVICE': ':1.229', 'BASH_ENV': '/usr/share/lmod/lmod/init/bash', 'PWD': '/home/min/a/ecorream/ece569-fall2025/Lab4/build/msee22_description', 'TLSESSIONDATA': '/var/opt/thinlinc/sessions/ecorream/83', 'XDG_CONFIG_DIRS': '/etc/xdg', 'TOWN': 'Springfield', 'XDG_DATA_DIRS': '/usr/share/gnome:/usr/local/share:/usr/share:/var/lib/snapd/desktop:/usr/share', 'PYTHONPATH': '/home/min/a/ecorream/ece569-fall2025/Lab4/build/msee22_description/prefix_override:/usr/lib/python3/dist-packages/colcon_core/task/python/colcon_distutils_commands:/home/min/a/ecorream/ece569-fall2025/Lab4/install/msee22_description/lib/python3.10/site-packages:/home/min/a/ecorream/ece569-fall2025/Lab4/build/wall_description:/home/min/a/ecorream/ece569-fall2025/Lab4/install/wall_description/lib/python3.10/site-packages:/home/min/a/ecorream/ece569-fall2025/Lab4/build/table_description:/home/min/a/ecorream/ece569-fall2025/Lab4/install/table_description/lib/python3.10/site-packages:/home/min/a/ecorream/ece569-fall2025/Lab4/build/py_joint_pub:/home/min/a/ecorream/ece569-fall2025/Lab4/install/py_joint_pub/lib/python3.10/site-packages:/home/min/a/ecorream/ece569-fall2025/Lab4/build/msee22_description:/home/min/a/ecorream/ece569-fall2025/Lab4/install/msee22_description/lib/python3.10/site-packages:/opt/ros/humble/lib/python3.10/site-packages:/opt/ros/humble/local/lib/python3.10/dist-packages', 'LMOD_arch': 'x86_64', 'COLCON': '1', 'MANPATH': '/usr/share/lmod/lmod/share/man:::/opt/thinlinc/share/man', 'MODULEPATH': '/etc/lmod/modules:/usr/share/lmod/lmod/modulefiles/:/etc/modulefiles/pkg:/package/modulefiles/ecn/common:/package/modulefiles/ecn/ubuntu', 'MODULESHOME': '/usr/share/lmod/lmod', 'LMOD_SETTARG_CMD': ':'}, 'shell': False}
[1.918859] (table_description) Command: {'cmd': ['/usr/bin/python3', '-W', 'ignore:setup.py install is deprecated', '-W', 'ignore:easy_install command is deprecated', 'setup.py', 'develop', '--editable', '--build-directory', '/home/min/a/ecorream/ece569-fall2025/Lab4/build/table_description/build', '--no-deps', 'symlink_data'], 'cwd': '/home/min/a/ecorream/ece569-fall2025/Lab4/build/table_description', 'env': {'MODULEPATH_PACKAGE': '/package/modulefiles/ecn', 'PROFILEHOME': '', 'LMOD_DIR': '/usr/share/lmod/lmod/libexec', 'MAIL': '/var/spool/mail/ecorream', 'LANGUAGE': '', 'USER': 'ecorream', 'LMOD_PACKAGE_PATH': '/etc/lmod', 'LMOD_COLORIZE': 'yes', 'SSH_AGENT_PID': '3104171', 'XDG_SESSION_TYPE': 'x11', 'LMOD_PKG': '/usr/share/lmod/lmod', 'TLPROFILE': 'xfce', 'KONSOLE_VERSION': '211203', 'SHLVL': '1', 'LD_LIBRARY_PATH': '/opt/ros/humble/opt/rviz_ogre_vendor/lib:/opt/ros/humble/lib/x86_64-linux-gnu:/opt/ros/humble/lib:/opt/thinlinc/lib64:/opt/thinlinc/lib', 'HOME': '/home/min/a/ecorream', 'D_DISABLE_RT_SCREEN_SCALE': '1', 'DESKTOP_SESSION': 'xfce', 'ROS_PYTHON_VERSION': '3', 'SHELL_SESSION_ID': 'e3a741b38ea54aabbc89ef57b5a8807d', 'KONSOLE_DBUS_SESSION': '/Sessions/1', 'LC_CTYPE': 'C.UTF-8', 'PCSCTUN_SERVER': '127.0.0.1:5736', 'DBUS_SESSION_BUS_ADDRESS': 'unix:path=/run/user/933642/bus', 'COLORTERM': 'truecolor', 'LMOD_sys': 'Linux', 'KONSOLE_DBUS_WINDOW': '/Windows/1', 'COLCON_PREFIX_PATH': '/home/min/a/ecorream/ece569-fall2025/Lab4/install', 'ROS_DISTRO': 'humble', 'LOGNAME': 'ecorream', 'LMOD_AVAIL_STYLE': 'system:<grouped>', 'WINDOWID': '65011719', 'LMOD_VERSION': '6.6', 'SUMO_HOME': '/usr/share/sumo', 'PULSE_SERVER': '127.0.0.1:5735', 'TLPREFIX': '/opt/thinlinc', '_': '/bin/colcon', 'ROS_VERSION': '2', 'XDG_SESSION_CLASS': 'user', 'COLORFGBG': '15;0', 'USERNAME': 'ecorream', 'TERM': 'xterm-256color', 'XDG_SESSION_ID': '29456', 'ROS_LOCALHOST_ONLY': '0', 'PATH': '/opt/ros/humble/bin:/usr/NX/bin:/usr/local/bin:/bin:/usr/bin:/usr/local/sbin:/usr/sbin:/sbin:/usr/opt/bin:/usr/site/ece/bin:/opt/thinlinc/bin:/snap/bin:/home/min/a/ecorream/.dotnet/tools:.:/opt/thinlinc/sbin', 'SESSION_MANAGER': 'local/eceprog2.ecn.purdue.edu:@/tmp/.ICE-unix/3104034,unix/eceprog2.ecn.purdue.edu:/tmp/.ICE-unix/3104034', 'PCSCTUN_COOKIE': '/var/opt/thinlinc/sessions/ecorream/83/pcsctun-cookie', 'LMOD_PREPEND_BLOCK': 'normal', 'LMOD_FULL_SETTARG_SUPPORT': 'no', 'QT_SCALE_FACTOR_ROUNDING_POLICY': 'PassThrough', 'XDG_MENU_PREFIX': 'xfce-', 'XDG_RUNTIME_DIR': '/run/user/933642', 'DISPLAY': ':83.0', 'XDG_CURRENT_DESKTOP': 'XFCE', 'DOTNET_BUNDLE_EXTRACT_BASE_DIR': '/home/min/a/ecorream/.cache/dotnet_bundle_extract', 'XDG_SESSION_DESKTOP': 'xfce', 'XAUTHORITY': '/var/opt/thinlinc/sessions/ecorream/83/Xauthority', 'SSH_AUTH_SOCK': '/tmp/ssh-XXXXXXqyuYJi/agent.3104170', 'ROS_DOMAIN_ID': '40', 'PULSE_COOKIE': '/var/opt/thinlinc/sessions/ecorream/83/pulse-cookie', 'AMENT_PREFIX_PATH': '/home/min/a/ecorream/ece569-fall2025/Lab4/install/wall_description:/home/min/a/ecorream/ece569-fall2025/Lab4/install/table_description:/home/min/a/ecorream/ece569-fall2025/Lab4/install/py_joint_pub:/home/min/a/ecorream/ece569-fall2025/Lab4/install/msee22_description:/opt/ros/humble', 'SHELL': '/bin/bash', 'KRB5CCNAME': '/var/opt/thinlinc/sessions/ecorream/83/krb5cc', 'MODULEPATH_ROOT': '/usr/modulefiles', 'MODULEPATH_LOCAL': '/etc/modulefiles', 'ROS_WS': '/home/min/a/ecorream/ece569-fall2025/Lab3/ws3', 'LMOD_CMD': '/usr/share/lmod/lmod/libexec/lmod', 'KONSOLE_DBUS_SERVICE': ':1.229', 'BASH_ENV': '/usr/share/lmod/lmod/init/bash', 'PWD': '/home/min/a/ecorream/ece569-fall2025/Lab4/build/table_description', 'TLSESSIONDATA': '/var/opt/thinlinc/sessions/ecorream/83', 'XDG_CONFIG_DIRS': '/etc/xdg', 'TOWN': 'Springfield', 'XDG_DATA_DIRS': '/usr/share/gnome:/usr/local/share:/usr/share:/var/lib/snapd/desktop:/usr/share', 'PYTHONPATH': '/home/min/a/ecorream/ece569-fall2025/Lab4/build/table_description/prefix_override:/usr/lib/python3/dist-packages/colcon_core/task/python/colcon_distutils_commands:/home/min/a/ecorream/ece569-fall2025/Lab4/install/table_description/lib/python3.10/site-packages:/home/min/a/ecorream/ece569-fall2025/Lab4/build/wall_description:/home/min/a/ecorream/ece569-fall2025/Lab4/install/wall_description/lib/python3.10/site-packages:/home/min/a/ecorream/ece569-fall2025/Lab4/build/table_description:/home/min/a/ecorream/ece569-fall2025/Lab4/install/table_description/lib/python3.10/site-packages:/home/min/a/ecorream/ece569-fall2025/Lab4/build/py_joint_pub:/home/min/a/ecorream/ece569-fall2025/Lab4/install/py_joint_pub/lib/python3.10/site-packages:/home/min/a/ecorream/ece569-fall2025/Lab4/build/msee22_description:/home/min/a/ecorream/ece569-fall2025/Lab4/install/msee22_description/lib/python3.10/site-packages:/opt/ros/humble/lib/python3.10/site-packages:/opt/ros/humble/local/lib/python3.10/dist-packages', 'LMOD_arch': 'x86_64', 'COLCON': '1', 'MANPATH': '/usr/share/lmod/lmod/share/man:::/opt/thinlinc/share/man', 'MODULEPATH': '/etc/lmod/modules:/usr/share/lmod/lmod/modulefiles/:/etc/modulefiles/pkg:/package/modulefiles/ecn/common:/package/modulefiles/ecn/ubuntu', 'MODULESHOME': '/usr/share/lmod/lmod', 'LMOD_SETTARG_CMD': ':'}, 'shell': False}
[2.008338] (-) TimerEvent: {}
[2.108604] (-) TimerEvent: {}
[2.187380] (py_joint_pub) StdoutLine: {'line': b'running develop\n'}
[2.191742] (wall_description) StdoutLine: {'line': b'running develop\n'}
[2.192681] (msee22_description) StdoutLine: {'line': b'running develop\n'}
[2.199629] (table_description) StdoutLine: {'line': b'running develop\n'}
[2.208673] (-) TimerEvent: {}
[2.308932] (-) TimerEvent: {}
[2.409253] (-) TimerEvent: {}
[2.433814] (py_joint_pub) StdoutLine: {'line': b'running egg_info\n'}
[2.434161] (py_joint_pub) StdoutLine: {'line': b'writing py_joint_pub.egg-info/PKG-INFO\n'}
[2.434664] (wall_description) StdoutLine: {'line': b'running egg_info\n'}
[2.434994] (wall_description) StdoutLine: {'line': b'writing wall_description.egg-info/PKG-INFO\n'}
[2.435222] (py_joint_pub) StdoutLine: {'line': b'writing dependency_links to py_joint_pub.egg-info/dependency_links.txt\n'}
[2.435951] (py_joint_pub) StdoutLine: {'line': b'writing entry points to py_joint_pub.egg-info/entry_points.txt\n'}
[2.436089] (wall_description) StdoutLine: {'line': b'writing dependency_links to wall_description.egg-info/dependency_links.txt\n'}
[2.436642] (py_joint_pub) StdoutLine: {'line': b'writing requirements to py_joint_pub.egg-info/requires.txt\n'}
[2.436915] (wall_description) StdoutLine: {'line': b'writing entry points to wall_description.egg-info/entry_points.txt\n'}
[2.437408] (py_joint_pub) StdoutLine: {'line': b'writing top-level names to py_joint_pub.egg-info/top_level.txt\n'}
[2.437655] (wall_description) StdoutLine: {'line': b'writing requirements to wall_description.egg-info/requires.txt\n'}
[2.438414] (wall_description) StdoutLine: {'line': b'writing top-level names to wall_description.egg-info/top_level.txt\n'}
[2.441264] (py_joint_pub) StdoutLine: {'line': b"reading manifest file 'py_joint_pub.egg-info/SOURCES.txt'\n"}
[2.441460] (msee22_description) StdoutLine: {'line': b'running egg_info\n'}
[2.441750] (msee22_description) StdoutLine: {'line': b'writing msee22_description.egg-info/PKG-INFO\n'}
[2.442350] (wall_description) StdoutLine: {'line': b"reading manifest file 'wall_description.egg-info/SOURCES.txt'\n"}
[2.442780] (msee22_description) StdoutLine: {'line': b'writing dependency_links to msee22_description.egg-info/dependency_links.txt\n'}
[2.442910] (py_joint_pub) StdoutLine: {'line': b"writing manifest file 'py_joint_pub.egg-info/SOURCES.txt'\n"}
[2.443554] (msee22_description) StdoutLine: {'line': b'writing entry points to msee22_description.egg-info/entry_points.txt\n'}
[2.444055] (wall_description) StdoutLine: {'line': b"writing manifest file 'wall_description.egg-info/SOURCES.txt'\n"}
[2.444288] (msee22_description) StdoutLine: {'line': b'writing requirements to msee22_description.egg-info/requires.txt\n'}
[2.444792] (py_joint_pub) StdoutLine: {'line': b'running build_ext\n'}
[2.444939] (py_joint_pub) StdoutLine: {'line': b'Creating /home/min/a/ecorream/ece569-fall2025/Lab4/install/py_joint_pub/lib/python3.10/site-packages/py-joint-pub.egg-link (link to .)\n'}
[2.445078] (msee22_description) StdoutLine: {'line': b'writing top-level names to msee22_description.egg-info/top_level.txt\n'}
[2.445930] (wall_description) StdoutLine: {'line': b'running build_ext\n'}
[2.446134] (wall_description) StdoutLine: {'line': b'Creating /home/min/a/ecorream/ece569-fall2025/Lab4/install/wall_description/lib/python3.10/site-packages/wall-description.egg-link (link to .)\n'}
[2.447421] (py_joint_pub) StdoutLine: {'line': b'Installing csv script to /home/min/a/ecorream/ece569-fall2025/Lab4/install/py_joint_pub/lib/py_joint_pub\n'}
[2.448556] (table_description) StdoutLine: {'line': b'running egg_info\n'}
[2.448800] (wall_description) StdoutLine: {'line': b'\n'}
[2.448874] (wall_description) StdoutLine: {'line': b'Installed /home/min/a/ecorream/ece569-fall2025/Lab4/build/wall_description\n'}
[2.448991] (msee22_description) StdoutLine: {'line': b"reading manifest file 'msee22_description.egg-info/SOURCES.txt'\n"}
[2.449091] (table_description) StdoutLine: {'line': b'writing table_description.egg-info/PKG-INFO\n'}
[2.449205] (wall_description) StdoutLine: {'line': b'running symlink_data\n'}
[2.450057] (table_description) StdoutLine: {'line': b'writing dependency_links to table_description.egg-info/dependency_links.txt\n'}
[2.450989] (table_description) StdoutLine: {'line': b'writing entry points to table_description.egg-info/entry_points.txt\n'}
[2.451130] (msee22_description) StdoutLine: {'line': b"writing manifest file 'msee22_description.egg-info/SOURCES.txt'\n"}
[2.451903] (table_description) StdoutLine: {'line': b'writing requirements to table_description.egg-info/requires.txt\n'}
[2.452154] (py_joint_pub) StdoutLine: {'line': b'\n'}
[2.452230] (py_joint_pub) StdoutLine: {'line': b'Installed /home/min/a/ecorream/ece569-fall2025/Lab4/build/py_joint_pub\n'}
[2.452509] (py_joint_pub) StdoutLine: {'line': b'running symlink_data\n'}
[2.452648] (table_description) StdoutLine: {'line': b'writing top-level names to table_description.egg-info/top_level.txt\n'}
[2.453137] (msee22_description) StdoutLine: {'line': b'running build_ext\n'}
[2.453277] (msee22_description) StdoutLine: {'line': b'Creating /home/min/a/ecorream/ece569-fall2025/Lab4/install/msee22_description/lib/python3.10/site-packages/msee22-description.egg-link (link to .)\n'}
[2.455770] (msee22_description) StdoutLine: {'line': b'\n'}
[2.455860] (msee22_description) StdoutLine: {'line': b'Installed /home/min/a/ecorream/ece569-fall2025/Lab4/build/msee22_description\n'}
[2.456099] (msee22_description) StdoutLine: {'line': b'running symlink_data\n'}
[2.456667] (table_description) StdoutLine: {'line': b"reading manifest file 'table_description.egg-info/SOURCES.txt'\n"}
[2.458257] (table_description) StdoutLine: {'line': b"writing manifest file 'table_description.egg-info/SOURCES.txt'\n"}
[2.460031] (table_description) StdoutLine: {'line': b'running build_ext\n'}
[2.460170] (table_description) StdoutLine: {'line': b'Creating /home/min/a/ecorream/ece569-fall2025/Lab4/install/table_description/lib/python3.10/site-packages/table-description.egg-link (link to .)\n'}
[2.462609] (table_description) StdoutLine: {'line': b'\n'}
[2.462699] (table_description) StdoutLine: {'line': b'Installed /home/min/a/ecorream/ece569-fall2025/Lab4/build/table_description\n'}
[2.462997] (table_description) StdoutLine: {'line': b'running symlink_data\n'}
[2.472973] (wall_description) CommandEnded: {'returncode': 0}
[2.498680] (wall_description) JobEnded: {'identifier': 'wall_description', 'rc': 0}
[2.501923] (py_joint_pub) CommandEnded: {'returncode': 0}
[2.509318] (-) TimerEvent: {}
[2.519661] (py_joint_pub) JobEnded: {'identifier': 'py_joint_pub', 'rc': 0}
[2.522129] (msee22_description) CommandEnded: {'returncode': 0}
[2.539523] (msee22_description) JobEnded: {'identifier': 'msee22_description', 'rc': 0}
[2.543396] (table_description) CommandEnded: {'returncode': 0}
[2.561548] (table_description) JobEnded: {'identifier': 'table_description', 'rc': 0}
[2.564231] (-) EventReactorShutdown: {}
