[0.100s] DEBUG:colcon:Command line arguments: ['/bin/colcon', 'build', '--symlink-install']
[0.100s] DEBUG:colcon:Parsed command line arguments: Namespace(log_base=None, log_level=None, verb_name='build', build_base='build', install_base='install', merge_install=False, symlink_install=True, test_result_base=None, continue_on_error=False, executor='parallel', parallel_workers=128, event_handlers=None, ignore_user_meta=False, metas=['./colcon.meta'], base_paths=['.'], packages_ignore=None, packages_ignore_regex=None, paths=None, packages_up_to=None, packages_up_to_regex=None, packages_above=None, packages_above_and_dependencies=None, packages_above_depth=None, packages_select_by_dep=None, packages_skip_by_dep=None, packages_skip_up_to=None, packages_select_build_failed=False, packages_skip_build_finished=False, packages_select_test_failures=False, packages_skip_test_passed=False, packages_select=None, packages_skip=None, packages_select_regex=None, packages_skip_regex=None, packages_start=None, packages_end=None, allow_overriding=[], cmake_args=None, cmake_target=None, cmake_target_skip_unavailable=False, cmake_clean_cache=False, cmake_clean_first=False, cmake_force_configure=False, ament_cmake_args=None, catkin_cmake_args=None, catkin_skip_building_tests=False, verb_parser=<colcon_defaults.argument_parser.defaults.DefaultArgumentsDecorator object at 0x7fe2c3b2f5e0>, verb_extension=<colcon_core.verb.build.BuildVerb object at 0x7fe2c3b2f0d0>, main=<bound method BuildVerb.main of <colcon_core.verb.build.BuildVerb object at 0x7fe2c3b2f0d0>>)
[0.311s] Level 1:colcon.colcon_core.package_discovery:discover_packages(colcon_meta) check parameters
[0.311s] Level 1:colcon.colcon_core.package_discovery:discover_packages(recursive) check parameters
[0.311s] Level 1:colcon.colcon_core.package_discovery:discover_packages(ignore) check parameters
[0.311s] Level 1:colcon.colcon_core.package_discovery:discover_packages(path) check parameters
[0.311s] Level 1:colcon.colcon_core.package_discovery:discover_packages(colcon_meta) discover
[0.311s] Level 1:colcon.colcon_core.package_discovery:discover_packages(recursive) discover
[0.311s] INFO:colcon.colcon_core.package_discovery:Crawling recursively for packages in '/home/min/a/ecorream/ece569-fall2025/Lab4'
[0.312s] Level 1:colcon.colcon_core.package_identification:_identify(.) by extensions ['ignore', 'ignore_ament_install']
[0.312s] Level 1:colcon.colcon_core.package_identification:_identify(.) by extension 'ignore'
[0.312s] Level 1:colcon.colcon_core.package_identification:_identify(.) by extension 'ignore_ament_install'
[0.312s] Level 1:colcon.colcon_core.package_identification:_identify(.) by extensions ['colcon_pkg']
[0.312s] Level 1:colcon.colcon_core.package_identification:_identify(.) by extension 'colcon_pkg'
[0.312s] Level 1:colcon.colcon_core.package_identification:_identify(.) by extensions ['colcon_meta']
[0.312s] Level 1:colcon.colcon_core.package_identification:_identify(.) by extension 'colcon_meta'
[0.312s] Level 1:colcon.colcon_core.package_identification:_identify(.) by extensions ['ros']
[0.312s] Level 1:colcon.colcon_core.package_identification:_identify(.) by extension 'ros'
[0.327s] Level 1:colcon.colcon_core.package_identification:_identify(.) by extensions ['cmake', 'python']
[0.327s] Level 1:colcon.colcon_core.package_identification:_identify(.) by extension 'cmake'
[0.327s] Level 1:colcon.colcon_core.package_identification:_identify(.) by extension 'python'
[0.327s] Level 1:colcon.colcon_core.package_identification:_identify(.) by extensions ['python_setup_py']
[0.327s] Level 1:colcon.colcon_core.package_identification:_identify(.) by extension 'python_setup_py'
[0.327s] Level 1:colcon.colcon_core.package_identification:_identify(MATLAB) by extensions ['ignore', 'ignore_ament_install']
[0.327s] Level 1:colcon.colcon_core.package_identification:_identify(MATLAB) by extension 'ignore'
[0.328s] Level 1:colcon.colcon_core.package_identification:_identify(MATLAB) by extension 'ignore_ament_install'
[0.328s] Level 1:colcon.colcon_core.package_identification:_identify(MATLAB) by extensions ['colcon_pkg']
[0.328s] Level 1:colcon.colcon_core.package_identification:_identify(MATLAB) by extension 'colcon_pkg'
[0.328s] Level 1:colcon.colcon_core.package_identification:_identify(MATLAB) by extensions ['colcon_meta']
[0.328s] Level 1:colcon.colcon_core.package_identification:_identify(MATLAB) by extension 'colcon_meta'
[0.328s] Level 1:colcon.colcon_core.package_identification:_identify(MATLAB) by extensions ['ros']
[0.328s] Level 1:colcon.colcon_core.package_identification:_identify(MATLAB) by extension 'ros'
[0.329s] Level 1:colcon.colcon_core.package_identification:_identify(MATLAB) by extensions ['cmake', 'python']
[0.329s] Level 1:colcon.colcon_core.package_identification:_identify(MATLAB) by extension 'cmake'
[0.329s] Level 1:colcon.colcon_core.package_identification:_identify(MATLAB) by extension 'python'
[0.329s] Level 1:colcon.colcon_core.package_identification:_identify(MATLAB) by extensions ['python_setup_py']
[0.329s] Level 1:colcon.colcon_core.package_identification:_identify(MATLAB) by extension 'python_setup_py'
[0.330s] Level 1:colcon.colcon_core.package_identification:_identify(MATLAB/functions) by extensions ['ignore', 'ignore_ament_install']
[0.330s] Level 1:colcon.colcon_core.package_identification:_identify(MATLAB/functions) by extension 'ignore'
[0.330s] Level 1:colcon.colcon_core.package_identification:_identify(MATLAB/functions) by extension 'ignore_ament_install'
[0.330s] Level 1:colcon.colcon_core.package_identification:_identify(MATLAB/functions) by extensions ['colcon_pkg']
[0.330s] Level 1:colcon.colcon_core.package_identification:_identify(MATLAB/functions) by extension 'colcon_pkg'
[0.331s] Level 1:colcon.colcon_core.package_identification:_identify(MATLAB/functions) by extensions ['colcon_meta']
[0.331s] Level 1:colcon.colcon_core.package_identification:_identify(MATLAB/functions) by extension 'colcon_meta'
[0.331s] Level 1:colcon.colcon_core.package_identification:_identify(MATLAB/functions) by extensions ['ros']
[0.331s] Level 1:colcon.colcon_core.package_identification:_identify(MATLAB/functions) by extension 'ros'
[0.331s] Level 1:colcon.colcon_core.package_identification:_identify(MATLAB/functions) by extensions ['cmake', 'python']
[0.331s] Level 1:colcon.colcon_core.package_identification:_identify(MATLAB/functions) by extension 'cmake'
[0.332s] Level 1:colcon.colcon_core.package_identification:_identify(MATLAB/functions) by extension 'python'
[0.332s] Level 1:colcon.colcon_core.package_identification:_identify(MATLAB/functions) by extensions ['python_setup_py']
[0.332s] Level 1:colcon.colcon_core.package_identification:_identify(MATLAB/functions) by extension 'python_setup_py'
[0.332s] Level 1:colcon.colcon_core.package_identification:_identify(MATLAB/tests) by extensions ['ignore', 'ignore_ament_install']
[0.332s] Level 1:colcon.colcon_core.package_identification:_identify(MATLAB/tests) by extension 'ignore'
[0.333s] Level 1:colcon.colcon_core.package_identification:_identify(MATLAB/tests) by extension 'ignore_ament_install'
[0.333s] Level 1:colcon.colcon_core.package_identification:_identify(MATLAB/tests) by extensions ['colcon_pkg']
[0.333s] Level 1:colcon.colcon_core.package_identification:_identify(MATLAB/tests) by extension 'colcon_pkg'
[0.333s] Level 1:colcon.colcon_core.package_identification:_identify(MATLAB/tests) by extensions ['colcon_meta']
[0.333s] Level 1:colcon.colcon_core.package_identification:_identify(MATLAB/tests) by extension 'colcon_meta'
[0.333s] Level 1:colcon.colcon_core.package_identification:_identify(MATLAB/tests) by extensions ['ros']
[0.333s] Level 1:colcon.colcon_core.package_identification:_identify(MATLAB/tests) by extension 'ros'
[0.334s] Level 1:colcon.colcon_core.package_identification:_identify(MATLAB/tests) by extensions ['cmake', 'python']
[0.334s] Level 1:colcon.colcon_core.package_identification:_identify(MATLAB/tests) by extension 'cmake'
[0.334s] Level 1:colcon.colcon_core.package_identification:_identify(MATLAB/tests) by extension 'python'
[0.334s] Level 1:colcon.colcon_core.package_identification:_identify(MATLAB/tests) by extensions ['python_setup_py']
[0.334s] Level 1:colcon.colcon_core.package_identification:_identify(MATLAB/tests) by extension 'python_setup_py'
[0.334s] Level 1:colcon.colcon_core.package_identification:_identify(Python) by extensions ['ignore', 'ignore_ament_install']
[0.334s] Level 1:colcon.colcon_core.package_identification:_identify(Python) by extension 'ignore'
[0.334s] Level 1:colcon.colcon_core.package_identification:_identify(Python) by extension 'ignore_ament_install'
[0.334s] Level 1:colcon.colcon_core.package_identification:_identify(Python) by extensions ['colcon_pkg']
[0.334s] Level 1:colcon.colcon_core.package_identification:_identify(Python) by extension 'colcon_pkg'
[0.334s] Level 1:colcon.colcon_core.package_identification:_identify(Python) by extensions ['colcon_meta']
[0.334s] Level 1:colcon.colcon_core.package_identification:_identify(Python) by extension 'colcon_meta'
[0.335s] Level 1:colcon.colcon_core.package_identification:_identify(Python) by extensions ['ros']
[0.335s] Level 1:colcon.colcon_core.package_identification:_identify(Python) by extension 'ros'
[0.335s] Level 1:colcon.colcon_core.package_identification:_identify(Python) by extensions ['cmake', 'python']
[0.335s] Level 1:colcon.colcon_core.package_identification:_identify(Python) by extension 'cmake'
[0.335s] Level 1:colcon.colcon_core.package_identification:_identify(Python) by extension 'python'
[0.335s] Level 1:colcon.colcon_core.package_identification:_identify(Python) by extensions ['python_setup_py']
[0.335s] Level 1:colcon.colcon_core.package_identification:_identify(Python) by extension 'python_setup_py'
[0.335s] Level 1:colcon.colcon_core.package_identification:_identify(build) by extensions ['ignore', 'ignore_ament_install']
[0.335s] Level 1:colcon.colcon_core.package_identification:_identify(build) by extension 'ignore'
[0.335s] Level 1:colcon.colcon_core.package_identification:_identify(build) ignored
[0.335s] Level 1:colcon.colcon_core.package_identification:_identify(install) by extensions ['ignore', 'ignore_ament_install']
[0.335s] Level 1:colcon.colcon_core.package_identification:_identify(install) by extension 'ignore'
[0.335s] Level 1:colcon.colcon_core.package_identification:_identify(install) ignored
[0.336s] Level 1:colcon.colcon_core.package_identification:_identify(log) by extensions ['ignore', 'ignore_ament_install']
[0.336s] Level 1:colcon.colcon_core.package_identification:_identify(log) by extension 'ignore'
[0.336s] Level 1:colcon.colcon_core.package_identification:_identify(log) ignored
[0.336s] Level 1:colcon.colcon_core.package_identification:_identify(ws4) by extensions ['ignore', 'ignore_ament_install']
[0.337s] Level 1:colcon.colcon_core.package_identification:_identify(ws4) by extension 'ignore'
[0.337s] Level 1:colcon.colcon_core.package_identification:_identify(ws4) by extension 'ignore_ament_install'
[0.337s] Level 1:colcon.colcon_core.package_identification:_identify(ws4) by extensions ['colcon_pkg']
[0.337s] Level 1:colcon.colcon_core.package_identification:_identify(ws4) by extension 'colcon_pkg'
[0.337s] Level 1:colcon.colcon_core.package_identification:_identify(ws4) by extensions ['colcon_meta']
[0.337s] Level 1:colcon.colcon_core.package_identification:_identify(ws4) by extension 'colcon_meta'
[0.337s] Level 1:colcon.colcon_core.package_identification:_identify(ws4) by extensions ['ros']
[0.337s] Level 1:colcon.colcon_core.package_identification:_identify(ws4) by extension 'ros'
[0.337s] Level 1:colcon.colcon_core.package_identification:_identify(ws4) by extensions ['cmake', 'python']
[0.337s] Level 1:colcon.colcon_core.package_identification:_identify(ws4) by extension 'cmake'
[0.337s] Level 1:colcon.colcon_core.package_identification:_identify(ws4) by extension 'python'
[0.337s] Level 1:colcon.colcon_core.package_identification:_identify(ws4) by extensions ['python_setup_py']
[0.337s] Level 1:colcon.colcon_core.package_identification:_identify(ws4) by extension 'python_setup_py'
[0.337s] Level 1:colcon.colcon_core.package_identification:_identify(ws4/src) by extensions ['ignore', 'ignore_ament_install']
[0.337s] Level 1:colcon.colcon_core.package_identification:_identify(ws4/src) by extension 'ignore'
[0.337s] Level 1:colcon.colcon_core.package_identification:_identify(ws4/src) by extension 'ignore_ament_install'
[0.337s] Level 1:colcon.colcon_core.package_identification:_identify(ws4/src) by extensions ['colcon_pkg']
[0.337s] Level 1:colcon.colcon_core.package_identification:_identify(ws4/src) by extension 'colcon_pkg'
[0.337s] Level 1:colcon.colcon_core.package_identification:_identify(ws4/src) by extensions ['colcon_meta']
[0.337s] Level 1:colcon.colcon_core.package_identification:_identify(ws4/src) by extension 'colcon_meta'
[0.337s] Level 1:colcon.colcon_core.package_identification:_identify(ws4/src) by extensions ['ros']
[0.337s] Level 1:colcon.colcon_core.package_identification:_identify(ws4/src) by extension 'ros'
[0.338s] Level 1:colcon.colcon_core.package_identification:_identify(ws4/src) by extensions ['cmake', 'python']
[0.338s] Level 1:colcon.colcon_core.package_identification:_identify(ws4/src) by extension 'cmake'
[0.338s] Level 1:colcon.colcon_core.package_identification:_identify(ws4/src) by extension 'python'
[0.338s] Level 1:colcon.colcon_core.package_identification:_identify(ws4/src) by extensions ['python_setup_py']
[0.338s] Level 1:colcon.colcon_core.package_identification:_identify(ws4/src) by extension 'python_setup_py'
[0.338s] Level 1:colcon.colcon_core.package_identification:_identify(ws4/src/msee22_description) by extensions ['ignore', 'ignore_ament_install']
[0.338s] Level 1:colcon.colcon_core.package_identification:_identify(ws4/src/msee22_description) by extension 'ignore'
[0.338s] Level 1:colcon.colcon_core.package_identification:_identify(ws4/src/msee22_description) by extension 'ignore_ament_install'
[0.338s] Level 1:colcon.colcon_core.package_identification:_identify(ws4/src/msee22_description) by extensions ['colcon_pkg']
[0.338s] Level 1:colcon.colcon_core.package_identification:_identify(ws4/src/msee22_description) by extension 'colcon_pkg'
[0.338s] Level 1:colcon.colcon_core.package_identification:_identify(ws4/src/msee22_description) by extensions ['colcon_meta']
[0.338s] Level 1:colcon.colcon_core.package_identification:_identify(ws4/src/msee22_description) by extension 'colcon_meta'
[0.338s] Level 1:colcon.colcon_core.package_identification:_identify(ws4/src/msee22_description) by extensions ['ros']
[0.338s] Level 1:colcon.colcon_core.package_identification:_identify(ws4/src/msee22_description) by extension 'ros'
[0.340s] DEBUG:colcon.colcon_core.package_identification:Package 'ws4/src/msee22_description' with type 'ros.ament_python' and name 'msee22_description'
[0.341s] Level 1:colcon.colcon_core.package_identification:_identify(ws4/src/py_joint_pub) by extensions ['ignore', 'ignore_ament_install']
[0.341s] Level 1:colcon.colcon_core.package_identification:_identify(ws4/src/py_joint_pub) by extension 'ignore'
[0.341s] Level 1:colcon.colcon_core.package_identification:_identify(ws4/src/py_joint_pub) by extension 'ignore_ament_install'
[0.341s] Level 1:colcon.colcon_core.package_identification:_identify(ws4/src/py_joint_pub) by extensions ['colcon_pkg']
[0.341s] Level 1:colcon.colcon_core.package_identification:_identify(ws4/src/py_joint_pub) by extension 'colcon_pkg'
[0.341s] Level 1:colcon.colcon_core.package_identification:_identify(ws4/src/py_joint_pub) by extensions ['colcon_meta']
[0.341s] Level 1:colcon.colcon_core.package_identification:_identify(ws4/src/py_joint_pub) by extension 'colcon_meta'
[0.341s] Level 1:colcon.colcon_core.package_identification:_identify(ws4/src/py_joint_pub) by extensions ['ros']
[0.341s] Level 1:colcon.colcon_core.package_identification:_identify(ws4/src/py_joint_pub) by extension 'ros'
[0.342s] DEBUG:colcon.colcon_core.package_identification:Package 'ws4/src/py_joint_pub' with type 'ros.ament_python' and name 'py_joint_pub'
[0.342s] Level 1:colcon.colcon_core.package_identification:_identify(ws4/src/table_description) by extensions ['ignore', 'ignore_ament_install']
[0.342s] Level 1:colcon.colcon_core.package_identification:_identify(ws4/src/table_description) by extension 'ignore'
[0.342s] Level 1:colcon.colcon_core.package_identification:_identify(ws4/src/table_description) by extension 'ignore_ament_install'
[0.342s] Level 1:colcon.colcon_core.package_identification:_identify(ws4/src/table_description) by extensions ['colcon_pkg']
[0.342s] Level 1:colcon.colcon_core.package_identification:_identify(ws4/src/table_description) by extension 'colcon_pkg'
[0.342s] Level 1:colcon.colcon_core.package_identification:_identify(ws4/src/table_description) by extensions ['colcon_meta']
[0.342s] Level 1:colcon.colcon_core.package_identification:_identify(ws4/src/table_description) by extension 'colcon_meta'
[0.342s] Level 1:colcon.colcon_core.package_identification:_identify(ws4/src/table_description) by extensions ['ros']
[0.342s] Level 1:colcon.colcon_core.package_identification:_identify(ws4/src/table_description) by extension 'ros'
[0.343s] DEBUG:colcon.colcon_core.package_identification:Package 'ws4/src/table_description' with type 'ros.ament_python' and name 'table_description'
[0.343s] Level 1:colcon.colcon_core.package_identification:_identify(ws4/src/wall_description) by extensions ['ignore', 'ignore_ament_install']
[0.343s] Level 1:colcon.colcon_core.package_identification:_identify(ws4/src/wall_description) by extension 'ignore'
[0.343s] Level 1:colcon.colcon_core.package_identification:_identify(ws4/src/wall_description) by extension 'ignore_ament_install'
[0.344s] Level 1:colcon.colcon_core.package_identification:_identify(ws4/src/wall_description) by extensions ['colcon_pkg']
[0.344s] Level 1:colcon.colcon_core.package_identification:_identify(ws4/src/wall_description) by extension 'colcon_pkg'
[0.344s] Level 1:colcon.colcon_core.package_identification:_identify(ws4/src/wall_description) by extensions ['colcon_meta']
[0.344s] Level 1:colcon.colcon_core.package_identification:_identify(ws4/src/wall_description) by extension 'colcon_meta'
[0.344s] Level 1:colcon.colcon_core.package_identification:_identify(ws4/src/wall_description) by extensions ['ros']
[0.344s] Level 1:colcon.colcon_core.package_identification:_identify(ws4/src/wall_description) by extension 'ros'
[0.344s] DEBUG:colcon.colcon_core.package_identification:Package 'ws4/src/wall_description' with type 'ros.ament_python' and name 'wall_description'
[0.344s] Level 1:colcon.colcon_core.package_discovery:discover_packages(recursive) using defaults
[0.344s] Level 1:colcon.colcon_core.package_discovery:discover_packages(ignore) discover
[0.344s] Level 1:colcon.colcon_core.package_discovery:discover_packages(ignore) using defaults
[0.344s] Level 1:colcon.colcon_core.package_discovery:discover_packages(path) discover
[0.344s] Level 1:colcon.colcon_core.package_discovery:discover_packages(path) using defaults
[0.362s] Level 1:colcon.colcon_core.package_discovery:discover_packages(prefix_path) check parameters
[0.362s] Level 1:colcon.colcon_core.package_discovery:discover_packages(prefix_path) discover
[0.365s] DEBUG:colcon.colcon_installed_package_information.package_discovery:Found 358 installed packages in /opt/ros/humble
[0.366s] Level 1:colcon.colcon_core.package_discovery:discover_packages(prefix_path) using defaults
[0.405s] Level 5:colcon.colcon_core.verb:set package 'msee22_description' build argument 'cmake_args' from command line to 'None'
[0.405s] Level 5:colcon.colcon_core.verb:set package 'msee22_description' build argument 'cmake_target' from command line to 'None'
[0.405s] Level 5:colcon.colcon_core.verb:set package 'msee22_description' build argument 'cmake_target_skip_unavailable' from command line to 'False'
[0.405s] Level 5:colcon.colcon_core.verb:set package 'msee22_description' build argument 'cmake_clean_cache' from command line to 'False'
[0.405s] Level 5:colcon.colcon_core.verb:set package 'msee22_description' build argument 'cmake_clean_first' from command line to 'False'
[0.405s] Level 5:colcon.colcon_core.verb:set package 'msee22_description' build argument 'cmake_force_configure' from command line to 'False'
[0.405s] Level 5:colcon.colcon_core.verb:set package 'msee22_description' build argument 'ament_cmake_args' from command line to 'None'
[0.405s] Level 5:colcon.colcon_core.verb:set package 'msee22_description' build argument 'catkin_cmake_args' from command line to 'None'
[0.405s] Level 5:colcon.colcon_core.verb:set package 'msee22_description' build argument 'catkin_skip_building_tests' from command line to 'False'
[0.405s] DEBUG:colcon.colcon_core.verb:Building package 'msee22_description' with the following arguments: {'ament_cmake_args': None, 'build_base': '/home/min/a/ecorream/ece569-fall2025/Lab4/build/msee22_description', 'catkin_cmake_args': None, 'catkin_skip_building_tests': False, 'cmake_args': None, 'cmake_clean_cache': False, 'cmake_clean_first': False, 'cmake_force_configure': False, 'cmake_target': None, 'cmake_target_skip_unavailable': False, 'install_base': '/home/min/a/ecorream/ece569-fall2025/Lab4/install/msee22_description', 'merge_install': False, 'path': '/home/min/a/ecorream/ece569-fall2025/Lab4/ws4/src/msee22_description', 'symlink_install': True, 'test_result_base': None}
[0.405s] Level 5:colcon.colcon_core.verb:set package 'py_joint_pub' build argument 'cmake_args' from command line to 'None'
[0.405s] Level 5:colcon.colcon_core.verb:set package 'py_joint_pub' build argument 'cmake_target' from command line to 'None'
[0.405s] Level 5:colcon.colcon_core.verb:set package 'py_joint_pub' build argument 'cmake_target_skip_unavailable' from command line to 'False'
[0.405s] Level 5:colcon.colcon_core.verb:set package 'py_joint_pub' build argument 'cmake_clean_cache' from command line to 'False'
[0.405s] Level 5:colcon.colcon_core.verb:set package 'py_joint_pub' build argument 'cmake_clean_first' from command line to 'False'
[0.405s] Level 5:colcon.colcon_core.verb:set package 'py_joint_pub' build argument 'cmake_force_configure' from command line to 'False'
[0.406s] Level 5:colcon.colcon_core.verb:set package 'py_joint_pub' build argument 'ament_cmake_args' from command line to 'None'
[0.406s] Level 5:colcon.colcon_core.verb:set package 'py_joint_pub' build argument 'catkin_cmake_args' from command line to 'None'
[0.406s] Level 5:colcon.colcon_core.verb:set package 'py_joint_pub' build argument 'catkin_skip_building_tests' from command line to 'False'
[0.406s] DEBUG:colcon.colcon_core.verb:Building package 'py_joint_pub' with the following arguments: {'ament_cmake_args': None, 'build_base': '/home/min/a/ecorream/ece569-fall2025/Lab4/build/py_joint_pub', 'catkin_cmake_args': None, 'catkin_skip_building_tests': False, 'cmake_args': None, 'cmake_clean_cache': False, 'cmake_clean_first': False, 'cmake_force_configure': False, 'cmake_target': None, 'cmake_target_skip_unavailable': False, 'install_base': '/home/min/a/ecorream/ece569-fall2025/Lab4/install/py_joint_pub', 'merge_install': False, 'path': '/home/min/a/ecorream/ece569-fall2025/Lab4/ws4/src/py_joint_pub', 'symlink_install': True, 'test_result_base': None}
[0.406s] Level 5:colcon.colcon_core.verb:set package 'table_description' build argument 'cmake_args' from command line to 'None'
[0.406s] Level 5:colcon.colcon_core.verb:set package 'table_description' build argument 'cmake_target' from command line to 'None'
[0.406s] Level 5:colcon.colcon_core.verb:set package 'table_description' build argument 'cmake_target_skip_unavailable' from command line to 'False'
[0.406s] Level 5:colcon.colcon_core.verb:set package 'table_description' build argument 'cmake_clean_cache' from command line to 'False'
[0.406s] Level 5:colcon.colcon_core.verb:set package 'table_description' build argument 'cmake_clean_first' from command line to 'False'
[0.406s] Level 5:colcon.colcon_core.verb:set package 'table_description' build argument 'cmake_force_configure' from command line to 'False'
[0.406s] Level 5:colcon.colcon_core.verb:set package 'table_description' build argument 'ament_cmake_args' from command line to 'None'
[0.406s] Level 5:colcon.colcon_core.verb:set package 'table_description' build argument 'catkin_cmake_args' from command line to 'None'
[0.406s] Level 5:colcon.colcon_core.verb:set package 'table_description' build argument 'catkin_skip_building_tests' from command line to 'False'
[0.406s] DEBUG:colcon.colcon_core.verb:Building package 'table_description' with the following arguments: {'ament_cmake_args': None, 'build_base': '/home/min/a/ecorream/ece569-fall2025/Lab4/build/table_description', 'catkin_cmake_args': None, 'catkin_skip_building_tests': False, 'cmake_args': None, 'cmake_clean_cache': False, 'cmake_clean_first': False, 'cmake_force_configure': False, 'cmake_target': None, 'cmake_target_skip_unavailable': False, 'install_base': '/home/min/a/ecorream/ece569-fall2025/Lab4/install/table_description', 'merge_install': False, 'path': '/home/min/a/ecorream/ece569-fall2025/Lab4/ws4/src/table_description', 'symlink_install': True, 'test_result_base': None}
[0.406s] Level 5:colcon.colcon_core.verb:set package 'wall_description' build argument 'cmake_args' from command line to 'None'
[0.406s] Level 5:colcon.colcon_core.verb:set package 'wall_description' build argument 'cmake_target' from command line to 'None'
[0.406s] Level 5:colcon.colcon_core.verb:set package 'wall_description' build argument 'cmake_target_skip_unavailable' from command line to 'False'
[0.406s] Level 5:colcon.colcon_core.verb:set package 'wall_description' build argument 'cmake_clean_cache' from command line to 'False'
[0.406s] Level 5:colcon.colcon_core.verb:set package 'wall_description' build argument 'cmake_clean_first' from command line to 'False'
[0.406s] Level 5:colcon.colcon_core.verb:set package 'wall_description' build argument 'cmake_force_configure' from command line to 'False'
[0.406s] Level 5:colcon.colcon_core.verb:set package 'wall_description' build argument 'ament_cmake_args' from command line to 'None'
[0.406s] Level 5:colcon.colcon_core.verb:set package 'wall_description' build argument 'catkin_cmake_args' from command line to 'None'
[0.406s] Level 5:colcon.colcon_core.verb:set package 'wall_description' build argument 'catkin_skip_building_tests' from command line to 'False'
[0.407s] DEBUG:colcon.colcon_core.verb:Building package 'wall_description' with the following arguments: {'ament_cmake_args': None, 'build_base': '/home/min/a/ecorream/ece569-fall2025/Lab4/build/wall_description', 'catkin_cmake_args': None, 'catkin_skip_building_tests': False, 'cmake_args': None, 'cmake_clean_cache': False, 'cmake_clean_first': False, 'cmake_force_configure': False, 'cmake_target': None, 'cmake_target_skip_unavailable': False, 'install_base': '/home/min/a/ecorream/ece569-fall2025/Lab4/install/wall_description', 'merge_install': False, 'path': '/home/min/a/ecorream/ece569-fall2025/Lab4/ws4/src/wall_description', 'symlink_install': True, 'test_result_base': None}
[0.407s] INFO:colcon.colcon_core.executor:Executing jobs using 'parallel' executor
[0.408s] DEBUG:colcon.colcon_parallel_executor.executor.parallel:run_until_complete
[0.408s] INFO:colcon.colcon_ros.task.ament_python.build:Building ROS package in '/home/min/a/ecorream/ece569-fall2025/Lab4/ws4/src/msee22_description' with build type 'ament_python'
[0.408s] Level 1:colcon.colcon_core.shell:create_environment_hook('msee22_description', 'ament_prefix_path')
[0.409s] INFO:colcon.colcon_core.plugin_system:Skipping extension 'colcon_core.shell.bat': Not used on non-Windows systems
[0.410s] INFO:colcon.colcon_core.shell:Creating environment hook '/home/min/a/ecorream/ece569-fall2025/Lab4/install/msee22_description/share/msee22_description/hook/ament_prefix_path.ps1'
[0.412s] INFO:colcon.colcon_core.shell:Creating environment descriptor '/home/min/a/ecorream/ece569-fall2025/Lab4/install/msee22_description/share/msee22_description/hook/ament_prefix_path.dsv'
[0.413s] INFO:colcon.colcon_core.shell:Creating environment hook '/home/min/a/ecorream/ece569-fall2025/Lab4/install/msee22_description/share/msee22_description/hook/ament_prefix_path.sh'
[0.415s] INFO:colcon.colcon_core.shell:Skip shell extension 'powershell' for command environment: Not usable outside of PowerShell
[0.415s] DEBUG:colcon.colcon_core.shell:Skip shell extension 'dsv' for command environment
[0.419s] INFO:colcon.colcon_ros.task.ament_python.build:Building ROS package in '/home/min/a/ecorream/ece569-fall2025/Lab4/ws4/src/py_joint_pub' with build type 'ament_python'
[0.420s] Level 1:colcon.colcon_core.shell:create_environment_hook('py_joint_pub', 'ament_prefix_path')
[0.420s] INFO:colcon.colcon_core.shell:Creating environment hook '/home/min/a/ecorream/ece569-fall2025/Lab4/install/py_joint_pub/share/py_joint_pub/hook/ament_prefix_path.ps1'
[0.422s] INFO:colcon.colcon_core.shell:Creating environment descriptor '/home/min/a/ecorream/ece569-fall2025/Lab4/install/py_joint_pub/share/py_joint_pub/hook/ament_prefix_path.dsv'
[0.423s] INFO:colcon.colcon_core.shell:Creating environment hook '/home/min/a/ecorream/ece569-fall2025/Lab4/install/py_joint_pub/share/py_joint_pub/hook/ament_prefix_path.sh'
[0.425s] INFO:colcon.colcon_core.shell:Skip shell extension 'powershell' for command environment: Not usable outside of PowerShell
[0.425s] DEBUG:colcon.colcon_core.shell:Skip shell extension 'dsv' for command environment
[0.429s] INFO:colcon.colcon_ros.task.ament_python.build:Building ROS package in '/home/min/a/ecorream/ece569-fall2025/Lab4/ws4/src/table_description' with build type 'ament_python'
[0.429s] Level 1:colcon.colcon_core.shell:create_environment_hook('table_description', 'ament_prefix_path')
[0.429s] INFO:colcon.colcon_core.shell:Creating environment hook '/home/min/a/ecorream/ece569-fall2025/Lab4/install/table_description/share/table_description/hook/ament_prefix_path.ps1'
[0.432s] INFO:colcon.colcon_core.shell:Creating environment descriptor '/home/min/a/ecorream/ece569-fall2025/Lab4/install/table_description/share/table_description/hook/ament_prefix_path.dsv'
[0.433s] INFO:colcon.colcon_core.shell:Creating environment hook '/home/min/a/ecorream/ece569-fall2025/Lab4/install/table_description/share/table_description/hook/ament_prefix_path.sh'
[0.434s] INFO:colcon.colcon_core.shell:Skip shell extension 'powershell' for command environment: Not usable outside of PowerShell
[0.434s] DEBUG:colcon.colcon_core.shell:Skip shell extension 'dsv' for command environment
[0.438s] INFO:colcon.colcon_ros.task.ament_python.build:Building ROS package in '/home/min/a/ecorream/ece569-fall2025/Lab4/ws4/src/wall_description' with build type 'ament_python'
[0.439s] Level 1:colcon.colcon_core.shell:create_environment_hook('wall_description', 'ament_prefix_path')
[0.439s] INFO:colcon.colcon_core.shell:Creating environment hook '/home/min/a/ecorream/ece569-fall2025/Lab4/install/wall_description/share/wall_description/hook/ament_prefix_path.ps1'
[0.441s] INFO:colcon.colcon_core.shell:Creating environment descriptor '/home/min/a/ecorream/ece569-fall2025/Lab4/install/wall_description/share/wall_description/hook/ament_prefix_path.dsv'
[0.442s] INFO:colcon.colcon_core.shell:Creating environment hook '/home/min/a/ecorream/ece569-fall2025/Lab4/install/wall_description/share/wall_description/hook/ament_prefix_path.sh'
[0.444s] INFO:colcon.colcon_core.shell:Skip shell extension 'powershell' for command environment: Not usable outside of PowerShell
[0.444s] DEBUG:colcon.colcon_core.shell:Skip shell extension 'dsv' for command environment
[0.735s] INFO:colcon.colcon_core.task.python.build:Building Python package in '/home/min/a/ecorream/ece569-fall2025/Lab4/ws4/src/msee22_description'
[0.735s] INFO:colcon.colcon_core.shell:Skip shell extension 'powershell' for command environment: Not usable outside of PowerShell
[0.735s] DEBUG:colcon.colcon_core.shell:Skip shell extension 'dsv' for command environment
[1.025s] INFO:colcon.colcon_core.task.python.build:Building Python package in '/home/min/a/ecorream/ece569-fall2025/Lab4/ws4/src/py_joint_pub'
[1.025s] INFO:colcon.colcon_core.shell:Skip shell extension 'powershell' for command environment: Not usable outside of PowerShell
[1.025s] DEBUG:colcon.colcon_core.shell:Skip shell extension 'dsv' for command environment
[1.313s] INFO:colcon.colcon_core.task.python.build:Building Python package in '/home/min/a/ecorream/ece569-fall2025/Lab4/ws4/src/table_description'
[1.313s] INFO:colcon.colcon_core.shell:Skip shell extension 'powershell' for command environment: Not usable outside of PowerShell
[1.313s] DEBUG:colcon.colcon_core.shell:Skip shell extension 'dsv' for command environment
[1.607s] INFO:colcon.colcon_core.task.python.build:Building Python package in '/home/min/a/ecorream/ece569-fall2025/Lab4/ws4/src/wall_description'
[1.607s] INFO:colcon.colcon_core.shell:Skip shell extension 'powershell' for command environment: Not usable outside of PowerShell
[1.607s] DEBUG:colcon.colcon_core.shell:Skip shell extension 'dsv' for command environment
[2.245s] DEBUG:colcon.colcon_core.event_handler.log_command:Invoking command in '/home/min/a/ecorream/ece569-fall2025/Lab4/build/py_joint_pub': PYTHONPATH=/home/min/a/ecorream/ece569-fall2025/Lab4/build/py_joint_pub/prefix_override:/usr/lib/python3/dist-packages/colcon_core/task/python/colcon_distutils_commands:/home/min/a/ecorream/ece569-fall2025/Lab4/install/py_joint_pub/lib/python3.10/site-packages:${PYTHONPATH} /usr/bin/python3 -W ignore:setup.py install is deprecated -W ignore:easy_install command is deprecated setup.py develop --editable --build-directory /home/min/a/ecorream/ece569-fall2025/Lab4/build/py_joint_pub/build --no-deps symlink_data
[2.249s] DEBUG:colcon.colcon_core.event_handler.log_command:Invoking command in '/home/min/a/ecorream/ece569-fall2025/Lab4/build/wall_description': PYTHONPATH=/home/min/a/ecorream/ece569-fall2025/Lab4/build/wall_description/prefix_override:/usr/lib/python3/dist-packages/colcon_core/task/python/colcon_distutils_commands:/home/min/a/ecorream/ece569-fall2025/Lab4/install/wall_description/lib/python3.10/site-packages:${PYTHONPATH} /usr/bin/python3 -W ignore:setup.py install is deprecated -W ignore:easy_install command is deprecated setup.py develop --editable --build-directory /home/min/a/ecorream/ece569-fall2025/Lab4/build/wall_description/build --no-deps symlink_data
[2.299s] DEBUG:colcon.colcon_core.event_handler.log_command:Invoking command in '/home/min/a/ecorream/ece569-fall2025/Lab4/build/table_description': PYTHONPATH=/home/min/a/ecorream/ece569-fall2025/Lab4/build/table_description/prefix_override:/usr/lib/python3/dist-packages/colcon_core/task/python/colcon_distutils_commands:/home/min/a/ecorream/ece569-fall2025/Lab4/install/table_description/lib/python3.10/site-packages:${PYTHONPATH} /usr/bin/python3 -W ignore:setup.py install is deprecated -W ignore:easy_install command is deprecated setup.py develop --editable --build-directory /home/min/a/ecorream/ece569-fall2025/Lab4/build/table_description/build --no-deps symlink_data
[2.320s] DEBUG:colcon.colcon_core.event_handler.log_command:Invoking command in '/home/min/a/ecorream/ece569-fall2025/Lab4/build/msee22_description': PYTHONPATH=/home/min/a/ecorream/ece569-fall2025/Lab4/build/msee22_description/prefix_override:/usr/lib/python3/dist-packages/colcon_core/task/python/colcon_distutils_commands:/home/min/a/ecorream/ece569-fall2025/Lab4/install/msee22_description/lib/python3.10/site-packages:${PYTHONPATH} /usr/bin/python3 -W ignore:setup.py install is deprecated -W ignore:easy_install command is deprecated setup.py develop --editable --build-directory /home/min/a/ecorream/ece569-fall2025/Lab4/build/msee22_description/build --no-deps symlink_data
[3.031s] Level 1:colcon.colcon_core.shell:create_environment_hook('wall_description', 'pythonpath_develop')
[3.031s] DEBUG:colcon.colcon_core.event_handler.log_command:Invoked command in '/home/min/a/ecorream/ece569-fall2025/Lab4/build/wall_description' returned '0': PYTHONPATH=/home/min/a/ecorream/ece569-fall2025/Lab4/build/wall_description/prefix_override:/usr/lib/python3/dist-packages/colcon_core/task/python/colcon_distutils_commands:/home/min/a/ecorream/ece569-fall2025/Lab4/install/wall_description/lib/python3.10/site-packages:${PYTHONPATH} /usr/bin/python3 -W ignore:setup.py install is deprecated -W ignore:easy_install command is deprecated setup.py develop --editable --build-directory /home/min/a/ecorream/ece569-fall2025/Lab4/build/wall_description/build --no-deps symlink_data
[3.032s] INFO:colcon.colcon_core.shell:Creating environment hook '/home/min/a/ecorream/ece569-fall2025/Lab4/build/wall_description/share/wall_description/hook/pythonpath_develop.ps1'
[3.033s] INFO:colcon.colcon_core.shell:Creating environment descriptor '/home/min/a/ecorream/ece569-fall2025/Lab4/build/wall_description/share/wall_description/hook/pythonpath_develop.dsv'
[3.035s] INFO:colcon.colcon_core.shell:Creating environment hook '/home/min/a/ecorream/ece569-fall2025/Lab4/build/wall_description/share/wall_description/hook/pythonpath_develop.sh'
[3.038s] Level 1:colcon.colcon_core.environment:checking '/home/min/a/ecorream/ece569-fall2025/Lab4/install/wall_description' for CMake module files
[3.039s] Level 1:colcon.colcon_core.environment:checking '/home/min/a/ecorream/ece569-fall2025/Lab4/install/wall_description' for CMake config files
[3.043s] Level 1:colcon.colcon_core.environment:checking '/home/min/a/ecorream/ece569-fall2025/Lab4/install/wall_description/lib'
[3.043s] Level 1:colcon.colcon_core.environment:checking '/home/min/a/ecorream/ece569-fall2025/Lab4/install/wall_description/bin'
[3.044s] Level 1:colcon.colcon_core.environment:checking '/home/min/a/ecorream/ece569-fall2025/Lab4/install/wall_description/lib/pkgconfig/wall_description.pc'
[3.044s] Level 1:colcon.colcon_core.environment:checking '/home/min/a/ecorream/ece569-fall2025/Lab4/install/wall_description/lib/python3.10/site-packages'
[3.044s] Level 1:colcon.colcon_core.shell:create_environment_hook('wall_description', 'pythonpath')
[3.044s] INFO:colcon.colcon_core.shell:Creating environment hook '/home/min/a/ecorream/ece569-fall2025/Lab4/install/wall_description/share/wall_description/hook/pythonpath.ps1'
[3.046s] INFO:colcon.colcon_core.shell:Creating environment descriptor '/home/min/a/ecorream/ece569-fall2025/Lab4/install/wall_description/share/wall_description/hook/pythonpath.dsv'
[3.047s] INFO:colcon.colcon_core.shell:Creating environment hook '/home/min/a/ecorream/ece569-fall2025/Lab4/install/wall_description/share/wall_description/hook/pythonpath.sh'
[3.048s] Level 1:colcon.colcon_core.environment:checking '/home/min/a/ecorream/ece569-fall2025/Lab4/install/wall_description/bin'
[3.048s] Level 1:colcon.colcon_core.environment:create_environment_scripts_only(wall_description)
[3.049s] INFO:colcon.colcon_core.shell:Creating package script '/home/min/a/ecorream/ece569-fall2025/Lab4/install/wall_description/share/wall_description/package.ps1'
[3.050s] INFO:colcon.colcon_core.shell:Creating package descriptor '/home/min/a/ecorream/ece569-fall2025/Lab4/install/wall_description/share/wall_description/package.dsv'
[3.051s] INFO:colcon.colcon_core.shell:Creating package script '/home/min/a/ecorream/ece569-fall2025/Lab4/install/wall_description/share/wall_description/package.sh'
[3.053s] INFO:colcon.colcon_core.shell:Creating package script '/home/min/a/ecorream/ece569-fall2025/Lab4/install/wall_description/share/wall_description/package.bash'
[3.054s] INFO:colcon.colcon_core.shell:Creating package script '/home/min/a/ecorream/ece569-fall2025/Lab4/install/wall_description/share/wall_description/package.zsh'
[3.055s] Level 1:colcon.colcon_core.environment:create_file_with_runtime_dependencies(/home/min/a/ecorream/ece569-fall2025/Lab4/install/wall_description/share/colcon-core/packages/wall_description)
[3.057s] Level 1:colcon.colcon_core.shell:create_environment_hook('py_joint_pub', 'pythonpath_develop')
[3.057s] INFO:colcon.colcon_core.shell:Creating environment hook '/home/min/a/ecorream/ece569-fall2025/Lab4/build/py_joint_pub/share/py_joint_pub/hook/pythonpath_develop.ps1'
[3.059s] DEBUG:colcon.colcon_core.event_handler.log_command:Invoked command in '/home/min/a/ecorream/ece569-fall2025/Lab4/build/py_joint_pub' returned '0': PYTHONPATH=/home/min/a/ecorream/ece569-fall2025/Lab4/build/py_joint_pub/prefix_override:/usr/lib/python3/dist-packages/colcon_core/task/python/colcon_distutils_commands:/home/min/a/ecorream/ece569-fall2025/Lab4/install/py_joint_pub/lib/python3.10/site-packages:${PYTHONPATH} /usr/bin/python3 -W ignore:setup.py install is deprecated -W ignore:easy_install command is deprecated setup.py develop --editable --build-directory /home/min/a/ecorream/ece569-fall2025/Lab4/build/py_joint_pub/build --no-deps symlink_data
[3.059s] INFO:colcon.colcon_core.shell:Creating environment descriptor '/home/min/a/ecorream/ece569-fall2025/Lab4/build/py_joint_pub/share/py_joint_pub/hook/pythonpath_develop.dsv'
[3.060s] INFO:colcon.colcon_core.shell:Creating environment hook '/home/min/a/ecorream/ece569-fall2025/Lab4/build/py_joint_pub/share/py_joint_pub/hook/pythonpath_develop.sh'
[3.062s] Level 1:colcon.colcon_core.environment:checking '/home/min/a/ecorream/ece569-fall2025/Lab4/install/py_joint_pub' for CMake module files
[3.064s] Level 1:colcon.colcon_core.environment:checking '/home/min/a/ecorream/ece569-fall2025/Lab4/install/py_joint_pub' for CMake config files
[3.066s] Level 1:colcon.colcon_core.environment:checking '/home/min/a/ecorream/ece569-fall2025/Lab4/install/py_joint_pub/lib'
[3.067s] Level 1:colcon.colcon_core.environment:checking '/home/min/a/ecorream/ece569-fall2025/Lab4/install/py_joint_pub/bin'
[3.067s] Level 1:colcon.colcon_core.environment:checking '/home/min/a/ecorream/ece569-fall2025/Lab4/install/py_joint_pub/lib/pkgconfig/py_joint_pub.pc'
[3.067s] Level 1:colcon.colcon_core.environment:checking '/home/min/a/ecorream/ece569-fall2025/Lab4/install/py_joint_pub/lib/python3.10/site-packages'
[3.067s] Level 1:colcon.colcon_core.shell:create_environment_hook('py_joint_pub', 'pythonpath')
[3.067s] INFO:colcon.colcon_core.shell:Creating environment hook '/home/min/a/ecorream/ece569-fall2025/Lab4/install/py_joint_pub/share/py_joint_pub/hook/pythonpath.ps1'
[3.068s] INFO:colcon.colcon_core.shell:Creating environment descriptor '/home/min/a/ecorream/ece569-fall2025/Lab4/install/py_joint_pub/share/py_joint_pub/hook/pythonpath.dsv'
[3.069s] INFO:colcon.colcon_core.shell:Creating environment hook '/home/min/a/ecorream/ece569-fall2025/Lab4/install/py_joint_pub/share/py_joint_pub/hook/pythonpath.sh'
[3.071s] Level 1:colcon.colcon_core.environment:checking '/home/min/a/ecorream/ece569-fall2025/Lab4/install/py_joint_pub/bin'
[3.071s] Level 1:colcon.colcon_core.environment:create_environment_scripts_only(py_joint_pub)
[3.071s] INFO:colcon.colcon_core.shell:Creating package script '/home/min/a/ecorream/ece569-fall2025/Lab4/install/py_joint_pub/share/py_joint_pub/package.ps1'
[3.072s] INFO:colcon.colcon_core.shell:Creating package descriptor '/home/min/a/ecorream/ece569-fall2025/Lab4/install/py_joint_pub/share/py_joint_pub/package.dsv'
[3.073s] INFO:colcon.colcon_core.shell:Creating package script '/home/min/a/ecorream/ece569-fall2025/Lab4/install/py_joint_pub/share/py_joint_pub/package.sh'
[3.074s] INFO:colcon.colcon_core.shell:Creating package script '/home/min/a/ecorream/ece569-fall2025/Lab4/install/py_joint_pub/share/py_joint_pub/package.bash'
[3.075s] INFO:colcon.colcon_core.shell:Creating package script '/home/min/a/ecorream/ece569-fall2025/Lab4/install/py_joint_pub/share/py_joint_pub/package.zsh'
[3.076s] Level 1:colcon.colcon_core.environment:create_file_with_runtime_dependencies(/home/min/a/ecorream/ece569-fall2025/Lab4/install/py_joint_pub/share/colcon-core/packages/py_joint_pub)
[3.078s] Level 1:colcon.colcon_core.shell:create_environment_hook('table_description', 'pythonpath_develop')
[3.078s] INFO:colcon.colcon_core.shell:Creating environment hook '/home/min/a/ecorream/ece569-fall2025/Lab4/build/table_description/share/table_description/hook/pythonpath_develop.ps1'
[3.079s] INFO:colcon.colcon_core.shell:Creating environment descriptor '/home/min/a/ecorream/ece569-fall2025/Lab4/build/table_description/share/table_description/hook/pythonpath_develop.dsv'
[3.080s] DEBUG:colcon.colcon_core.event_handler.log_command:Invoked command in '/home/min/a/ecorream/ece569-fall2025/Lab4/build/table_description' returned '0': PYTHONPATH=/home/min/a/ecorream/ece569-fall2025/Lab4/build/table_description/prefix_override:/usr/lib/python3/dist-packages/colcon_core/task/python/colcon_distutils_commands:/home/min/a/ecorream/ece569-fall2025/Lab4/install/table_description/lib/python3.10/site-packages:${PYTHONPATH} /usr/bin/python3 -W ignore:setup.py install is deprecated -W ignore:easy_install command is deprecated setup.py develop --editable --build-directory /home/min/a/ecorream/ece569-fall2025/Lab4/build/table_description/build --no-deps symlink_data
[3.081s] INFO:colcon.colcon_core.shell:Creating environment hook '/home/min/a/ecorream/ece569-fall2025/Lab4/build/table_description/share/table_description/hook/pythonpath_develop.sh'
[3.082s] Level 1:colcon.colcon_core.environment:checking '/home/min/a/ecorream/ece569-fall2025/Lab4/install/table_description' for CMake module files
[3.084s] Level 1:colcon.colcon_core.environment:checking '/home/min/a/ecorream/ece569-fall2025/Lab4/install/table_description' for CMake config files
[3.087s] Level 1:colcon.colcon_core.environment:checking '/home/min/a/ecorream/ece569-fall2025/Lab4/install/table_description/lib'
[3.087s] Level 1:colcon.colcon_core.environment:checking '/home/min/a/ecorream/ece569-fall2025/Lab4/install/table_description/bin'
[3.087s] Level 1:colcon.colcon_core.environment:checking '/home/min/a/ecorream/ece569-fall2025/Lab4/install/table_description/lib/pkgconfig/table_description.pc'
[3.087s] Level 1:colcon.colcon_core.environment:checking '/home/min/a/ecorream/ece569-fall2025/Lab4/install/table_description/lib/python3.10/site-packages'
[3.087s] Level 1:colcon.colcon_core.shell:create_environment_hook('table_description', 'pythonpath')
[3.087s] INFO:colcon.colcon_core.shell:Creating environment hook '/home/min/a/ecorream/ece569-fall2025/Lab4/install/table_description/share/table_description/hook/pythonpath.ps1'
[3.088s] INFO:colcon.colcon_core.shell:Creating environment descriptor '/home/min/a/ecorream/ece569-fall2025/Lab4/install/table_description/share/table_description/hook/pythonpath.dsv'
[3.090s] INFO:colcon.colcon_core.shell:Creating environment hook '/home/min/a/ecorream/ece569-fall2025/Lab4/install/table_description/share/table_description/hook/pythonpath.sh'
[3.091s] Level 1:colcon.colcon_core.environment:checking '/home/min/a/ecorream/ece569-fall2025/Lab4/install/table_description/bin'
[3.091s] Level 1:colcon.colcon_core.environment:create_environment_scripts_only(table_description)
[3.091s] INFO:colcon.colcon_core.shell:Creating package script '/home/min/a/ecorream/ece569-fall2025/Lab4/install/table_description/share/table_description/package.ps1'
[3.093s] INFO:colcon.colcon_core.shell:Creating package descriptor '/home/min/a/ecorream/ece569-fall2025/Lab4/install/table_description/share/table_description/package.dsv'
[3.097s] INFO:colcon.colcon_core.shell:Creating package script '/home/min/a/ecorream/ece569-fall2025/Lab4/install/table_description/share/table_description/package.sh'
[3.098s] INFO:colcon.colcon_core.shell:Creating package script '/home/min/a/ecorream/ece569-fall2025/Lab4/install/table_description/share/table_description/package.bash'
[3.099s] INFO:colcon.colcon_core.shell:Creating package script '/home/min/a/ecorream/ece569-fall2025/Lab4/install/table_description/share/table_description/package.zsh'
[3.100s] Level 1:colcon.colcon_core.environment:create_file_with_runtime_dependencies(/home/min/a/ecorream/ece569-fall2025/Lab4/install/table_description/share/colcon-core/packages/table_description)
[3.102s] Level 1:colcon.colcon_core.shell:create_environment_hook('msee22_description', 'pythonpath_develop')
[3.102s] INFO:colcon.colcon_core.shell:Creating environment hook '/home/min/a/ecorream/ece569-fall2025/Lab4/build/msee22_description/share/msee22_description/hook/pythonpath_develop.ps1'
[3.104s] DEBUG:colcon.colcon_core.event_handler.log_command:Invoked command in '/home/min/a/ecorream/ece569-fall2025/Lab4/build/msee22_description' returned '0': PYTHONPATH=/home/min/a/ecorream/ece569-fall2025/Lab4/build/msee22_description/prefix_override:/usr/lib/python3/dist-packages/colcon_core/task/python/colcon_distutils_commands:/home/min/a/ecorream/ece569-fall2025/Lab4/install/msee22_description/lib/python3.10/site-packages:${PYTHONPATH} /usr/bin/python3 -W ignore:setup.py install is deprecated -W ignore:easy_install command is deprecated setup.py develop --editable --build-directory /home/min/a/ecorream/ece569-fall2025/Lab4/build/msee22_description/build --no-deps symlink_data
[3.104s] INFO:colcon.colcon_core.shell:Creating environment descriptor '/home/min/a/ecorream/ece569-fall2025/Lab4/build/msee22_description/share/msee22_description/hook/pythonpath_develop.dsv'
[3.105s] INFO:colcon.colcon_core.shell:Creating environment hook '/home/min/a/ecorream/ece569-fall2025/Lab4/build/msee22_description/share/msee22_description/hook/pythonpath_develop.sh'
[3.107s] Level 1:colcon.colcon_core.environment:checking '/home/min/a/ecorream/ece569-fall2025/Lab4/install/msee22_description' for CMake module files
[3.108s] Level 1:colcon.colcon_core.environment:checking '/home/min/a/ecorream/ece569-fall2025/Lab4/install/msee22_description' for CMake config files
[3.112s] Level 1:colcon.colcon_core.environment:checking '/home/min/a/ecorream/ece569-fall2025/Lab4/install/msee22_description/lib'
[3.112s] Level 1:colcon.colcon_core.environment:checking '/home/min/a/ecorream/ece569-fall2025/Lab4/install/msee22_description/bin'
[3.112s] Level 1:colcon.colcon_core.environment:checking '/home/min/a/ecorream/ece569-fall2025/Lab4/install/msee22_description/lib/pkgconfig/msee22_description.pc'
[3.113s] Level 1:colcon.colcon_core.environment:checking '/home/min/a/ecorream/ece569-fall2025/Lab4/install/msee22_description/lib/python3.10/site-packages'
[3.113s] Level 1:colcon.colcon_core.shell:create_environment_hook('msee22_description', 'pythonpath')
[3.113s] INFO:colcon.colcon_core.shell:Creating environment hook '/home/min/a/ecorream/ece569-fall2025/Lab4/install/msee22_description/share/msee22_description/hook/pythonpath.ps1'
[3.114s] INFO:colcon.colcon_core.shell:Creating environment descriptor '/home/min/a/ecorream/ece569-fall2025/Lab4/install/msee22_description/share/msee22_description/hook/pythonpath.dsv'
[3.115s] INFO:colcon.colcon_core.shell:Creating environment hook '/home/min/a/ecorream/ece569-fall2025/Lab4/install/msee22_description/share/msee22_description/hook/pythonpath.sh'
[3.117s] Level 1:colcon.colcon_core.environment:checking '/home/min/a/ecorream/ece569-fall2025/Lab4/install/msee22_description/bin'
[3.117s] Level 1:colcon.colcon_core.environment:create_environment_scripts_only(msee22_description)
[3.117s] INFO:colcon.colcon_core.shell:Creating package script '/home/min/a/ecorream/ece569-fall2025/Lab4/install/msee22_description/share/msee22_description/package.ps1'
[3.118s] INFO:colcon.colcon_core.shell:Creating package descriptor '/home/min/a/ecorream/ece569-fall2025/Lab4/install/msee22_description/share/msee22_description/package.dsv'
[3.120s] INFO:colcon.colcon_core.shell:Creating package script '/home/min/a/ecorream/ece569-fall2025/Lab4/install/msee22_description/share/msee22_description/package.sh'
[3.121s] INFO:colcon.colcon_core.shell:Creating package script '/home/min/a/ecorream/ece569-fall2025/Lab4/install/msee22_description/share/msee22_description/package.bash'
[3.122s] INFO:colcon.colcon_core.shell:Creating package script '/home/min/a/ecorream/ece569-fall2025/Lab4/install/msee22_description/share/msee22_description/package.zsh'
[3.123s] Level 1:colcon.colcon_core.environment:create_file_with_runtime_dependencies(/home/min/a/ecorream/ece569-fall2025/Lab4/install/msee22_description/share/colcon-core/packages/msee22_description)
[3.124s] DEBUG:colcon.colcon_parallel_executor.executor.parallel:closing loop
[3.124s] DEBUG:colcon.colcon_parallel_executor.executor.parallel:loop closed
[3.124s] DEBUG:colcon.colcon_parallel_executor.executor.parallel:run_until_complete finished with '0'
[3.124s] DEBUG:colcon.colcon_core.event_reactor:joining thread
[3.131s] INFO:colcon.colcon_core.plugin_system:Skipping extension 'colcon_notification.desktop_notification.terminal_notifier': Not used on non-Darwin systems
[3.132s] INFO:colcon.colcon_core.plugin_system:Skipping extension 'colcon_notification.desktop_notification.win32': Not used on non-Windows systems
[3.132s] INFO:colcon.colcon_notification.desktop_notification:Sending desktop notification using 'notify2'
[3.138s] DEBUG:colcon.colcon_core.event_reactor:joined thread
[3.138s] INFO:colcon.colcon_core.shell:Creating prefix script '/home/min/a/ecorream/ece569-fall2025/Lab4/install/local_setup.ps1'
[3.140s] INFO:colcon.colcon_core.shell:Creating prefix util module '/home/min/a/ecorream/ece569-fall2025/Lab4/install/_local_setup_util_ps1.py'
[3.144s] INFO:colcon.colcon_core.shell:Creating prefix chain script '/home/min/a/ecorream/ece569-fall2025/Lab4/install/setup.ps1'
[3.145s] INFO:colcon.colcon_core.shell:Creating prefix script '/home/min/a/ecorream/ece569-fall2025/Lab4/install/local_setup.sh'
[3.147s] INFO:colcon.colcon_core.shell:Creating prefix util module '/home/min/a/ecorream/ece569-fall2025/Lab4/install/_local_setup_util_sh.py'
[3.148s] INFO:colcon.colcon_core.shell:Creating prefix chain script '/home/min/a/ecorream/ece569-fall2025/Lab4/install/setup.sh'
[3.150s] INFO:colcon.colcon_core.shell:Creating prefix script '/home/min/a/ecorream/ece569-fall2025/Lab4/install/local_setup.bash'
[3.151s] INFO:colcon.colcon_core.shell:Creating prefix chain script '/home/min/a/ecorream/ece569-fall2025/Lab4/install/setup.bash'
[3.152s] INFO:colcon.colcon_core.shell:Creating prefix script '/home/min/a/ecorream/ece569-fall2025/Lab4/install/local_setup.zsh'
[3.154s] INFO:colcon.colcon_core.shell:Creating prefix chain script '/home/min/a/ecorream/ece569-fall2025/Lab4/install/setup.zsh'
