[0.101s] DEBUG:colcon:Command line arguments: ['/bin/colcon', 'build', '--symlink-install']
[0.101s] DEBUG:colcon:Parsed command line arguments: Namespace(log_base=None, log_level=None, verb_name='build', build_base='build', install_base='install', merge_install=False, symlink_install=True, test_result_base=None, continue_on_error=False, executor='parallel', parallel_workers=128, event_handlers=None, ignore_user_meta=False, metas=['./colcon.meta'], base_paths=['.'], packages_ignore=None, packages_ignore_regex=None, paths=None, packages_up_to=None, packages_up_to_regex=None, packages_above=None, packages_above_and_dependencies=None, packages_above_depth=None, packages_select_by_dep=None, packages_skip_by_dep=None, packages_skip_up_to=None, packages_select_build_failed=False, packages_skip_build_finished=False, packages_select_test_failures=False, packages_skip_test_passed=False, packages_select=None, packages_skip=None, packages_select_regex=None, packages_skip_regex=None, packages_start=None, packages_end=None, allow_overriding=[], cmake_args=None, cmake_target=None, cmake_target_skip_unavailable=False, cmake_clean_cache=False, cmake_clean_first=False, cmake_force_configure=False, ament_cmake_args=None, catkin_cmake_args=None, catkin_skip_building_tests=False, verb_parser=<colcon_defaults.argument_parser.defaults.DefaultArgumentsDecorator object at 0x7f1aa026f5e0>, verb_extension=<colcon_core.verb.build.BuildVerb object at 0x7f1aa026f0d0>, main=<bound method BuildVerb.main of <colcon_core.verb.build.BuildVerb object at 0x7f1aa026f0d0>>)
[0.311s] Level 1:colcon.colcon_core.package_discovery:discover_packages(colcon_meta) check parameters
[0.311s] Level 1:colcon.colcon_core.package_discovery:discover_packages(recursive) check parameters
[0.311s] Level 1:colcon.colcon_core.package_discovery:discover_packages(ignore) check parameters
[0.311s] Level 1:colcon.colcon_core.package_discovery:discover_packages(path) check parameters
[0.311s] Level 1:colcon.colcon_core.package_discovery:discover_packages(colcon_meta) discover
[0.311s] Level 1:colcon.colcon_core.package_discovery:discover_packages(recursive) discover
[0.311s] INFO:colcon.colcon_core.package_discovery:Crawling recursively for packages in '/home/min/a/ecorream/ece569-fall2025/Lab4'
[0.312s] Level 1:colcon.colcon_core.package_identification:_identify(.) by extensions ['ignore', 'ignore_ament_install']
[0.312s] Level 1:colcon.colcon_core.package_identification:_identify(.) by extension 'ignore'
[0.312s] Level 1:colcon.colcon_core.package_identification:_identify(.) by extension 'ignore_ament_install'
[0.312s] Level 1:colcon.colcon_core.package_identification:_identify(.) by extensions ['colcon_pkg']
[0.312s] Level 1:colcon.colcon_core.package_identification:_identify(.) by extension 'colcon_pkg'
[0.312s] Level 1:colcon.colcon_core.package_identification:_identify(.) by extensions ['colcon_meta']
[0.312s] Level 1:colcon.colcon_core.package_identification:_identify(.) by extension 'colcon_meta'
[0.312s] Level 1:colcon.colcon_core.package_identification:_identify(.) by extensions ['ros']
[0.312s] Level 1:colcon.colcon_core.package_identification:_identify(.) by extension 'ros'
[0.328s] Level 1:colcon.colcon_core.package_identification:_identify(.) by extensions ['cmake', 'python']
[0.328s] Level 1:colcon.colcon_core.package_identification:_identify(.) by extension 'cmake'
[0.328s] Level 1:colcon.colcon_core.package_identification:_identify(.) by extension 'python'
[0.328s] Level 1:colcon.colcon_core.package_identification:_identify(.) by extensions ['python_setup_py']
[0.328s] Level 1:colcon.colcon_core.package_identification:_identify(.) by extension 'python_setup_py'
[0.329s] Level 1:colcon.colcon_core.package_identification:_identify(MATLAB) by extensions ['ignore', 'ignore_ament_install']
[0.329s] Level 1:colcon.colcon_core.package_identification:_identify(MATLAB) by extension 'ignore'
[0.329s] Level 1:colcon.colcon_core.package_identification:_identify(MATLAB) by extension 'ignore_ament_install'
[0.329s] Level 1:colcon.colcon_core.package_identification:_identify(MATLAB) by extensions ['colcon_pkg']
[0.329s] Level 1:colcon.colcon_core.package_identification:_identify(MATLAB) by extension 'colcon_pkg'
[0.329s] Level 1:colcon.colcon_core.package_identification:_identify(MATLAB) by extensions ['colcon_meta']
[0.329s] Level 1:colcon.colcon_core.package_identification:_identify(MATLAB) by extension 'colcon_meta'
[0.329s] Level 1:colcon.colcon_core.package_identification:_identify(MATLAB) by extensions ['ros']
[0.329s] Level 1:colcon.colcon_core.package_identification:_identify(MATLAB) by extension 'ros'
[0.329s] Level 1:colcon.colcon_core.package_identification:_identify(MATLAB) by extensions ['cmake', 'python']
[0.329s] Level 1:colcon.colcon_core.package_identification:_identify(MATLAB) by extension 'cmake'
[0.329s] Level 1:colcon.colcon_core.package_identification:_identify(MATLAB) by extension 'python'
[0.329s] Level 1:colcon.colcon_core.package_identification:_identify(MATLAB) by extensions ['python_setup_py']
[0.329s] Level 1:colcon.colcon_core.package_identification:_identify(MATLAB) by extension 'python_setup_py'
[0.329s] Level 1:colcon.colcon_core.package_identification:_identify(MATLAB/functions) by extensions ['ignore', 'ignore_ament_install']
[0.329s] Level 1:colcon.colcon_core.package_identification:_identify(MATLAB/functions) by extension 'ignore'
[0.329s] Level 1:colcon.colcon_core.package_identification:_identify(MATLAB/functions) by extension 'ignore_ament_install'
[0.329s] Level 1:colcon.colcon_core.package_identification:_identify(MATLAB/functions) by extensions ['colcon_pkg']
[0.329s] Level 1:colcon.colcon_core.package_identification:_identify(MATLAB/functions) by extension 'colcon_pkg'
[0.330s] Level 1:colcon.colcon_core.package_identification:_identify(MATLAB/functions) by extensions ['colcon_meta']
[0.330s] Level 1:colcon.colcon_core.package_identification:_identify(MATLAB/functions) by extension 'colcon_meta'
[0.330s] Level 1:colcon.colcon_core.package_identification:_identify(MATLAB/functions) by extensions ['ros']
[0.330s] Level 1:colcon.colcon_core.package_identification:_identify(MATLAB/functions) by extension 'ros'
[0.330s] Level 1:colcon.colcon_core.package_identification:_identify(MATLAB/functions) by extensions ['cmake', 'python']
[0.330s] Level 1:colcon.colcon_core.package_identification:_identify(MATLAB/functions) by extension 'cmake'
[0.330s] Level 1:colcon.colcon_core.package_identification:_identify(MATLAB/functions) by extension 'python'
[0.330s] Level 1:colcon.colcon_core.package_identification:_identify(MATLAB/functions) by extensions ['python_setup_py']
[0.330s] Level 1:colcon.colcon_core.package_identification:_identify(MATLAB/functions) by extension 'python_setup_py'
[0.330s] Level 1:colcon.colcon_core.package_identification:_identify(MATLAB/tests) by extensions ['ignore', 'ignore_ament_install']
[0.330s] Level 1:colcon.colcon_core.package_identification:_identify(MATLAB/tests) by extension 'ignore'
[0.330s] Level 1:colcon.colcon_core.package_identification:_identify(MATLAB/tests) by extension 'ignore_ament_install'
[0.330s] Level 1:colcon.colcon_core.package_identification:_identify(MATLAB/tests) by extensions ['colcon_pkg']
[0.330s] Level 1:colcon.colcon_core.package_identification:_identify(MATLAB/tests) by extension 'colcon_pkg'
[0.330s] Level 1:colcon.colcon_core.package_identification:_identify(MATLAB/tests) by extensions ['colcon_meta']
[0.330s] Level 1:colcon.colcon_core.package_identification:_identify(MATLAB/tests) by extension 'colcon_meta'
[0.330s] Level 1:colcon.colcon_core.package_identification:_identify(MATLAB/tests) by extensions ['ros']
[0.330s] Level 1:colcon.colcon_core.package_identification:_identify(MATLAB/tests) by extension 'ros'
[0.330s] Level 1:colcon.colcon_core.package_identification:_identify(MATLAB/tests) by extensions ['cmake', 'python']
[0.331s] Level 1:colcon.colcon_core.package_identification:_identify(MATLAB/tests) by extension 'cmake'
[0.331s] Level 1:colcon.colcon_core.package_identification:_identify(MATLAB/tests) by extension 'python'
[0.331s] Level 1:colcon.colcon_core.package_identification:_identify(MATLAB/tests) by extensions ['python_setup_py']
[0.331s] Level 1:colcon.colcon_core.package_identification:_identify(MATLAB/tests) by extension 'python_setup_py'
[0.331s] Level 1:colcon.colcon_core.package_identification:_identify(Python) by extensions ['ignore', 'ignore_ament_install']
[0.331s] Level 1:colcon.colcon_core.package_identification:_identify(Python) by extension 'ignore'
[0.331s] Level 1:colcon.colcon_core.package_identification:_identify(Python) by extension 'ignore_ament_install'
[0.331s] Level 1:colcon.colcon_core.package_identification:_identify(Python) by extensions ['colcon_pkg']
[0.331s] Level 1:colcon.colcon_core.package_identification:_identify(Python) by extension 'colcon_pkg'
[0.331s] Level 1:colcon.colcon_core.package_identification:_identify(Python) by extensions ['colcon_meta']
[0.331s] Level 1:colcon.colcon_core.package_identification:_identify(Python) by extension 'colcon_meta'
[0.331s] Level 1:colcon.colcon_core.package_identification:_identify(Python) by extensions ['ros']
[0.331s] Level 1:colcon.colcon_core.package_identification:_identify(Python) by extension 'ros'
[0.331s] Level 1:colcon.colcon_core.package_identification:_identify(Python) by extensions ['cmake', 'python']
[0.331s] Level 1:colcon.colcon_core.package_identification:_identify(Python) by extension 'cmake'
[0.331s] Level 1:colcon.colcon_core.package_identification:_identify(Python) by extension 'python'
[0.331s] Level 1:colcon.colcon_core.package_identification:_identify(Python) by extensions ['python_setup_py']
[0.331s] Level 1:colcon.colcon_core.package_identification:_identify(Python) by extension 'python_setup_py'
[0.332s] Level 1:colcon.colcon_core.package_identification:_identify(build) by extensions ['ignore', 'ignore_ament_install']
[0.332s] Level 1:colcon.colcon_core.package_identification:_identify(build) by extension 'ignore'
[0.332s] Level 1:colcon.colcon_core.package_identification:_identify(build) ignored
[0.332s] Level 1:colcon.colcon_core.package_identification:_identify(install) by extensions ['ignore', 'ignore_ament_install']
[0.332s] Level 1:colcon.colcon_core.package_identification:_identify(install) by extension 'ignore'
[0.332s] Level 1:colcon.colcon_core.package_identification:_identify(install) ignored
[0.333s] Level 1:colcon.colcon_core.package_identification:_identify(log) by extensions ['ignore', 'ignore_ament_install']
[0.333s] Level 1:colcon.colcon_core.package_identification:_identify(log) by extension 'ignore'
[0.333s] Level 1:colcon.colcon_core.package_identification:_identify(log) ignored
[0.333s] Level 1:colcon.colcon_core.package_identification:_identify(ws4) by extensions ['ignore', 'ignore_ament_install']
[0.333s] Level 1:colcon.colcon_core.package_identification:_identify(ws4) by extension 'ignore'
[0.333s] Level 1:colcon.colcon_core.package_identification:_identify(ws4) by extension 'ignore_ament_install'
[0.333s] Level 1:colcon.colcon_core.package_identification:_identify(ws4) by extensions ['colcon_pkg']
[0.333s] Level 1:colcon.colcon_core.package_identification:_identify(ws4) by extension 'colcon_pkg'
[0.333s] Level 1:colcon.colcon_core.package_identification:_identify(ws4) by extensions ['colcon_meta']
[0.333s] Level 1:colcon.colcon_core.package_identification:_identify(ws4) by extension 'colcon_meta'
[0.333s] Level 1:colcon.colcon_core.package_identification:_identify(ws4) by extensions ['ros']
[0.333s] Level 1:colcon.colcon_core.package_identification:_identify(ws4) by extension 'ros'
[0.333s] Level 1:colcon.colcon_core.package_identification:_identify(ws4) by extensions ['cmake', 'python']
[0.333s] Level 1:colcon.colcon_core.package_identification:_identify(ws4) by extension 'cmake'
[0.333s] Level 1:colcon.colcon_core.package_identification:_identify(ws4) by extension 'python'
[0.333s] Level 1:colcon.colcon_core.package_identification:_identify(ws4) by extensions ['python_setup_py']
[0.334s] Level 1:colcon.colcon_core.package_identification:_identify(ws4) by extension 'python_setup_py'
[0.334s] Level 1:colcon.colcon_core.package_identification:_identify(ws4/src) by extensions ['ignore', 'ignore_ament_install']
[0.334s] Level 1:colcon.colcon_core.package_identification:_identify(ws4/src) by extension 'ignore'
[0.334s] Level 1:colcon.colcon_core.package_identification:_identify(ws4/src) by extension 'ignore_ament_install'
[0.334s] Level 1:colcon.colcon_core.package_identification:_identify(ws4/src) by extensions ['colcon_pkg']
[0.334s] Level 1:colcon.colcon_core.package_identification:_identify(ws4/src) by extension 'colcon_pkg'
[0.334s] Level 1:colcon.colcon_core.package_identification:_identify(ws4/src) by extensions ['colcon_meta']
[0.334s] Level 1:colcon.colcon_core.package_identification:_identify(ws4/src) by extension 'colcon_meta'
[0.334s] Level 1:colcon.colcon_core.package_identification:_identify(ws4/src) by extensions ['ros']
[0.334s] Level 1:colcon.colcon_core.package_identification:_identify(ws4/src) by extension 'ros'
[0.334s] Level 1:colcon.colcon_core.package_identification:_identify(ws4/src) by extensions ['cmake', 'python']
[0.334s] Level 1:colcon.colcon_core.package_identification:_identify(ws4/src) by extension 'cmake'
[0.334s] Level 1:colcon.colcon_core.package_identification:_identify(ws4/src) by extension 'python'
[0.334s] Level 1:colcon.colcon_core.package_identification:_identify(ws4/src) by extensions ['python_setup_py']
[0.334s] Level 1:colcon.colcon_core.package_identification:_identify(ws4/src) by extension 'python_setup_py'
[0.335s] Level 1:colcon.colcon_core.package_identification:_identify(ws4/src/msee22_description) by extensions ['ignore', 'ignore_ament_install']
[0.335s] Level 1:colcon.colcon_core.package_identification:_identify(ws4/src/msee22_description) by extension 'ignore'
[0.335s] Level 1:colcon.colcon_core.package_identification:_identify(ws4/src/msee22_description) by extension 'ignore_ament_install'
[0.335s] Level 1:colcon.colcon_core.package_identification:_identify(ws4/src/msee22_description) by extensions ['colcon_pkg']
[0.335s] Level 1:colcon.colcon_core.package_identification:_identify(ws4/src/msee22_description) by extension 'colcon_pkg'
[0.335s] Level 1:colcon.colcon_core.package_identification:_identify(ws4/src/msee22_description) by extensions ['colcon_meta']
[0.335s] Level 1:colcon.colcon_core.package_identification:_identify(ws4/src/msee22_description) by extension 'colcon_meta'
[0.335s] Level 1:colcon.colcon_core.package_identification:_identify(ws4/src/msee22_description) by extensions ['ros']
[0.335s] Level 1:colcon.colcon_core.package_identification:_identify(ws4/src/msee22_description) by extension 'ros'
[0.337s] DEBUG:colcon.colcon_core.package_identification:Package 'ws4/src/msee22_description' with type 'ros.ament_python' and name 'msee22_description'
[0.337s] Level 1:colcon.colcon_core.package_identification:_identify(ws4/src/py_joint_pub) by extensions ['ignore', 'ignore_ament_install']
[0.337s] Level 1:colcon.colcon_core.package_identification:_identify(ws4/src/py_joint_pub) by extension 'ignore'
[0.337s] Level 1:colcon.colcon_core.package_identification:_identify(ws4/src/py_joint_pub) by extension 'ignore_ament_install'
[0.337s] Level 1:colcon.colcon_core.package_identification:_identify(ws4/src/py_joint_pub) by extensions ['colcon_pkg']
[0.337s] Level 1:colcon.colcon_core.package_identification:_identify(ws4/src/py_joint_pub) by extension 'colcon_pkg'
[0.337s] Level 1:colcon.colcon_core.package_identification:_identify(ws4/src/py_joint_pub) by extensions ['colcon_meta']
[0.337s] Level 1:colcon.colcon_core.package_identification:_identify(ws4/src/py_joint_pub) by extension 'colcon_meta'
[0.337s] Level 1:colcon.colcon_core.package_identification:_identify(ws4/src/py_joint_pub) by extensions ['ros']
[0.337s] Level 1:colcon.colcon_core.package_identification:_identify(ws4/src/py_joint_pub) by extension 'ros'
[0.338s] DEBUG:colcon.colcon_core.package_identification:Package 'ws4/src/py_joint_pub' with type 'ros.ament_python' and name 'py_joint_pub'
[0.338s] Level 1:colcon.colcon_core.package_identification:_identify(ws4/src/table_description) by extensions ['ignore', 'ignore_ament_install']
[0.338s] Level 1:colcon.colcon_core.package_identification:_identify(ws4/src/table_description) by extension 'ignore'
[0.338s] Level 1:colcon.colcon_core.package_identification:_identify(ws4/src/table_description) by extension 'ignore_ament_install'
[0.338s] Level 1:colcon.colcon_core.package_identification:_identify(ws4/src/table_description) by extensions ['colcon_pkg']
[0.338s] Level 1:colcon.colcon_core.package_identification:_identify(ws4/src/table_description) by extension 'colcon_pkg'
[0.338s] Level 1:colcon.colcon_core.package_identification:_identify(ws4/src/table_description) by extensions ['colcon_meta']
[0.339s] Level 1:colcon.colcon_core.package_identification:_identify(ws4/src/table_description) by extension 'colcon_meta'
[0.339s] Level 1:colcon.colcon_core.package_identification:_identify(ws4/src/table_description) by extensions ['ros']
[0.339s] Level 1:colcon.colcon_core.package_identification:_identify(ws4/src/table_description) by extension 'ros'
[0.339s] DEBUG:colcon.colcon_core.package_identification:Package 'ws4/src/table_description' with type 'ros.ament_python' and name 'table_description'
[0.339s] Level 1:colcon.colcon_core.package_identification:_identify(ws4/src/wall_description) by extensions ['ignore', 'ignore_ament_install']
[0.339s] Level 1:colcon.colcon_core.package_identification:_identify(ws4/src/wall_description) by extension 'ignore'
[0.340s] Level 1:colcon.colcon_core.package_identification:_identify(ws4/src/wall_description) by extension 'ignore_ament_install'
[0.340s] Level 1:colcon.colcon_core.package_identification:_identify(ws4/src/wall_description) by extensions ['colcon_pkg']
[0.340s] Level 1:colcon.colcon_core.package_identification:_identify(ws4/src/wall_description) by extension 'colcon_pkg'
[0.340s] Level 1:colcon.colcon_core.package_identification:_identify(ws4/src/wall_description) by extensions ['colcon_meta']
[0.340s] Level 1:colcon.colcon_core.package_identification:_identify(ws4/src/wall_description) by extension 'colcon_meta'
[0.340s] Level 1:colcon.colcon_core.package_identification:_identify(ws4/src/wall_description) by extensions ['ros']
[0.340s] Level 1:colcon.colcon_core.package_identification:_identify(ws4/src/wall_description) by extension 'ros'
[0.340s] DEBUG:colcon.colcon_core.package_identification:Package 'ws4/src/wall_description' with type 'ros.ament_python' and name 'wall_description'
[0.340s] Level 1:colcon.colcon_core.package_discovery:discover_packages(recursive) using defaults
[0.340s] Level 1:colcon.colcon_core.package_discovery:discover_packages(ignore) discover
[0.340s] Level 1:colcon.colcon_core.package_discovery:discover_packages(ignore) using defaults
[0.340s] Level 1:colcon.colcon_core.package_discovery:discover_packages(path) discover
[0.340s] Level 1:colcon.colcon_core.package_discovery:discover_packages(path) using defaults
[0.357s] Level 1:colcon.colcon_core.package_discovery:discover_packages(prefix_path) check parameters
[0.357s] Level 1:colcon.colcon_core.package_discovery:discover_packages(prefix_path) discover
[0.360s] DEBUG:colcon.colcon_installed_package_information.package_discovery:Found 358 installed packages in /opt/ros/humble
[0.362s] Level 1:colcon.colcon_core.package_discovery:discover_packages(prefix_path) using defaults
[0.400s] Level 5:colcon.colcon_core.verb:set package 'msee22_description' build argument 'cmake_args' from command line to 'None'
[0.400s] Level 5:colcon.colcon_core.verb:set package 'msee22_description' build argument 'cmake_target' from command line to 'None'
[0.400s] Level 5:colcon.colcon_core.verb:set package 'msee22_description' build argument 'cmake_target_skip_unavailable' from command line to 'False'
[0.400s] Level 5:colcon.colcon_core.verb:set package 'msee22_description' build argument 'cmake_clean_cache' from command line to 'False'
[0.400s] Level 5:colcon.colcon_core.verb:set package 'msee22_description' build argument 'cmake_clean_first' from command line to 'False'
[0.400s] Level 5:colcon.colcon_core.verb:set package 'msee22_description' build argument 'cmake_force_configure' from command line to 'False'
[0.400s] Level 5:colcon.colcon_core.verb:set package 'msee22_description' build argument 'ament_cmake_args' from command line to 'None'
[0.400s] Level 5:colcon.colcon_core.verb:set package 'msee22_description' build argument 'catkin_cmake_args' from command line to 'None'
[0.400s] Level 5:colcon.colcon_core.verb:set package 'msee22_description' build argument 'catkin_skip_building_tests' from command line to 'False'
[0.400s] DEBUG:colcon.colcon_core.verb:Building package 'msee22_description' with the following arguments: {'ament_cmake_args': None, 'build_base': '/home/min/a/ecorream/ece569-fall2025/Lab4/build/msee22_description', 'catkin_cmake_args': None, 'catkin_skip_building_tests': False, 'cmake_args': None, 'cmake_clean_cache': False, 'cmake_clean_first': False, 'cmake_force_configure': False, 'cmake_target': None, 'cmake_target_skip_unavailable': False, 'install_base': '/home/min/a/ecorream/ece569-fall2025/Lab4/install/msee22_description', 'merge_install': False, 'path': '/home/min/a/ecorream/ece569-fall2025/Lab4/ws4/src/msee22_description', 'symlink_install': True, 'test_result_base': None}
[0.401s] Level 5:colcon.colcon_core.verb:set package 'py_joint_pub' build argument 'cmake_args' from command line to 'None'
[0.401s] Level 5:colcon.colcon_core.verb:set package 'py_joint_pub' build argument 'cmake_target' from command line to 'None'
[0.401s] Level 5:colcon.colcon_core.verb:set package 'py_joint_pub' build argument 'cmake_target_skip_unavailable' from command line to 'False'
[0.401s] Level 5:colcon.colcon_core.verb:set package 'py_joint_pub' build argument 'cmake_clean_cache' from command line to 'False'
[0.401s] Level 5:colcon.colcon_core.verb:set package 'py_joint_pub' build argument 'cmake_clean_first' from command line to 'False'
[0.401s] Level 5:colcon.colcon_core.verb:set package 'py_joint_pub' build argument 'cmake_force_configure' from command line to 'False'
[0.401s] Level 5:colcon.colcon_core.verb:set package 'py_joint_pub' build argument 'ament_cmake_args' from command line to 'None'
[0.401s] Level 5:colcon.colcon_core.verb:set package 'py_joint_pub' build argument 'catkin_cmake_args' from command line to 'None'
[0.401s] Level 5:colcon.colcon_core.verb:set package 'py_joint_pub' build argument 'catkin_skip_building_tests' from command line to 'False'
[0.401s] DEBUG:colcon.colcon_core.verb:Building package 'py_joint_pub' with the following arguments: {'ament_cmake_args': None, 'build_base': '/home/min/a/ecorream/ece569-fall2025/Lab4/build/py_joint_pub', 'catkin_cmake_args': None, 'catkin_skip_building_tests': False, 'cmake_args': None, 'cmake_clean_cache': False, 'cmake_clean_first': False, 'cmake_force_configure': False, 'cmake_target': None, 'cmake_target_skip_unavailable': False, 'install_base': '/home/min/a/ecorream/ece569-fall2025/Lab4/install/py_joint_pub', 'merge_install': False, 'path': '/home/min/a/ecorream/ece569-fall2025/Lab4/ws4/src/py_joint_pub', 'symlink_install': True, 'test_result_base': None}
[0.401s] Level 5:colcon.colcon_core.verb:set package 'table_description' build argument 'cmake_args' from command line to 'None'
[0.401s] Level 5:colcon.colcon_core.verb:set package 'table_description' build argument 'cmake_target' from command line to 'None'
[0.401s] Level 5:colcon.colcon_core.verb:set package 'table_description' build argument 'cmake_target_skip_unavailable' from command line to 'False'
[0.401s] Level 5:colcon.colcon_core.verb:set package 'table_description' build argument 'cmake_clean_cache' from command line to 'False'
[0.401s] Level 5:colcon.colcon_core.verb:set package 'table_description' build argument 'cmake_clean_first' from command line to 'False'
[0.401s] Level 5:colcon.colcon_core.verb:set package 'table_description' build argument 'cmake_force_configure' from command line to 'False'
[0.401s] Level 5:colcon.colcon_core.verb:set package 'table_description' build argument 'ament_cmake_args' from command line to 'None'
[0.401s] Level 5:colcon.colcon_core.verb:set package 'table_description' build argument 'catkin_cmake_args' from command line to 'None'
[0.401s] Level 5:colcon.colcon_core.verb:set package 'table_description' build argument 'catkin_skip_building_tests' from command line to 'False'
[0.401s] DEBUG:colcon.colcon_core.verb:Building package 'table_description' with the following arguments: {'ament_cmake_args': None, 'build_base': '/home/min/a/ecorream/ece569-fall2025/Lab4/build/table_description', 'catkin_cmake_args': None, 'catkin_skip_building_tests': False, 'cmake_args': None, 'cmake_clean_cache': False, 'cmake_clean_first': False, 'cmake_force_configure': False, 'cmake_target': None, 'cmake_target_skip_unavailable': False, 'install_base': '/home/min/a/ecorream/ece569-fall2025/Lab4/install/table_description', 'merge_install': False, 'path': '/home/min/a/ecorream/ece569-fall2025/Lab4/ws4/src/table_description', 'symlink_install': True, 'test_result_base': None}
[0.402s] Level 5:colcon.colcon_core.verb:set package 'wall_description' build argument 'cmake_args' from command line to 'None'
[0.402s] Level 5:colcon.colcon_core.verb:set package 'wall_description' build argument 'cmake_target' from command line to 'None'
[0.402s] Level 5:colcon.colcon_core.verb:set package 'wall_description' build argument 'cmake_target_skip_unavailable' from command line to 'False'
[0.402s] Level 5:colcon.colcon_core.verb:set package 'wall_description' build argument 'cmake_clean_cache' from command line to 'False'
[0.402s] Level 5:colcon.colcon_core.verb:set package 'wall_description' build argument 'cmake_clean_first' from command line to 'False'
[0.402s] Level 5:colcon.colcon_core.verb:set package 'wall_description' build argument 'cmake_force_configure' from command line to 'False'
[0.402s] Level 5:colcon.colcon_core.verb:set package 'wall_description' build argument 'ament_cmake_args' from command line to 'None'
[0.402s] Level 5:colcon.colcon_core.verb:set package 'wall_description' build argument 'catkin_cmake_args' from command line to 'None'
[0.402s] Level 5:colcon.colcon_core.verb:set package 'wall_description' build argument 'catkin_skip_building_tests' from command line to 'False'
[0.402s] DEBUG:colcon.colcon_core.verb:Building package 'wall_description' with the following arguments: {'ament_cmake_args': None, 'build_base': '/home/min/a/ecorream/ece569-fall2025/Lab4/build/wall_description', 'catkin_cmake_args': None, 'catkin_skip_building_tests': False, 'cmake_args': None, 'cmake_clean_cache': False, 'cmake_clean_first': False, 'cmake_force_configure': False, 'cmake_target': None, 'cmake_target_skip_unavailable': False, 'install_base': '/home/min/a/ecorream/ece569-fall2025/Lab4/install/wall_description', 'merge_install': False, 'path': '/home/min/a/ecorream/ece569-fall2025/Lab4/ws4/src/wall_description', 'symlink_install': True, 'test_result_base': None}
[0.402s] INFO:colcon.colcon_core.executor:Executing jobs using 'parallel' executor
[0.403s] DEBUG:colcon.colcon_parallel_executor.executor.parallel:run_until_complete
[0.403s] INFO:colcon.colcon_ros.task.ament_python.build:Building ROS package in '/home/min/a/ecorream/ece569-fall2025/Lab4/ws4/src/msee22_description' with build type 'ament_python'
[0.403s] Level 1:colcon.colcon_core.shell:create_environment_hook('msee22_description', 'ament_prefix_path')
[0.405s] INFO:colcon.colcon_core.plugin_system:Skipping extension 'colcon_core.shell.bat': Not used on non-Windows systems
[0.405s] INFO:colcon.colcon_core.shell:Creating environment hook '/home/min/a/ecorream/ece569-fall2025/Lab4/install/msee22_description/share/msee22_description/hook/ament_prefix_path.ps1'
[0.407s] INFO:colcon.colcon_core.shell:Creating environment descriptor '/home/min/a/ecorream/ece569-fall2025/Lab4/install/msee22_description/share/msee22_description/hook/ament_prefix_path.dsv'
[0.408s] INFO:colcon.colcon_core.shell:Creating environment hook '/home/min/a/ecorream/ece569-fall2025/Lab4/install/msee22_description/share/msee22_description/hook/ament_prefix_path.sh'
[0.410s] INFO:colcon.colcon_core.shell:Skip shell extension 'powershell' for command environment: Not usable outside of PowerShell
[0.410s] DEBUG:colcon.colcon_core.shell:Skip shell extension 'dsv' for command environment
[0.414s] INFO:colcon.colcon_ros.task.ament_python.build:Building ROS package in '/home/min/a/ecorream/ece569-fall2025/Lab4/ws4/src/py_joint_pub' with build type 'ament_python'
[0.414s] Level 1:colcon.colcon_core.shell:create_environment_hook('py_joint_pub', 'ament_prefix_path')
[0.414s] INFO:colcon.colcon_core.shell:Creating environment hook '/home/min/a/ecorream/ece569-fall2025/Lab4/install/py_joint_pub/share/py_joint_pub/hook/ament_prefix_path.ps1'
[0.416s] INFO:colcon.colcon_core.shell:Creating environment descriptor '/home/min/a/ecorream/ece569-fall2025/Lab4/install/py_joint_pub/share/py_joint_pub/hook/ament_prefix_path.dsv'
[0.417s] INFO:colcon.colcon_core.shell:Creating environment hook '/home/min/a/ecorream/ece569-fall2025/Lab4/install/py_joint_pub/share/py_joint_pub/hook/ament_prefix_path.sh'
[0.418s] INFO:colcon.colcon_core.shell:Skip shell extension 'powershell' for command environment: Not usable outside of PowerShell
[0.418s] DEBUG:colcon.colcon_core.shell:Skip shell extension 'dsv' for command environment
[0.422s] INFO:colcon.colcon_ros.task.ament_python.build:Building ROS package in '/home/min/a/ecorream/ece569-fall2025/Lab4/ws4/src/table_description' with build type 'ament_python'
[0.422s] Level 1:colcon.colcon_core.shell:create_environment_hook('table_description', 'ament_prefix_path')
[0.423s] INFO:colcon.colcon_core.shell:Creating environment hook '/home/min/a/ecorream/ece569-fall2025/Lab4/install/table_description/share/table_description/hook/ament_prefix_path.ps1'
[0.424s] INFO:colcon.colcon_core.shell:Creating environment descriptor '/home/min/a/ecorream/ece569-fall2025/Lab4/install/table_description/share/table_description/hook/ament_prefix_path.dsv'
[0.425s] INFO:colcon.colcon_core.shell:Creating environment hook '/home/min/a/ecorream/ece569-fall2025/Lab4/install/table_description/share/table_description/hook/ament_prefix_path.sh'
[0.427s] INFO:colcon.colcon_core.shell:Skip shell extension 'powershell' for command environment: Not usable outside of PowerShell
[0.427s] DEBUG:colcon.colcon_core.shell:Skip shell extension 'dsv' for command environment
[0.430s] INFO:colcon.colcon_ros.task.ament_python.build:Building ROS package in '/home/min/a/ecorream/ece569-fall2025/Lab4/ws4/src/wall_description' with build type 'ament_python'
[0.431s] Level 1:colcon.colcon_core.shell:create_environment_hook('wall_description', 'ament_prefix_path')
[0.431s] INFO:colcon.colcon_core.shell:Creating environment hook '/home/min/a/ecorream/ece569-fall2025/Lab4/install/wall_description/share/wall_description/hook/ament_prefix_path.ps1'
[0.432s] INFO:colcon.colcon_core.shell:Creating environment descriptor '/home/min/a/ecorream/ece569-fall2025/Lab4/install/wall_description/share/wall_description/hook/ament_prefix_path.dsv'
[0.433s] INFO:colcon.colcon_core.shell:Creating environment hook '/home/min/a/ecorream/ece569-fall2025/Lab4/install/wall_description/share/wall_description/hook/ament_prefix_path.sh'
[0.435s] INFO:colcon.colcon_core.shell:Skip shell extension 'powershell' for command environment: Not usable outside of PowerShell
[0.435s] DEBUG:colcon.colcon_core.shell:Skip shell extension 'dsv' for command environment
[0.723s] INFO:colcon.colcon_core.task.python.build:Building Python package in '/home/min/a/ecorream/ece569-fall2025/Lab4/ws4/src/msee22_description'
[0.724s] INFO:colcon.colcon_core.shell:Skip shell extension 'powershell' for command environment: Not usable outside of PowerShell
[0.724s] DEBUG:colcon.colcon_core.shell:Skip shell extension 'dsv' for command environment
[1.013s] INFO:colcon.colcon_core.task.python.build:Building Python package in '/home/min/a/ecorream/ece569-fall2025/Lab4/ws4/src/py_joint_pub'
[1.013s] INFO:colcon.colcon_core.shell:Skip shell extension 'powershell' for command environment: Not usable outside of PowerShell
[1.013s] DEBUG:colcon.colcon_core.shell:Skip shell extension 'dsv' for command environment
[1.304s] INFO:colcon.colcon_core.task.python.build:Building Python package in '/home/min/a/ecorream/ece569-fall2025/Lab4/ws4/src/table_description'
[1.305s] INFO:colcon.colcon_core.shell:Skip shell extension 'powershell' for command environment: Not usable outside of PowerShell
[1.305s] DEBUG:colcon.colcon_core.shell:Skip shell extension 'dsv' for command environment
[1.597s] INFO:colcon.colcon_core.task.python.build:Building Python package in '/home/min/a/ecorream/ece569-fall2025/Lab4/ws4/src/wall_description'
[1.598s] INFO:colcon.colcon_core.shell:Skip shell extension 'powershell' for command environment: Not usable outside of PowerShell
[1.598s] DEBUG:colcon.colcon_core.shell:Skip shell extension 'dsv' for command environment
[2.056s] DEBUG:colcon.colcon_core.event_handler.log_command:Invoking command in '/home/min/a/ecorream/ece569-fall2025/Lab4/build/py_joint_pub': PYTHONPATH=/home/min/a/ecorream/ece569-fall2025/Lab4/build/py_joint_pub/prefix_override:/usr/lib/python3/dist-packages/colcon_core/task/python/colcon_distutils_commands:/home/min/a/ecorream/ece569-fall2025/Lab4/install/py_joint_pub/lib/python3.10/site-packages:${PYTHONPATH} /usr/bin/python3 -W ignore:setup.py install is deprecated -W ignore:easy_install command is deprecated setup.py develop --editable --build-directory /home/min/a/ecorream/ece569-fall2025/Lab4/build/py_joint_pub/build --no-deps symlink_data
[2.068s] DEBUG:colcon.colcon_core.event_handler.log_command:Invoking command in '/home/min/a/ecorream/ece569-fall2025/Lab4/build/table_description': PYTHONPATH=/home/min/a/ecorream/ece569-fall2025/Lab4/build/table_description/prefix_override:/usr/lib/python3/dist-packages/colcon_core/task/python/colcon_distutils_commands:/home/min/a/ecorream/ece569-fall2025/Lab4/install/table_description/lib/python3.10/site-packages:${PYTHONPATH} /usr/bin/python3 -W ignore:setup.py install is deprecated -W ignore:easy_install command is deprecated setup.py develop --editable --build-directory /home/min/a/ecorream/ece569-fall2025/Lab4/build/table_description/build --no-deps symlink_data
[2.097s] DEBUG:colcon.colcon_core.event_handler.log_command:Invoking command in '/home/min/a/ecorream/ece569-fall2025/Lab4/build/wall_description': PYTHONPATH=/home/min/a/ecorream/ece569-fall2025/Lab4/build/wall_description/prefix_override:/usr/lib/python3/dist-packages/colcon_core/task/python/colcon_distutils_commands:/home/min/a/ecorream/ece569-fall2025/Lab4/install/wall_description/lib/python3.10/site-packages:${PYTHONPATH} /usr/bin/python3 -W ignore:setup.py install is deprecated -W ignore:easy_install command is deprecated setup.py develop --editable --build-directory /home/min/a/ecorream/ece569-fall2025/Lab4/build/wall_description/build --no-deps symlink_data
[2.105s] DEBUG:colcon.colcon_core.event_handler.log_command:Invoking command in '/home/min/a/ecorream/ece569-fall2025/Lab4/build/msee22_description': PYTHONPATH=/home/min/a/ecorream/ece569-fall2025/Lab4/build/msee22_description/prefix_override:/usr/lib/python3/dist-packages/colcon_core/task/python/colcon_distutils_commands:/home/min/a/ecorream/ece569-fall2025/Lab4/install/msee22_description/lib/python3.10/site-packages:${PYTHONPATH} /usr/bin/python3 -W ignore:setup.py install is deprecated -W ignore:easy_install command is deprecated setup.py develop --editable --build-directory /home/min/a/ecorream/ece569-fall2025/Lab4/build/msee22_description/build --no-deps symlink_data
[2.619s] Level 1:colcon.colcon_core.shell:create_environment_hook('table_description', 'pythonpath_develop')
[2.620s] INFO:colcon.colcon_core.shell:Creating environment hook '/home/min/a/ecorream/ece569-fall2025/Lab4/build/table_description/share/table_description/hook/pythonpath_develop.ps1'
[2.620s] DEBUG:colcon.colcon_core.event_handler.log_command:Invoked command in '/home/min/a/ecorream/ece569-fall2025/Lab4/build/table_description' returned '0': PYTHONPATH=/home/min/a/ecorream/ece569-fall2025/Lab4/build/table_description/prefix_override:/usr/lib/python3/dist-packages/colcon_core/task/python/colcon_distutils_commands:/home/min/a/ecorream/ece569-fall2025/Lab4/install/table_description/lib/python3.10/site-packages:${PYTHONPATH} /usr/bin/python3 -W ignore:setup.py install is deprecated -W ignore:easy_install command is deprecated setup.py develop --editable --build-directory /home/min/a/ecorream/ece569-fall2025/Lab4/build/table_description/build --no-deps symlink_data
[2.621s] INFO:colcon.colcon_core.shell:Creating environment descriptor '/home/min/a/ecorream/ece569-fall2025/Lab4/build/table_description/share/table_description/hook/pythonpath_develop.dsv'
[2.623s] INFO:colcon.colcon_core.shell:Creating environment hook '/home/min/a/ecorream/ece569-fall2025/Lab4/build/table_description/share/table_description/hook/pythonpath_develop.sh'
[2.626s] Level 1:colcon.colcon_core.environment:checking '/home/min/a/ecorream/ece569-fall2025/Lab4/install/table_description' for CMake module files
[2.627s] Level 1:colcon.colcon_core.environment:checking '/home/min/a/ecorream/ece569-fall2025/Lab4/install/table_description' for CMake config files
[2.630s] Level 1:colcon.colcon_core.environment:checking '/home/min/a/ecorream/ece569-fall2025/Lab4/install/table_description/lib'
[2.630s] Level 1:colcon.colcon_core.environment:checking '/home/min/a/ecorream/ece569-fall2025/Lab4/install/table_description/bin'
[2.630s] Level 1:colcon.colcon_core.environment:checking '/home/min/a/ecorream/ece569-fall2025/Lab4/install/table_description/lib/pkgconfig/table_description.pc'
[2.631s] Level 1:colcon.colcon_core.environment:checking '/home/min/a/ecorream/ece569-fall2025/Lab4/install/table_description/lib/python3.10/site-packages'
[2.631s] Level 1:colcon.colcon_core.shell:create_environment_hook('table_description', 'pythonpath')
[2.631s] INFO:colcon.colcon_core.shell:Creating environment hook '/home/min/a/ecorream/ece569-fall2025/Lab4/install/table_description/share/table_description/hook/pythonpath.ps1'
[2.632s] INFO:colcon.colcon_core.shell:Creating environment descriptor '/home/min/a/ecorream/ece569-fall2025/Lab4/install/table_description/share/table_description/hook/pythonpath.dsv'
[2.633s] INFO:colcon.colcon_core.shell:Creating environment hook '/home/min/a/ecorream/ece569-fall2025/Lab4/install/table_description/share/table_description/hook/pythonpath.sh'
[2.635s] Level 1:colcon.colcon_core.environment:checking '/home/min/a/ecorream/ece569-fall2025/Lab4/install/table_description/bin'
[2.635s] Level 1:colcon.colcon_core.environment:create_environment_scripts_only(table_description)
[2.635s] INFO:colcon.colcon_core.shell:Creating package script '/home/min/a/ecorream/ece569-fall2025/Lab4/install/table_description/share/table_description/package.ps1'
[2.636s] INFO:colcon.colcon_core.shell:Creating package descriptor '/home/min/a/ecorream/ece569-fall2025/Lab4/install/table_description/share/table_description/package.dsv'
[2.637s] INFO:colcon.colcon_core.shell:Creating package script '/home/min/a/ecorream/ece569-fall2025/Lab4/install/table_description/share/table_description/package.sh'
[2.639s] INFO:colcon.colcon_core.shell:Creating package script '/home/min/a/ecorream/ece569-fall2025/Lab4/install/table_description/share/table_description/package.bash'
[2.640s] INFO:colcon.colcon_core.shell:Creating package script '/home/min/a/ecorream/ece569-fall2025/Lab4/install/table_description/share/table_description/package.zsh'
[2.641s] Level 1:colcon.colcon_core.environment:create_file_with_runtime_dependencies(/home/min/a/ecorream/ece569-fall2025/Lab4/install/table_description/share/colcon-core/packages/table_description)
[2.642s] Level 1:colcon.colcon_core.shell:create_environment_hook('py_joint_pub', 'pythonpath_develop')
[2.643s] INFO:colcon.colcon_core.shell:Creating environment hook '/home/min/a/ecorream/ece569-fall2025/Lab4/build/py_joint_pub/share/py_joint_pub/hook/pythonpath_develop.ps1'
[2.644s] INFO:colcon.colcon_core.shell:Creating environment descriptor '/home/min/a/ecorream/ece569-fall2025/Lab4/build/py_joint_pub/share/py_joint_pub/hook/pythonpath_develop.dsv'
[2.645s] DEBUG:colcon.colcon_core.event_handler.log_command:Invoked command in '/home/min/a/ecorream/ece569-fall2025/Lab4/build/py_joint_pub' returned '0': PYTHONPATH=/home/min/a/ecorream/ece569-fall2025/Lab4/build/py_joint_pub/prefix_override:/usr/lib/python3/dist-packages/colcon_core/task/python/colcon_distutils_commands:/home/min/a/ecorream/ece569-fall2025/Lab4/install/py_joint_pub/lib/python3.10/site-packages:${PYTHONPATH} /usr/bin/python3 -W ignore:setup.py install is deprecated -W ignore:easy_install command is deprecated setup.py develop --editable --build-directory /home/min/a/ecorream/ece569-fall2025/Lab4/build/py_joint_pub/build --no-deps symlink_data
[2.646s] INFO:colcon.colcon_core.shell:Creating environment hook '/home/min/a/ecorream/ece569-fall2025/Lab4/build/py_joint_pub/share/py_joint_pub/hook/pythonpath_develop.sh'
[2.647s] Level 1:colcon.colcon_core.environment:checking '/home/min/a/ecorream/ece569-fall2025/Lab4/install/py_joint_pub' for CMake module files
[2.649s] Level 1:colcon.colcon_core.environment:checking '/home/min/a/ecorream/ece569-fall2025/Lab4/install/py_joint_pub' for CMake config files
[2.651s] Level 1:colcon.colcon_core.environment:checking '/home/min/a/ecorream/ece569-fall2025/Lab4/install/py_joint_pub/lib'
[2.651s] Level 1:colcon.colcon_core.environment:checking '/home/min/a/ecorream/ece569-fall2025/Lab4/install/py_joint_pub/bin'
[2.651s] Level 1:colcon.colcon_core.environment:checking '/home/min/a/ecorream/ece569-fall2025/Lab4/install/py_joint_pub/lib/pkgconfig/py_joint_pub.pc'
[2.652s] Level 1:colcon.colcon_core.environment:checking '/home/min/a/ecorream/ece569-fall2025/Lab4/install/py_joint_pub/lib/python3.10/site-packages'
[2.652s] Level 1:colcon.colcon_core.shell:create_environment_hook('py_joint_pub', 'pythonpath')
[2.652s] INFO:colcon.colcon_core.shell:Creating environment hook '/home/min/a/ecorream/ece569-fall2025/Lab4/install/py_joint_pub/share/py_joint_pub/hook/pythonpath.ps1'
[2.653s] INFO:colcon.colcon_core.shell:Creating environment descriptor '/home/min/a/ecorream/ece569-fall2025/Lab4/install/py_joint_pub/share/py_joint_pub/hook/pythonpath.dsv'
[2.654s] INFO:colcon.colcon_core.shell:Creating environment hook '/home/min/a/ecorream/ece569-fall2025/Lab4/install/py_joint_pub/share/py_joint_pub/hook/pythonpath.sh'
[2.655s] Level 1:colcon.colcon_core.environment:checking '/home/min/a/ecorream/ece569-fall2025/Lab4/install/py_joint_pub/bin'
[2.655s] Level 1:colcon.colcon_core.environment:create_environment_scripts_only(py_joint_pub)
[2.656s] INFO:colcon.colcon_core.shell:Creating package script '/home/min/a/ecorream/ece569-fall2025/Lab4/install/py_joint_pub/share/py_joint_pub/package.ps1'
[2.657s] INFO:colcon.colcon_core.shell:Creating package descriptor '/home/min/a/ecorream/ece569-fall2025/Lab4/install/py_joint_pub/share/py_joint_pub/package.dsv'
[2.658s] INFO:colcon.colcon_core.shell:Creating package script '/home/min/a/ecorream/ece569-fall2025/Lab4/install/py_joint_pub/share/py_joint_pub/package.sh'
[2.659s] INFO:colcon.colcon_core.shell:Creating package script '/home/min/a/ecorream/ece569-fall2025/Lab4/install/py_joint_pub/share/py_joint_pub/package.bash'
[2.660s] INFO:colcon.colcon_core.shell:Creating package script '/home/min/a/ecorream/ece569-fall2025/Lab4/install/py_joint_pub/share/py_joint_pub/package.zsh'
[2.661s] Level 1:colcon.colcon_core.environment:create_file_with_runtime_dependencies(/home/min/a/ecorream/ece569-fall2025/Lab4/install/py_joint_pub/share/colcon-core/packages/py_joint_pub)
[2.662s] Level 1:colcon.colcon_core.shell:create_environment_hook('wall_description', 'pythonpath_develop')
[2.663s] INFO:colcon.colcon_core.shell:Creating environment hook '/home/min/a/ecorream/ece569-fall2025/Lab4/build/wall_description/share/wall_description/hook/pythonpath_develop.ps1'
[2.664s] INFO:colcon.colcon_core.shell:Creating environment descriptor '/home/min/a/ecorream/ece569-fall2025/Lab4/build/wall_description/share/wall_description/hook/pythonpath_develop.dsv'
[2.665s] DEBUG:colcon.colcon_core.event_handler.log_command:Invoked command in '/home/min/a/ecorream/ece569-fall2025/Lab4/build/wall_description' returned '0': PYTHONPATH=/home/min/a/ecorream/ece569-fall2025/Lab4/build/wall_description/prefix_override:/usr/lib/python3/dist-packages/colcon_core/task/python/colcon_distutils_commands:/home/min/a/ecorream/ece569-fall2025/Lab4/install/wall_description/lib/python3.10/site-packages:${PYTHONPATH} /usr/bin/python3 -W ignore:setup.py install is deprecated -W ignore:easy_install command is deprecated setup.py develop --editable --build-directory /home/min/a/ecorream/ece569-fall2025/Lab4/build/wall_description/build --no-deps symlink_data
[2.665s] INFO:colcon.colcon_core.shell:Creating environment hook '/home/min/a/ecorream/ece569-fall2025/Lab4/build/wall_description/share/wall_description/hook/pythonpath_develop.sh'
[2.666s] Level 1:colcon.colcon_core.environment:checking '/home/min/a/ecorream/ece569-fall2025/Lab4/install/wall_description' for CMake module files
[2.667s] Level 1:colcon.colcon_core.environment:checking '/home/min/a/ecorream/ece569-fall2025/Lab4/install/wall_description' for CMake config files
[2.670s] Level 1:colcon.colcon_core.environment:checking '/home/min/a/ecorream/ece569-fall2025/Lab4/install/wall_description/lib'
[2.670s] Level 1:colcon.colcon_core.environment:checking '/home/min/a/ecorream/ece569-fall2025/Lab4/install/wall_description/bin'
[2.671s] Level 1:colcon.colcon_core.environment:checking '/home/min/a/ecorream/ece569-fall2025/Lab4/install/wall_description/lib/pkgconfig/wall_description.pc'
[2.671s] Level 1:colcon.colcon_core.environment:checking '/home/min/a/ecorream/ece569-fall2025/Lab4/install/wall_description/lib/python3.10/site-packages'
[2.671s] Level 1:colcon.colcon_core.shell:create_environment_hook('wall_description', 'pythonpath')
[2.671s] INFO:colcon.colcon_core.shell:Creating environment hook '/home/min/a/ecorream/ece569-fall2025/Lab4/install/wall_description/share/wall_description/hook/pythonpath.ps1'
[2.672s] INFO:colcon.colcon_core.shell:Creating environment descriptor '/home/min/a/ecorream/ece569-fall2025/Lab4/install/wall_description/share/wall_description/hook/pythonpath.dsv'
[2.673s] INFO:colcon.colcon_core.shell:Creating environment hook '/home/min/a/ecorream/ece569-fall2025/Lab4/install/wall_description/share/wall_description/hook/pythonpath.sh'
[2.675s] Level 1:colcon.colcon_core.environment:checking '/home/min/a/ecorream/ece569-fall2025/Lab4/install/wall_description/bin'
[2.675s] Level 1:colcon.colcon_core.environment:create_environment_scripts_only(wall_description)
[2.675s] INFO:colcon.colcon_core.shell:Creating package script '/home/min/a/ecorream/ece569-fall2025/Lab4/install/wall_description/share/wall_description/package.ps1'
[2.676s] INFO:colcon.colcon_core.shell:Creating package descriptor '/home/min/a/ecorream/ece569-fall2025/Lab4/install/wall_description/share/wall_description/package.dsv'
[2.677s] INFO:colcon.colcon_core.shell:Creating package script '/home/min/a/ecorream/ece569-fall2025/Lab4/install/wall_description/share/wall_description/package.sh'
[2.678s] INFO:colcon.colcon_core.shell:Creating package script '/home/min/a/ecorream/ece569-fall2025/Lab4/install/wall_description/share/wall_description/package.bash'
[2.679s] INFO:colcon.colcon_core.shell:Creating package script '/home/min/a/ecorream/ece569-fall2025/Lab4/install/wall_description/share/wall_description/package.zsh'
[2.680s] Level 1:colcon.colcon_core.environment:create_file_with_runtime_dependencies(/home/min/a/ecorream/ece569-fall2025/Lab4/install/wall_description/share/colcon-core/packages/wall_description)
[2.681s] Level 1:colcon.colcon_core.shell:create_environment_hook('msee22_description', 'pythonpath_develop')
[2.681s] INFO:colcon.colcon_core.shell:Creating environment hook '/home/min/a/ecorream/ece569-fall2025/Lab4/build/msee22_description/share/msee22_description/hook/pythonpath_develop.ps1'
[2.682s] INFO:colcon.colcon_core.shell:Creating environment descriptor '/home/min/a/ecorream/ece569-fall2025/Lab4/build/msee22_description/share/msee22_description/hook/pythonpath_develop.dsv'
[2.683s] DEBUG:colcon.colcon_core.event_handler.log_command:Invoked command in '/home/min/a/ecorream/ece569-fall2025/Lab4/build/msee22_description' returned '0': PYTHONPATH=/home/min/a/ecorream/ece569-fall2025/Lab4/build/msee22_description/prefix_override:/usr/lib/python3/dist-packages/colcon_core/task/python/colcon_distutils_commands:/home/min/a/ecorream/ece569-fall2025/Lab4/install/msee22_description/lib/python3.10/site-packages:${PYTHONPATH} /usr/bin/python3 -W ignore:setup.py install is deprecated -W ignore:easy_install command is deprecated setup.py develop --editable --build-directory /home/min/a/ecorream/ece569-fall2025/Lab4/build/msee22_description/build --no-deps symlink_data
[2.684s] INFO:colcon.colcon_core.shell:Creating environment hook '/home/min/a/ecorream/ece569-fall2025/Lab4/build/msee22_description/share/msee22_description/hook/pythonpath_develop.sh'
[2.685s] Level 1:colcon.colcon_core.environment:checking '/home/min/a/ecorream/ece569-fall2025/Lab4/install/msee22_description' for CMake module files
[2.686s] Level 1:colcon.colcon_core.environment:checking '/home/min/a/ecorream/ece569-fall2025/Lab4/install/msee22_description' for CMake config files
[2.689s] Level 1:colcon.colcon_core.environment:checking '/home/min/a/ecorream/ece569-fall2025/Lab4/install/msee22_description/lib'
[2.689s] Level 1:colcon.colcon_core.environment:checking '/home/min/a/ecorream/ece569-fall2025/Lab4/install/msee22_description/bin'
[2.689s] Level 1:colcon.colcon_core.environment:checking '/home/min/a/ecorream/ece569-fall2025/Lab4/install/msee22_description/lib/pkgconfig/msee22_description.pc'
[2.689s] Level 1:colcon.colcon_core.environment:checking '/home/min/a/ecorream/ece569-fall2025/Lab4/install/msee22_description/lib/python3.10/site-packages'
[2.689s] Level 1:colcon.colcon_core.shell:create_environment_hook('msee22_description', 'pythonpath')
[2.690s] INFO:colcon.colcon_core.shell:Creating environment hook '/home/min/a/ecorream/ece569-fall2025/Lab4/install/msee22_description/share/msee22_description/hook/pythonpath.ps1'
[2.691s] INFO:colcon.colcon_core.shell:Creating environment descriptor '/home/min/a/ecorream/ece569-fall2025/Lab4/install/msee22_description/share/msee22_description/hook/pythonpath.dsv'
[2.692s] INFO:colcon.colcon_core.shell:Creating environment hook '/home/min/a/ecorream/ece569-fall2025/Lab4/install/msee22_description/share/msee22_description/hook/pythonpath.sh'
[2.693s] Level 1:colcon.colcon_core.environment:checking '/home/min/a/ecorream/ece569-fall2025/Lab4/install/msee22_description/bin'
[2.693s] Level 1:colcon.colcon_core.environment:create_environment_scripts_only(msee22_description)
[2.694s] INFO:colcon.colcon_core.shell:Creating package script '/home/min/a/ecorream/ece569-fall2025/Lab4/install/msee22_description/share/msee22_description/package.ps1'
[2.695s] INFO:colcon.colcon_core.shell:Creating package descriptor '/home/min/a/ecorream/ece569-fall2025/Lab4/install/msee22_description/share/msee22_description/package.dsv'
[2.696s] INFO:colcon.colcon_core.shell:Creating package script '/home/min/a/ecorream/ece569-fall2025/Lab4/install/msee22_description/share/msee22_description/package.sh'
[2.697s] INFO:colcon.colcon_core.shell:Creating package script '/home/min/a/ecorream/ece569-fall2025/Lab4/install/msee22_description/share/msee22_description/package.bash'
[2.698s] INFO:colcon.colcon_core.shell:Creating package script '/home/min/a/ecorream/ece569-fall2025/Lab4/install/msee22_description/share/msee22_description/package.zsh'
[2.699s] Level 1:colcon.colcon_core.environment:create_file_with_runtime_dependencies(/home/min/a/ecorream/ece569-fall2025/Lab4/install/msee22_description/share/colcon-core/packages/msee22_description)
[2.699s] DEBUG:colcon.colcon_parallel_executor.executor.parallel:closing loop
[2.700s] DEBUG:colcon.colcon_parallel_executor.executor.parallel:loop closed
[2.700s] DEBUG:colcon.colcon_parallel_executor.executor.parallel:run_until_complete finished with '0'
[2.700s] DEBUG:colcon.colcon_core.event_reactor:joining thread
[2.708s] INFO:colcon.colcon_core.plugin_system:Skipping extension 'colcon_notification.desktop_notification.terminal_notifier': Not used on non-Darwin systems
[2.708s] INFO:colcon.colcon_core.plugin_system:Skipping extension 'colcon_notification.desktop_notification.win32': Not used on non-Windows systems
[2.708s] INFO:colcon.colcon_notification.desktop_notification:Sending desktop notification using 'notify2'
[2.713s] DEBUG:colcon.colcon_core.event_reactor:joined thread
[2.714s] INFO:colcon.colcon_core.shell:Creating prefix script '/home/min/a/ecorream/ece569-fall2025/Lab4/install/local_setup.ps1'
[2.716s] INFO:colcon.colcon_core.shell:Creating prefix util module '/home/min/a/ecorream/ece569-fall2025/Lab4/install/_local_setup_util_ps1.py'
[2.717s] INFO:colcon.colcon_core.shell:Creating prefix chain script '/home/min/a/ecorream/ece569-fall2025/Lab4/install/setup.ps1'
[2.719s] INFO:colcon.colcon_core.shell:Creating prefix script '/home/min/a/ecorream/ece569-fall2025/Lab4/install/local_setup.sh'
[2.720s] INFO:colcon.colcon_core.shell:Creating prefix util module '/home/min/a/ecorream/ece569-fall2025/Lab4/install/_local_setup_util_sh.py'
[2.722s] INFO:colcon.colcon_core.shell:Creating prefix chain script '/home/min/a/ecorream/ece569-fall2025/Lab4/install/setup.sh'
[2.723s] INFO:colcon.colcon_core.shell:Creating prefix script '/home/min/a/ecorream/ece569-fall2025/Lab4/install/local_setup.bash'
[2.724s] INFO:colcon.colcon_core.shell:Creating prefix chain script '/home/min/a/ecorream/ece569-fall2025/Lab4/install/setup.bash'
[2.726s] INFO:colcon.colcon_core.shell:Creating prefix script '/home/min/a/ecorream/ece569-fall2025/Lab4/install/local_setup.zsh'
[2.727s] INFO:colcon.colcon_core.shell:Creating prefix chain script '/home/min/a/ecorream/ece569-fall2025/Lab4/install/setup.zsh'
