[0.000000] (-) TimerEvent: {}
[0.000258] (msee22_description) JobQueued: {'identifier': 'msee22_description', 'dependencies': OrderedDict()}
[0.000300] (py_joint_pub) JobQueued: {'identifier': 'py_joint_pub', 'dependencies': OrderedDict()}
[0.000322] (table_description) JobQueued: {'identifier': 'table_description', 'dependencies': OrderedDict()}
[0.000339] (wall_description) JobQueued: {'identifier': 'wall_description', 'dependencies': OrderedDict()}
[0.000356] (msee22_description) JobStarted: {'identifier': 'msee22_description'}
[0.011733] (py_joint_pub) JobStarted: {'identifier': 'py_joint_pub'}
[0.020479] (table_description) JobStarted: {'identifier': 'table_description'}
[0.028907] (wall_description) JobStarted: {'identifier': 'wall_description'}
[0.098908] (-) TimerEvent: {}
[0.199195] (-) TimerEvent: {}
[0.299434] (-) TimerEvent: {}
[0.399693] (-) TimerEvent: {}
[0.499957] (-) TimerEvent: {}
[0.600148] (-) TimerEvent: {}
[0.700408] (-) TimerEvent: {}
[0.800682] (-) TimerEvent: {}
[0.900905] (-) TimerEvent: {}
[1.001126] (-) TimerEvent: {}
[1.101320] (-) TimerEvent: {}
[1.201565] (-) TimerEvent: {}
[1.301836] (-) TimerEvent: {}
[1.402105] (-) TimerEvent: {}
[1.502331] (-) TimerEvent: {}
[1.602554] (-) TimerEvent: {}
[1.675695] (table_description) Command: {'cmd': ['/usr/bin/python3', '-W', 'ignore:setup.py install is deprecated', '-W', 'ignore:easy_install command is deprecated', 'setup.py', 'develop', '--editable', '--build-directory', '/home/min/a/ecorream/ece569-fall2025/Lab4/build/table_description/build', '--no-deps', 'symlink_data'], 'cwd': '/home/min/a/ecorream/ece569-fall2025/Lab4/build/table_description', 'env': {'MODULEPATH_PACKAGE': '/package/modulefiles/ecn', 'PROFILEHOME': '', 'LMOD_DIR': '/usr/share/lmod/lmod/libexec', 'MAIL': '/var/spool/mail/ecorream', 'LANGUAGE': '', 'USER': 'ecorream', 'LMOD_PACKAGE_PATH': '/etc/lmod', 'LMOD_COLORIZE': 'yes', 'SSH_AGENT_PID': '3104171', 'XDG_SESSION_TYPE': 'x11', 'LMOD_PKG': '/usr/share/lmod/lmod', 'TLPROFILE': 'xfce', 'KONSOLE_VERSION': '211203', 'SHLVL': '1', 'LD_LIBRARY_PATH': '/opt/ros/humble/opt/rviz_ogre_vendor/lib:/opt/ros/humble/lib/x86_64-linux-gnu:/opt/ros/humble/lib:/opt/thinlinc/lib64:/opt/thinlinc/lib', 'HOME': '/home/min/a/ecorream', 'D_DISABLE_RT_SCREEN_SCALE': '1', 'DESKTOP_SESSION': 'xfce', 'ROS_PYTHON_VERSION': '3', 'SHELL_SESSION_ID': 'd19cd0e04ac545308b9ad930584ca0d0', 'KONSOLE_DBUS_SESSION': '/Sessions/1', 'LC_CTYPE': 'C.UTF-8', 'PCSCTUN_SERVER': '127.0.0.1:5736', 'DBUS_SESSION_BUS_ADDRESS': 'unix:path=/run/user/933642/bus', 'COLORTERM': 'truecolor', 'LMOD_sys': 'Linux', 'KONSOLE_DBUS_WINDOW': '/Windows/1', 'ROS_DISTRO': 'humble', 'LOGNAME': 'ecorream', 'LMOD_AVAIL_STYLE': 'system:<grouped>', 'WINDOWID': '65011719', 'LMOD_VERSION': '6.6', 'SUMO_HOME': '/usr/share/sumo', 'PULSE_SERVER': '127.0.0.1:5735', 'TLPREFIX': '/opt/thinlinc', '_': '/bin/colcon', 'ROS_VERSION': '2', 'XDG_SESSION_CLASS': 'user', 'COLORFGBG': '15;0', 'USERNAME': 'ecorream', 'TERM': 'xterm-256color', 'XDG_SESSION_ID': '29456', 'ROS_LOCALHOST_ONLY': '0', 'PATH': '/opt/ros/humble/bin:/usr/NX/bin:/usr/local/bin:/bin:/usr/bin:/usr/local/sbin:/usr/sbin:/sbin:/usr/opt/bin:/usr/site/ece/bin:/opt/thinlinc/bin:/snap/bin:/home/min/a/ecorream/.dotnet/tools:.:/opt/thinlinc/sbin', 'SESSION_MANAGER': 'local/eceprog2.ecn.purdue.edu:@/tmp/.ICE-unix/3104034,unix/eceprog2.ecn.purdue.edu:/tmp/.ICE-unix/3104034', 'PCSCTUN_COOKIE': '/var/opt/thinlinc/sessions/ecorream/83/pcsctun-cookie', 'LMOD_PREPEND_BLOCK': 'normal', 'LMOD_FULL_SETTARG_SUPPORT': 'no', 'QT_SCALE_FACTOR_ROUNDING_POLICY': 'PassThrough', 'XDG_MENU_PREFIX': 'xfce-', 'XDG_RUNTIME_DIR': '/run/user/933642', 'DISPLAY': ':83.0', 'XDG_CURRENT_DESKTOP': 'XFCE', 'DOTNET_BUNDLE_EXTRACT_BASE_DIR': '/home/min/a/ecorream/.cache/dotnet_bundle_extract', 'XDG_SESSION_DESKTOP': 'xfce', 'XAUTHORITY': '/var/opt/thinlinc/sessions/ecorream/83/Xauthority', 'SSH_AUTH_SOCK': '/tmp/ssh-XXXXXXqyuYJi/agent.3104170', 'ROS_DOMAIN_ID': '40', 'PULSE_COOKIE': '/var/opt/thinlinc/sessions/ecorream/83/pulse-cookie', 'AMENT_PREFIX_PATH': '/opt/ros/humble', 'SHELL': '/bin/bash', 'KRB5CCNAME': '/var/opt/thinlinc/sessions/ecorream/83/krb5cc', 'MODULEPATH_ROOT': '/usr/modulefiles', 'MODULEPATH_LOCAL': '/etc/modulefiles', 'ROS_WS': '/home/min/a/ecorream/ece569-fall2025/Lab3/ws3', 'LMOD_CMD': '/usr/share/lmod/lmod/libexec/lmod', 'KONSOLE_DBUS_SERVICE': ':1.197', 'BASH_ENV': '/usr/share/lmod/lmod/init/bash', 'PWD': '/home/min/a/ecorream/ece569-fall2025/Lab4/build/table_description', 'TLSESSIONDATA': '/var/opt/thinlinc/sessions/ecorream/83', 'XDG_CONFIG_DIRS': '/etc/xdg', 'TOWN': 'Springfield', 'XDG_DATA_DIRS': '/usr/share/gnome:/usr/local/share:/usr/share:/var/lib/snapd/desktop:/usr/share', 'PYTHONPATH': '/home/min/a/ecorream/ece569-fall2025/Lab4/build/table_description/prefix_override:/usr/lib/python3/dist-packages/colcon_core/task/python/colcon_distutils_commands:/home/min/a/ecorream/ece569-fall2025/Lab4/install/table_description/lib/python3.10/site-packages:/opt/ros/humble/lib/python3.10/site-packages:/opt/ros/humble/local/lib/python3.10/dist-packages', 'LMOD_arch': 'x86_64', 'COLCON': '1', 'MANPATH': '/usr/share/lmod/lmod/share/man:::/opt/thinlinc/share/man', 'MODULEPATH': '/etc/lmod/modules:/usr/share/lmod/lmod/modulefiles/:/etc/modulefiles/pkg:/package/modulefiles/ecn/common:/package/modulefiles/ecn/ubuntu', 'MODULESHOME': '/usr/share/lmod/lmod', 'LMOD_SETTARG_CMD': ':'}, 'shell': False}
[1.692195] (py_joint_pub) Command: {'cmd': ['/usr/bin/python3', '-W', 'ignore:setup.py install is deprecated', '-W', 'ignore:easy_install command is deprecated', 'setup.py', 'develop', '--editable', '--build-directory', '/home/min/a/ecorream/ece569-fall2025/Lab4/build/py_joint_pub/build', '--no-deps', 'symlink_data'], 'cwd': '/home/min/a/ecorream/ece569-fall2025/Lab4/build/py_joint_pub', 'env': {'MODULEPATH_PACKAGE': '/package/modulefiles/ecn', 'PROFILEHOME': '', 'LMOD_DIR': '/usr/share/lmod/lmod/libexec', 'MAIL': '/var/spool/mail/ecorream', 'LANGUAGE': '', 'USER': 'ecorream', 'LMOD_PACKAGE_PATH': '/etc/lmod', 'LMOD_COLORIZE': 'yes', 'SSH_AGENT_PID': '3104171', 'XDG_SESSION_TYPE': 'x11', 'LMOD_PKG': '/usr/share/lmod/lmod', 'TLPROFILE': 'xfce', 'KONSOLE_VERSION': '211203', 'SHLVL': '1', 'LD_LIBRARY_PATH': '/opt/ros/humble/opt/rviz_ogre_vendor/lib:/opt/ros/humble/lib/x86_64-linux-gnu:/opt/ros/humble/lib:/opt/thinlinc/lib64:/opt/thinlinc/lib', 'HOME': '/home/min/a/ecorream', 'D_DISABLE_RT_SCREEN_SCALE': '1', 'DESKTOP_SESSION': 'xfce', 'ROS_PYTHON_VERSION': '3', 'SHELL_SESSION_ID': 'd19cd0e04ac545308b9ad930584ca0d0', 'KONSOLE_DBUS_SESSION': '/Sessions/1', 'LC_CTYPE': 'C.UTF-8', 'PCSCTUN_SERVER': '127.0.0.1:5736', 'DBUS_SESSION_BUS_ADDRESS': 'unix:path=/run/user/933642/bus', 'COLORTERM': 'truecolor', 'LMOD_sys': 'Linux', 'KONSOLE_DBUS_WINDOW': '/Windows/1', 'ROS_DISTRO': 'humble', 'LOGNAME': 'ecorream', 'LMOD_AVAIL_STYLE': 'system:<grouped>', 'WINDOWID': '65011719', 'LMOD_VERSION': '6.6', 'SUMO_HOME': '/usr/share/sumo', 'PULSE_SERVER': '127.0.0.1:5735', 'TLPREFIX': '/opt/thinlinc', '_': '/bin/colcon', 'ROS_VERSION': '2', 'XDG_SESSION_CLASS': 'user', 'COLORFGBG': '15;0', 'USERNAME': 'ecorream', 'TERM': 'xterm-256color', 'XDG_SESSION_ID': '29456', 'ROS_LOCALHOST_ONLY': '0', 'PATH': '/opt/ros/humble/bin:/usr/NX/bin:/usr/local/bin:/bin:/usr/bin:/usr/local/sbin:/usr/sbin:/sbin:/usr/opt/bin:/usr/site/ece/bin:/opt/thinlinc/bin:/snap/bin:/home/min/a/ecorream/.dotnet/tools:.:/opt/thinlinc/sbin', 'SESSION_MANAGER': 'local/eceprog2.ecn.purdue.edu:@/tmp/.ICE-unix/3104034,unix/eceprog2.ecn.purdue.edu:/tmp/.ICE-unix/3104034', 'PCSCTUN_COOKIE': '/var/opt/thinlinc/sessions/ecorream/83/pcsctun-cookie', 'LMOD_PREPEND_BLOCK': 'normal', 'LMOD_FULL_SETTARG_SUPPORT': 'no', 'QT_SCALE_FACTOR_ROUNDING_POLICY': 'PassThrough', 'XDG_MENU_PREFIX': 'xfce-', 'XDG_RUNTIME_DIR': '/run/user/933642', 'DISPLAY': ':83.0', 'XDG_CURRENT_DESKTOP': 'XFCE', 'DOTNET_BUNDLE_EXTRACT_BASE_DIR': '/home/min/a/ecorream/.cache/dotnet_bundle_extract', 'XDG_SESSION_DESKTOP': 'xfce', 'XAUTHORITY': '/var/opt/thinlinc/sessions/ecorream/83/Xauthority', 'SSH_AUTH_SOCK': '/tmp/ssh-XXXXXXqyuYJi/agent.3104170', 'ROS_DOMAIN_ID': '40', 'PULSE_COOKIE': '/var/opt/thinlinc/sessions/ecorream/83/pulse-cookie', 'AMENT_PREFIX_PATH': '/opt/ros/humble', 'SHELL': '/bin/bash', 'KRB5CCNAME': '/var/opt/thinlinc/sessions/ecorream/83/krb5cc', 'MODULEPATH_ROOT': '/usr/modulefiles', 'MODULEPATH_LOCAL': '/etc/modulefiles', 'ROS_WS': '/home/min/a/ecorream/ece569-fall2025/Lab3/ws3', 'LMOD_CMD': '/usr/share/lmod/lmod/libexec/lmod', 'KONSOLE_DBUS_SERVICE': ':1.197', 'BASH_ENV': '/usr/share/lmod/lmod/init/bash', 'PWD': '/home/min/a/ecorream/ece569-fall2025/Lab4/build/py_joint_pub', 'TLSESSIONDATA': '/var/opt/thinlinc/sessions/ecorream/83', 'XDG_CONFIG_DIRS': '/etc/xdg', 'TOWN': 'Springfield', 'XDG_DATA_DIRS': '/usr/share/gnome:/usr/local/share:/usr/share:/var/lib/snapd/desktop:/usr/share', 'PYTHONPATH': '/home/min/a/ecorream/ece569-fall2025/Lab4/build/py_joint_pub/prefix_override:/usr/lib/python3/dist-packages/colcon_core/task/python/colcon_distutils_commands:/home/min/a/ecorream/ece569-fall2025/Lab4/install/py_joint_pub/lib/python3.10/site-packages:/opt/ros/humble/lib/python3.10/site-packages:/opt/ros/humble/local/lib/python3.10/dist-packages', 'LMOD_arch': 'x86_64', 'COLCON': '1', 'MANPATH': '/usr/share/lmod/lmod/share/man:::/opt/thinlinc/share/man', 'MODULEPATH': '/etc/lmod/modules:/usr/share/lmod/lmod/modulefiles/:/etc/modulefiles/pkg:/package/modulefiles/ecn/common:/package/modulefiles/ecn/ubuntu', 'MODULESHOME': '/usr/share/lmod/lmod', 'LMOD_SETTARG_CMD': ':'}, 'shell': False}
[1.705832] (-) TimerEvent: {}
[1.705979] (wall_description) Command: {'cmd': ['/usr/bin/python3', '-W', 'ignore:setup.py install is deprecated', '-W', 'ignore:easy_install command is deprecated', 'setup.py', 'develop', '--editable', '--build-directory', '/home/min/a/ecorream/ece569-fall2025/Lab4/build/wall_description/build', '--no-deps', 'symlink_data'], 'cwd': '/home/min/a/ecorream/ece569-fall2025/Lab4/build/wall_description', 'env': {'MODULEPATH_PACKAGE': '/package/modulefiles/ecn', 'PROFILEHOME': '', 'LMOD_DIR': '/usr/share/lmod/lmod/libexec', 'MAIL': '/var/spool/mail/ecorream', 'LANGUAGE': '', 'USER': 'ecorream', 'LMOD_PACKAGE_PATH': '/etc/lmod', 'LMOD_COLORIZE': 'yes', 'SSH_AGENT_PID': '3104171', 'XDG_SESSION_TYPE': 'x11', 'LMOD_PKG': '/usr/share/lmod/lmod', 'TLPROFILE': 'xfce', 'KONSOLE_VERSION': '211203', 'SHLVL': '1', 'LD_LIBRARY_PATH': '/opt/ros/humble/opt/rviz_ogre_vendor/lib:/opt/ros/humble/lib/x86_64-linux-gnu:/opt/ros/humble/lib:/opt/thinlinc/lib64:/opt/thinlinc/lib', 'HOME': '/home/min/a/ecorream', 'D_DISABLE_RT_SCREEN_SCALE': '1', 'DESKTOP_SESSION': 'xfce', 'ROS_PYTHON_VERSION': '3', 'SHELL_SESSION_ID': 'd19cd0e04ac545308b9ad930584ca0d0', 'KONSOLE_DBUS_SESSION': '/Sessions/1', 'LC_CTYPE': 'C.UTF-8', 'PCSCTUN_SERVER': '127.0.0.1:5736', 'DBUS_SESSION_BUS_ADDRESS': 'unix:path=/run/user/933642/bus', 'COLORTERM': 'truecolor', 'LMOD_sys': 'Linux', 'KONSOLE_DBUS_WINDOW': '/Windows/1', 'ROS_DISTRO': 'humble', 'LOGNAME': 'ecorream', 'LMOD_AVAIL_STYLE': 'system:<grouped>', 'WINDOWID': '65011719', 'LMOD_VERSION': '6.6', 'SUMO_HOME': '/usr/share/sumo', 'PULSE_SERVER': '127.0.0.1:5735', 'TLPREFIX': '/opt/thinlinc', '_': '/bin/colcon', 'ROS_VERSION': '2', 'XDG_SESSION_CLASS': 'user', 'COLORFGBG': '15;0', 'USERNAME': 'ecorream', 'TERM': 'xterm-256color', 'XDG_SESSION_ID': '29456', 'ROS_LOCALHOST_ONLY': '0', 'PATH': '/opt/ros/humble/bin:/usr/NX/bin:/usr/local/bin:/bin:/usr/bin:/usr/local/sbin:/usr/sbin:/sbin:/usr/opt/bin:/usr/site/ece/bin:/opt/thinlinc/bin:/snap/bin:/home/min/a/ecorream/.dotnet/tools:.:/opt/thinlinc/sbin', 'SESSION_MANAGER': 'local/eceprog2.ecn.purdue.edu:@/tmp/.ICE-unix/3104034,unix/eceprog2.ecn.purdue.edu:/tmp/.ICE-unix/3104034', 'PCSCTUN_COOKIE': '/var/opt/thinlinc/sessions/ecorream/83/pcsctun-cookie', 'LMOD_PREPEND_BLOCK': 'normal', 'LMOD_FULL_SETTARG_SUPPORT': 'no', 'QT_SCALE_FACTOR_ROUNDING_POLICY': 'PassThrough', 'XDG_MENU_PREFIX': 'xfce-', 'XDG_RUNTIME_DIR': '/run/user/933642', 'DISPLAY': ':83.0', 'XDG_CURRENT_DESKTOP': 'XFCE', 'DOTNET_BUNDLE_EXTRACT_BASE_DIR': '/home/min/a/ecorream/.cache/dotnet_bundle_extract', 'XDG_SESSION_DESKTOP': 'xfce', 'XAUTHORITY': '/var/opt/thinlinc/sessions/ecorream/83/Xauthority', 'SSH_AUTH_SOCK': '/tmp/ssh-XXXXXXqyuYJi/agent.3104170', 'ROS_DOMAIN_ID': '40', 'PULSE_COOKIE': '/var/opt/thinlinc/sessions/ecorream/83/pulse-cookie', 'AMENT_PREFIX_PATH': '/opt/ros/humble', 'SHELL': '/bin/bash', 'KRB5CCNAME': '/var/opt/thinlinc/sessions/ecorream/83/krb5cc', 'MODULEPATH_ROOT': '/usr/modulefiles', 'MODULEPATH_LOCAL': '/etc/modulefiles', 'ROS_WS': '/home/min/a/ecorream/ece569-fall2025/Lab3/ws3', 'LMOD_CMD': '/usr/share/lmod/lmod/libexec/lmod', 'KONSOLE_DBUS_SERVICE': ':1.197', 'BASH_ENV': '/usr/share/lmod/lmod/init/bash', 'PWD': '/home/min/a/ecorream/ece569-fall2025/Lab4/build/wall_description', 'TLSESSIONDATA': '/var/opt/thinlinc/sessions/ecorream/83', 'XDG_CONFIG_DIRS': '/etc/xdg', 'TOWN': 'Springfield', 'XDG_DATA_DIRS': '/usr/share/gnome:/usr/local/share:/usr/share:/var/lib/snapd/desktop:/usr/share', 'PYTHONPATH': '/home/min/a/ecorream/ece569-fall2025/Lab4/build/wall_description/prefix_override:/usr/lib/python3/dist-packages/colcon_core/task/python/colcon_distutils_commands:/home/min/a/ecorream/ece569-fall2025/Lab4/install/wall_description/lib/python3.10/site-packages:/opt/ros/humble/lib/python3.10/site-packages:/opt/ros/humble/local/lib/python3.10/dist-packages', 'LMOD_arch': 'x86_64', 'COLCON': '1', 'MANPATH': '/usr/share/lmod/lmod/share/man:::/opt/thinlinc/share/man', 'MODULEPATH': '/etc/lmod/modules:/usr/share/lmod/lmod/modulefiles/:/etc/modulefiles/pkg:/package/modulefiles/ecn/common:/package/modulefiles/ecn/ubuntu', 'MODULESHOME': '/usr/share/lmod/lmod', 'LMOD_SETTARG_CMD': ':'}, 'shell': False}
[1.712948] (msee22_description) Command: {'cmd': ['/usr/bin/python3', '-W', 'ignore:setup.py install is deprecated', '-W', 'ignore:easy_install command is deprecated', 'setup.py', 'develop', '--editable', '--build-directory', '/home/min/a/ecorream/ece569-fall2025/Lab4/build/msee22_description/build', '--no-deps', 'symlink_data'], 'cwd': '/home/min/a/ecorream/ece569-fall2025/Lab4/build/msee22_description', 'env': {'MODULEPATH_PACKAGE': '/package/modulefiles/ecn', 'PROFILEHOME': '', 'LMOD_DIR': '/usr/share/lmod/lmod/libexec', 'MAIL': '/var/spool/mail/ecorream', 'LANGUAGE': '', 'USER': 'ecorream', 'LMOD_PACKAGE_PATH': '/etc/lmod', 'LMOD_COLORIZE': 'yes', 'SSH_AGENT_PID': '3104171', 'XDG_SESSION_TYPE': 'x11', 'LMOD_PKG': '/usr/share/lmod/lmod', 'TLPROFILE': 'xfce', 'KONSOLE_VERSION': '211203', 'SHLVL': '1', 'LD_LIBRARY_PATH': '/opt/ros/humble/opt/rviz_ogre_vendor/lib:/opt/ros/humble/lib/x86_64-linux-gnu:/opt/ros/humble/lib:/opt/thinlinc/lib64:/opt/thinlinc/lib', 'HOME': '/home/min/a/ecorream', 'D_DISABLE_RT_SCREEN_SCALE': '1', 'DESKTOP_SESSION': 'xfce', 'ROS_PYTHON_VERSION': '3', 'SHELL_SESSION_ID': 'd19cd0e04ac545308b9ad930584ca0d0', 'KONSOLE_DBUS_SESSION': '/Sessions/1', 'LC_CTYPE': 'C.UTF-8', 'PCSCTUN_SERVER': '127.0.0.1:5736', 'DBUS_SESSION_BUS_ADDRESS': 'unix:path=/run/user/933642/bus', 'COLORTERM': 'truecolor', 'LMOD_sys': 'Linux', 'KONSOLE_DBUS_WINDOW': '/Windows/1', 'ROS_DISTRO': 'humble', 'LOGNAME': 'ecorream', 'LMOD_AVAIL_STYLE': 'system:<grouped>', 'WINDOWID': '65011719', 'LMOD_VERSION': '6.6', 'SUMO_HOME': '/usr/share/sumo', 'PULSE_SERVER': '127.0.0.1:5735', 'TLPREFIX': '/opt/thinlinc', '_': '/bin/colcon', 'ROS_VERSION': '2', 'XDG_SESSION_CLASS': 'user', 'COLORFGBG': '15;0', 'USERNAME': 'ecorream', 'TERM': 'xterm-256color', 'XDG_SESSION_ID': '29456', 'ROS_LOCALHOST_ONLY': '0', 'PATH': '/opt/ros/humble/bin:/usr/NX/bin:/usr/local/bin:/bin:/usr/bin:/usr/local/sbin:/usr/sbin:/sbin:/usr/opt/bin:/usr/site/ece/bin:/opt/thinlinc/bin:/snap/bin:/home/min/a/ecorream/.dotnet/tools:.:/opt/thinlinc/sbin', 'SESSION_MANAGER': 'local/eceprog2.ecn.purdue.edu:@/tmp/.ICE-unix/3104034,unix/eceprog2.ecn.purdue.edu:/tmp/.ICE-unix/3104034', 'PCSCTUN_COOKIE': '/var/opt/thinlinc/sessions/ecorream/83/pcsctun-cookie', 'LMOD_PREPEND_BLOCK': 'normal', 'LMOD_FULL_SETTARG_SUPPORT': 'no', 'QT_SCALE_FACTOR_ROUNDING_POLICY': 'PassThrough', 'XDG_MENU_PREFIX': 'xfce-', 'XDG_RUNTIME_DIR': '/run/user/933642', 'DISPLAY': ':83.0', 'XDG_CURRENT_DESKTOP': 'XFCE', 'DOTNET_BUNDLE_EXTRACT_BASE_DIR': '/home/min/a/ecorream/.cache/dotnet_bundle_extract', 'XDG_SESSION_DESKTOP': 'xfce', 'XAUTHORITY': '/var/opt/thinlinc/sessions/ecorream/83/Xauthority', 'SSH_AUTH_SOCK': '/tmp/ssh-XXXXXXqyuYJi/agent.3104170', 'ROS_DOMAIN_ID': '40', 'PULSE_COOKIE': '/var/opt/thinlinc/sessions/ecorream/83/pulse-cookie', 'AMENT_PREFIX_PATH': '/opt/ros/humble', 'SHELL': '/bin/bash', 'KRB5CCNAME': '/var/opt/thinlinc/sessions/ecorream/83/krb5cc', 'MODULEPATH_ROOT': '/usr/modulefiles', 'MODULEPATH_LOCAL': '/etc/modulefiles', 'ROS_WS': '/home/min/a/ecorream/ece569-fall2025/Lab3/ws3', 'LMOD_CMD': '/usr/share/lmod/lmod/libexec/lmod', 'KONSOLE_DBUS_SERVICE': ':1.197', 'BASH_ENV': '/usr/share/lmod/lmod/init/bash', 'PWD': '/home/min/a/ecorream/ece569-fall2025/Lab4/build/msee22_description', 'TLSESSIONDATA': '/var/opt/thinlinc/sessions/ecorream/83', 'XDG_CONFIG_DIRS': '/etc/xdg', 'TOWN': 'Springfield', 'XDG_DATA_DIRS': '/usr/share/gnome:/usr/local/share:/usr/share:/var/lib/snapd/desktop:/usr/share', 'PYTHONPATH': '/home/min/a/ecorream/ece569-fall2025/Lab4/build/msee22_description/prefix_override:/usr/lib/python3/dist-packages/colcon_core/task/python/colcon_distutils_commands:/home/min/a/ecorream/ece569-fall2025/Lab4/install/msee22_description/lib/python3.10/site-packages:/opt/ros/humble/lib/python3.10/site-packages:/opt/ros/humble/local/lib/python3.10/dist-packages', 'LMOD_arch': 'x86_64', 'COLCON': '1', 'MANPATH': '/usr/share/lmod/lmod/share/man:::/opt/thinlinc/share/man', 'MODULEPATH': '/etc/lmod/modules:/usr/share/lmod/lmod/modulefiles/:/etc/modulefiles/pkg:/package/modulefiles/ecn/common:/package/modulefiles/ecn/ubuntu', 'MODULESHOME': '/usr/share/lmod/lmod', 'LMOD_SETTARG_CMD': ':'}, 'shell': False}
[1.805918] (-) TimerEvent: {}
[1.906110] (-) TimerEvent: {}
[1.977982] (table_description) StdoutLine: {'line': b'running develop\n'}
[1.982028] (py_joint_pub) StdoutLine: {'line': b'running develop\n'}
[1.989349] (wall_description) StdoutLine: {'line': b'running develop\n'}
[1.994154] (msee22_description) StdoutLine: {'line': b'running develop\n'}
[2.006176] (-) TimerEvent: {}
[2.106342] (-) TimerEvent: {}
[2.206535] (-) TimerEvent: {}
[2.209053] (table_description) StdoutLine: {'line': b'running egg_info\n'}
[2.209343] (table_description) StdoutLine: {'line': b'writing table_description.egg-info/PKG-INFO\n'}
[2.210395] (table_description) StdoutLine: {'line': b'writing dependency_links to table_description.egg-info/dependency_links.txt\n'}
[2.211181] (table_description) StdoutLine: {'line': b'writing entry points to table_description.egg-info/entry_points.txt\n'}
[2.211917] (table_description) StdoutLine: {'line': b'writing requirements to table_description.egg-info/requires.txt\n'}
[2.212674] (table_description) StdoutLine: {'line': b'writing top-level names to table_description.egg-info/top_level.txt\n'}
[2.212818] (py_joint_pub) StdoutLine: {'line': b'running egg_info\n'}
[2.213019] (py_joint_pub) StdoutLine: {'line': b'writing py_joint_pub.egg-info/PKG-INFO\n'}
[2.214095] (py_joint_pub) StdoutLine: {'line': b'writing dependency_links to py_joint_pub.egg-info/dependency_links.txt\n'}
[2.214912] (py_joint_pub) StdoutLine: {'line': b'writing entry points to py_joint_pub.egg-info/entry_points.txt\n'}
[2.215635] (py_joint_pub) StdoutLine: {'line': b'writing requirements to py_joint_pub.egg-info/requires.txt\n'}
[2.216430] (py_joint_pub) StdoutLine: {'line': b'writing top-level names to py_joint_pub.egg-info/top_level.txt\n'}
[2.216510] (table_description) StdoutLine: {'line': b"reading manifest file 'table_description.egg-info/SOURCES.txt'\n"}
[2.218257] (table_description) StdoutLine: {'line': b"writing manifest file 'table_description.egg-info/SOURCES.txt'\n"}
[2.219943] (table_description) StdoutLine: {'line': b'running build_ext\n'}
[2.220089] (table_description) StdoutLine: {'line': b'Creating /home/min/a/ecorream/ece569-fall2025/Lab4/install/table_description/lib/python3.10/site-packages/table-description.egg-link (link to .)\n'}
[2.220276] (py_joint_pub) StdoutLine: {'line': b"reading manifest file 'py_joint_pub.egg-info/SOURCES.txt'\n"}
[2.221859] (py_joint_pub) StdoutLine: {'line': b"writing manifest file 'py_joint_pub.egg-info/SOURCES.txt'\n"}
[2.222062] (wall_description) StdoutLine: {'line': b'running egg_info\n'}
[2.222305] (msee22_description) StdoutLine: {'line': b'running egg_info\n'}
[2.222414] (wall_description) StdoutLine: {'line': b'writing wall_description.egg-info/PKG-INFO\n'}
[2.222651] (msee22_description) StdoutLine: {'line': b'writing msee22_description.egg-info/PKG-INFO\n'}
[2.222856] (table_description) StdoutLine: {'line': b'\n'}
[2.222908] (table_description) StdoutLine: {'line': b'Installed /home/min/a/ecorream/ece569-fall2025/Lab4/build/table_description\n'}
[2.223263] (table_description) StdoutLine: {'line': b'running symlink_data\n'}
[2.223439] (wall_description) StdoutLine: {'line': b'writing dependency_links to wall_description.egg-info/dependency_links.txt\n'}
[2.223728] (py_joint_pub) StdoutLine: {'line': b'running build_ext\n'}
[2.223808] (msee22_description) StdoutLine: {'line': b'writing dependency_links to msee22_description.egg-info/dependency_links.txt\n'}
[2.223900] (py_joint_pub) StdoutLine: {'line': b'Creating /home/min/a/ecorream/ece569-fall2025/Lab4/install/py_joint_pub/lib/python3.10/site-packages/py-joint-pub.egg-link (link to .)\n'}
[2.224223] (wall_description) StdoutLine: {'line': b'writing entry points to wall_description.egg-info/entry_points.txt\n'}
[2.224592] (msee22_description) StdoutLine: {'line': b'writing entry points to msee22_description.egg-info/entry_points.txt\n'}
[2.224989] (wall_description) StdoutLine: {'line': b'writing requirements to wall_description.egg-info/requires.txt\n'}
[2.225370] (msee22_description) StdoutLine: {'line': b'writing requirements to msee22_description.egg-info/requires.txt\n'}
[2.225811] (wall_description) StdoutLine: {'line': b'writing top-level names to wall_description.egg-info/top_level.txt\n'}
[2.226132] (msee22_description) StdoutLine: {'line': b'writing top-level names to msee22_description.egg-info/top_level.txt\n'}
[2.226441] (py_joint_pub) StdoutLine: {'line': b'Installing csv script to /home/min/a/ecorream/ece569-fall2025/Lab4/install/py_joint_pub/lib/py_joint_pub\n'}
[2.228129] (py_joint_pub) StdoutLine: {'line': b'\n'}
[2.228183] (py_joint_pub) StdoutLine: {'line': b'Installed /home/min/a/ecorream/ece569-fall2025/Lab4/build/py_joint_pub\n'}
[2.228527] (py_joint_pub) StdoutLine: {'line': b'running symlink_data\n'}
[2.229736] (wall_description) StdoutLine: {'line': b"reading manifest file 'wall_description.egg-info/SOURCES.txt'\n"}
[2.229888] (msee22_description) StdoutLine: {'line': b"reading manifest file 'msee22_description.egg-info/SOURCES.txt'\n"}
[2.231393] (wall_description) StdoutLine: {'line': b"writing manifest file 'wall_description.egg-info/SOURCES.txt'\n"}
[2.231524] (msee22_description) StdoutLine: {'line': b"writing manifest file 'msee22_description.egg-info/SOURCES.txt'\n"}
[2.233075] (wall_description) StdoutLine: {'line': b'running build_ext\n'}
[2.233174] (msee22_description) StdoutLine: {'line': b'running build_ext\n'}
[2.233266] (wall_description) StdoutLine: {'line': b'Creating /home/min/a/ecorream/ece569-fall2025/Lab4/install/wall_description/lib/python3.10/site-packages/wall-description.egg-link (link to .)\n'}
[2.233345] (msee22_description) StdoutLine: {'line': b'Creating /home/min/a/ecorream/ece569-fall2025/Lab4/install/msee22_description/lib/python3.10/site-packages/msee22-description.egg-link (link to .)\n'}
[2.235804] (wall_description) StdoutLine: {'line': b'\n'}
[2.235880] (wall_description) StdoutLine: {'line': b'Installed /home/min/a/ecorream/ece569-fall2025/Lab4/build/wall_description\n'}
[2.235973] (msee22_description) StdoutLine: {'line': b'\n'}
[2.236030] (msee22_description) StdoutLine: {'line': b'Installed /home/min/a/ecorream/ece569-fall2025/Lab4/build/msee22_description\n'}
[2.236202] (wall_description) StdoutLine: {'line': b'running symlink_data\n'}
[2.236283] (msee22_description) StdoutLine: {'line': b'running symlink_data\n'}
[2.247129] (table_description) CommandEnded: {'returncode': 0}
[2.271360] (table_description) JobEnded: {'identifier': 'table_description', 'rc': 0}
[2.274516] (py_joint_pub) CommandEnded: {'returncode': 0}
[2.294412] (py_joint_pub) JobEnded: {'identifier': 'py_joint_pub', 'rc': 0}
[2.297094] (msee22_description) CommandEnded: {'returncode': 0}
[2.306610] (-) TimerEvent: {}
[2.315554] (msee22_description) JobEnded: {'identifier': 'msee22_description', 'rc': 0}
[2.318293] (wall_description) CommandEnded: {'returncode': 0}
[2.335831] (wall_description) JobEnded: {'identifier': 'wall_description', 'rc': 0}
[2.338216] (-) EventReactorShutdown: {}
