[1.822s] Invoking command in '/home/min/a/ecorream/ece569-fall2025/Lab4/build/py_joint_pub': PYTHONPATH=/home/min/a/ecorream/ece569-fall2025/Lab4/build/py_joint_pub/prefix_override:/usr/lib/python3/dist-packages/colcon_core/task/python/colcon_distutils_commands:/home/min/a/ecorream/ece569-fall2025/Lab4/install/py_joint_pub/lib/python3.10/site-packages:${PYTHONPATH} /usr/bin/python3 -W ignore:setup.py install is deprecated -W ignore:easy_install command is deprecated setup.py develop --editable --build-directory /home/min/a/ecorream/ece569-fall2025/Lab4/build/py_joint_pub/build --no-deps symlink_data
[2.091s] running develop
[2.316s] running egg_info
[2.316s] creating py_joint_pub.egg-info
[2.317s] writing py_joint_pub.egg-info/PKG-INFO
[2.320s] writing dependency_links to py_joint_pub.egg-info/dependency_links.txt
[2.322s] writing entry points to py_joint_pub.egg-info/entry_points.txt
[2.323s] writing requirements to py_joint_pub.egg-info/requires.txt
[2.324s] writing top-level names to py_joint_pub.egg-info/top_level.txt
[2.327s] writing manifest file 'py_joint_pub.egg-info/SOURCES.txt'
[2.331s] reading manifest file 'py_joint_pub.egg-info/SOURCES.txt'
[2.333s] writing manifest file 'py_joint_pub.egg-info/SOURCES.txt'
[2.334s] running build_ext
[2.335s] Creating /home/min/a/ecorream/ece569-fall2025/Lab4/install/py_joint_pub/lib/python3.10/site-packages/py-joint-pub.egg-link (link to .)
[2.340s] Installing csv script to /home/min/a/ecorream/ece569-fall2025/Lab4/install/py_joint_pub/lib/py_joint_pub
[2.344s] 
[2.344s] Installed /home/min/a/ecorream/ece569-fall2025/Lab4/build/py_joint_pub
[2.344s] running symlink_data
[2.344s] creating /home/min/a/ecorream/ece569-fall2025/Lab4/install/py_joint_pub/share/ament_index
[2.346s] creating /home/min/a/ecorream/ece569-fall2025/Lab4/install/py_joint_pub/share/ament_index/resource_index
[2.347s] creating /home/min/a/ecorream/ece569-fall2025/Lab4/install/py_joint_pub/share/ament_index/resource_index/packages
[2.351s] symbolically linking /home/min/a/ecorream/ece569-fall2025/Lab4/build/py_joint_pub/resource/py_joint_pub -> /home/min/a/ecorream/ece569-fall2025/Lab4/install/py_joint_pub/share/ament_index/resource_index/packages
[2.351s] symbolically linking /home/min/a/ecorream/ece569-fall2025/Lab4/build/py_joint_pub/package.xml -> /home/min/a/ecorream/ece569-fall2025/Lab4/install/py_joint_pub/share/py_joint_pub
[2.354s] symbolically linking /home/min/a/ecorream/ece569-fall2025/Lab4/build/py_joint_pub/resource/ldihel.csv -> /home/min/a/ecorream/ece569-fall2025/Lab4/install/py_joint_pub/share/py_joint_pub
[2.356s] symbolically linking /home/min/a/ecorream/ece569-fall2025/Lab4/build/py_joint_pub/resource/ldihel_bonus.csv -> /home/min/a/ecorream/ece569-fall2025/Lab4/install/py_joint_pub/share/py_joint_pub
[2.434s] Invoked command in '/home/min/a/ecorream/ece569-fall2025/Lab4/build/py_joint_pub' returned '0': PYTHONPATH=/home/min/a/ecorream/ece569-fall2025/Lab4/build/py_joint_pub/prefix_override:/usr/lib/python3/dist-packages/colcon_core/task/python/colcon_distutils_commands:/home/min/a/ecorream/ece569-fall2025/Lab4/install/py_joint_pub/lib/python3.10/site-packages:${PYTHONPATH} /usr/bin/python3 -W ignore:setup.py install is deprecated -W ignore:easy_install command is deprecated setup.py develop --editable --build-directory /home/min/a/ecorream/ece569-fall2025/Lab4/build/py_joint_pub/build --no-deps symlink_data
